 handmade

 Timestamp is 6036e887 (Wed Feb 24 19:00:07 2021)

 Preferred load address is 0000000180000000

 Start         Length     Name                   Class
 0001:00000000 000b7a80H .text$mn                CODE
 0001:000b7a80 00001020H .text$mn$00             CODE
 0001:000b8aa0 00002043H .text$x                 CODE
 0002:00000000 00000110H .CRT$XCA                DATA
 0002:00000110 00000110H .CRT$XCZ                DATA
 0002:00000220 00000110H .CRT$XIA                DATA
 0002:00000330 00000130H .CRT$XIC                DATA
 0002:00000460 00000110H .CRT$XIZ                DATA
 0002:00000570 00000110H .CRT$XPA                DATA
 0002:00000680 00000120H .CRT$XPX                DATA
 0002:000007a0 00000110H .CRT$XPXA               DATA
 0002:000008b0 00000110H .CRT$XPZ                DATA
 0002:000009c0 00000110H .CRT$XTA                DATA
 0002:00000ad0 00000110H .CRT$XTZ                DATA
 0002:00000be0 00025138H .rdata                  DATA
 0002:00025d18 0000060cH .rdata$r                DATA
 0002:00026324 00000184H .rdata$zzzdbg           DATA
 0002:000264a8 00000110H .rtc$IAA                DATA
 0002:000265b8 00000110H .rtc$IZZ                DATA
 0002:000266c8 00000110H .rtc$TAA                DATA
 0002:000267d8 00000118H .rtc$TZZ                DATA
 0002:000268f0 00006c00H .xdata                  DATA
 0002:0002d4f0 000001a0H .xdata$x                DATA
 0002:0002d690 00000187H .edata                  DATA
 0003:00000000 00000de8H .data                   DATA
 0003:00000de8 000002b8H .data$r                 DATA
 0003:000010a0 000021b9H .bss                    DATA
 0004:00000000 00008358H .pdata                  DATA
 0005:00000000 00000390H .idata$5                DATA
 0005:00000390 00000014H .idata$2                DATA
 0005:000003a4 00000014H .idata$3                DATA
 0005:000003b8 00000390H .idata$4                DATA
 0005:00000748 00000809H .idata$6                DATA
 0006:00000000 000002a7H .gfids$y                DATA
 0007:00000000 0000011bH .00cfg                  DATA

  Address         Publics by Value              Rva+Base               Lib:Object

 0000:00000000       __guard_longjmp_count      0000000000000000     <absolute>
 0000:00000000       ___safe_se_handler_count   0000000000000000     <absolute>
 0000:00000000       __guard_iat_table          0000000000000000     <absolute>
 0000:00000000       __guard_fids_count         0000000000000000     <absolute>
 0000:00000000       __guard_fids_table         0000000000000000     <absolute>
 0000:00000000       ___safe_se_handler_table   0000000000000000     <absolute>
 0000:00000000       __dynamic_value_reloc_table 0000000000000000     <absolute>
 0000:00000000       __guard_iat_count          0000000000000000     <absolute>
 0000:00000000       __guard_longjmp_table      0000000000000000     <absolute>
 0000:00000100       __guard_flags              0000000000000100     <absolute>
 0000:00000000       __ImageBase                0000000180000000     <linker-defined>
 0001:000059e0       ?GameOutputSound@@YAXPEAUgame_state@@PEAUgame_sound_output_buffer@@H@Z 00000001800069e0 f   handmade.obj
 0001:00005c50       GameUpdateAndRender        0000000180006c50 f   handmade.obj
 0001:00005db0       GameGetSoundSamples        0000000180006db0 f   handmade.obj
 0001:00005ef0       ?GetController@@YAPEAUgame_controller_input@@PEAUgame_input@@I@Z 0000000180006ef0 f i handmade.obj
 0001:00006440       _CRT_INIT                  0000000180007440 f   LIBCMTD:dll_dllmain.obj
 0001:00006480       _DllMainCRTStartup         0000000180007480 f   LIBCMTD:dll_dllmain.obj
 0001:000064d0       ??$__crt_fast_decode_pointer@PEAP6AXXZ@@YAPEAP6AXXZQEAP6AXXZ@Z 00000001800074d0 f i LIBCMTD:utility.obj
 0001:00006520       ??$__crt_fast_encode_pointer@PEAP6AXXZ@@YAPEAP6AXXZQEAP6AXXZ@Z 0000000180007520 f i LIBCMTD:utility.obj
 0001:00006570       ?__crt_rotate_pointer_value@@YA_K_KH@Z 0000000180007570 f i LIBCMTD:utility.obj
 0001:00006590       ?configure_argv@__scrt_narrow_argv_policy@@SAHXZ 0000000180007590 f i LIBCMTD:utility.obj
 0001:00006760       NtCurrentTeb               0000000180007760 f i LIBCMTD:utility.obj
 0001:00006770       __scrt_acquire_startup_lock 0000000180007770 f   LIBCMTD:utility.obj
 0001:000067f0       __scrt_dllmain_after_initialize_c 00000001800077f0 f   LIBCMTD:utility.obj
 0001:00006830       __scrt_dllmain_before_initialize_c 0000000180007830 f   LIBCMTD:utility.obj
 0001:00006860       __scrt_dllmain_crt_thread_attach 0000000180007860 f   LIBCMTD:utility.obj
 0001:000068a0       __scrt_dllmain_crt_thread_detach 00000001800078a0 f   LIBCMTD:utility.obj
 0001:000068c0       __scrt_dllmain_exception_filter 00000001800078c0 f   LIBCMTD:utility.obj
 0001:00006940       __scrt_dllmain_uninitialize_c 0000000180007940 f   LIBCMTD:utility.obj
 0001:00006980       __scrt_dllmain_uninitialize_critical 0000000180007980 f   LIBCMTD:utility.obj
 0001:000069a0       __scrt_initialize_crt      00000001800079a0 f   LIBCMTD:utility.obj
 0001:00006a00       __scrt_initialize_onexit_tables 0000000180007a00 f   LIBCMTD:utility.obj
 0001:00006b40       __scrt_is_nonwritable_in_current_image 0000000180007b40 f   LIBCMTD:utility.obj
 0001:00006bf0       __scrt_release_startup_lock 0000000180007bf0 f   LIBCMTD:utility.obj
 0001:00006c30       __scrt_uninitialize_crt    0000000180007c30 f   LIBCMTD:utility.obj
 0001:00006c80       _onexit                    0000000180007c80 f   LIBCMTD:utility.obj
 0001:00006d30       at_quick_exit              0000000180007d30 f   LIBCMTD:utility.obj
 0001:00006da0       atexit                     0000000180007da0 f   LIBCMTD:utility.obj
 0001:00006de0       __security_init_cookie     0000000180007de0 f   LIBCMTD:gs_support.obj
 0001:00006f40       DllMain                    0000000180007f40 f   LIBCMTD:dll_dllmain_stub.obj
 0001:00006f60       ?__scrt_initialize_type_info@@YAXXZ 0000000180007f60 f   LIBCMTD:tncleanup.obj
 0001:00006f80       ?__scrt_uninitialize_type_info@@YAXXZ 0000000180007f80 f   LIBCMTD:tncleanup.obj
 0001:00006fa0       __local_stdio_printf_options 0000000180007fa0 f i LIBCMTD:default_local_stdio_options.obj
 0001:00006fb0       __local_stdio_scanf_options 0000000180007fb0 f i LIBCMTD:default_local_stdio_options.obj
 0001:00006fc0       __scrt_initialize_default_local_stdio_options 0000000180007fc0 f   LIBCMTD:default_local_stdio_options.obj
 0001:00007020       __scrt_get_dyn_tls_init_callback 0000000180008020 f   LIBCMTD:dyn_tls_init.obj
 0001:00007030       __crt_debugger_hook        0000000180008030 f   LIBCMTD:utility_desktop.obj
 0001:00007050       __scrt_fastfail            0000000180008050 f   LIBCMTD:utility_desktop.obj
 0001:00007250       __scrt_get_show_window_mode 0000000180008250 f   LIBCMTD:utility_desktop.obj
 0001:000072c0       __scrt_initialize_winrt    00000001800082c0 f   LIBCMTD:utility_desktop.obj
 0001:000072d0       __scrt_is_managed_app      00000001800082d0 f   LIBCMTD:utility_desktop.obj
 0001:000073a0       __scrt_set_unhandled_exception_filter 00000001800083a0 f   LIBCMTD:utility_desktop.obj
 0001:000073c0       __scrt_unhandled_exception_filter 00000001800083c0 f   LIBCMTD:utility_desktop.obj
 0001:00007450       _RTC_Initialize            0000000180008450 f   LIBCMTD:_initsect_.obj
 0001:000074b0       _RTC_Terminate             00000001800084b0 f   LIBCMTD:_initsect_.obj
 0001:00007510       _guard_check_icall         0000000180008510 f i LIBCMTD:checkcfg.obj
 0001:00007530       __isa_available_init       0000000180008530 f   LIBCMTD:_cpu_disp_.obj
 0001:00007990       _get_startup_argv_mode     0000000180008990 f   LIBCMTD:argv_mode.obj
 0001:000079a0       __scrt_is_ucrt_dll_in_use  00000001800089a0 f   LIBCMTD:ucrt_detection.obj
 0001:000079d0       _guard_check_icall_nop     00000001800089d0 f i LIBCMTD:guard_support.obj
 0001:000079e0       _guard_icall_checks_enforced 00000001800089e0 f i LIBCMTD:guard_support.obj
 0001:00007a20       __GSHandlerCheck           0000000180008a20 f   LIBCMTD:_gshandler_.obj
 0001:00007a70       __GSHandlerCheckCommon     0000000180008a70 f   LIBCMTD:_gshandler_.obj
 0001:00007bc0       __security_check_cookie    0000000180008bc0 f   LIBCMTD:_amdsecgs_.obj
 0001:00007bf0       __raise_securityfailure    0000000180008bf0 f   LIBCMTD:gs_report.obj
 0001:00007c40       __report_gsfailure         0000000180008c40 f   LIBCMTD:gs_report.obj
 0001:00007d50       __report_rangecheckfailure 0000000180008d50 f   LIBCMTD:gs_report.obj
 0001:00007d70       __report_securityfailure   0000000180008d70 f   LIBCMTD:gs_report.obj
 0001:00007e40       __report_securityfailureEx 0000000180008e40 f   LIBCMTD:gs_report.obj
 0001:0000813e       QueryPerformanceCounter    000000018000913e f   kernel32:KERNEL32.dll
 0001:00008144       GetCurrentProcessId        0000000180009144 f   kernel32:KERNEL32.dll
 0001:0000814a       GetCurrentThreadId         000000018000914a f   kernel32:KERNEL32.dll
 0001:00008150       GetSystemTimeAsFileTime    0000000180009150 f   kernel32:KERNEL32.dll
 0001:00008156       InitializeSListHead        0000000180009156 f   kernel32:KERNEL32.dll
 0001:0000815c       RtlCaptureContext          000000018000915c f   kernel32:KERNEL32.dll
 0001:00008162       RtlLookupFunctionEntry     0000000180009162 f   kernel32:KERNEL32.dll
 0001:00008168       RtlVirtualUnwind           0000000180009168 f   kernel32:KERNEL32.dll
 0001:0000816e       IsDebuggerPresent          000000018000916e f   kernel32:KERNEL32.dll
 0001:00008174       UnhandledExceptionFilter   0000000180009174 f   kernel32:KERNEL32.dll
 0001:0000817a       SetUnhandledExceptionFilter 000000018000917a f   kernel32:KERNEL32.dll
 0001:00008180       GetStartupInfoW            0000000180009180 f   kernel32:KERNEL32.dll
 0001:00008186       IsProcessorFeaturePresent  0000000180009186 f   kernel32:KERNEL32.dll
 0001:0000818c       GetModuleHandleW           000000018000918c f   kernel32:KERNEL32.dll
 0001:00008192       GetCurrentProcess          0000000180009192 f   kernel32:KERNEL32.dll
 0001:00008198       TerminateProcess           0000000180009198 f   kernel32:KERNEL32.dll
 0001:000081a0       __C_specific_handler       00000001800091a0 f   libvcruntimed:_chandler_.obj
 0001:000086f0       __vcrt_initialize          00000001800096f0 f   libvcruntimed:initialization.obj
 0001:00008740       __vcrt_thread_attach       0000000180009740 f   libvcruntimed:initialization.obj
 0001:00008760       __vcrt_thread_detach       0000000180009760 f   libvcruntimed:initialization.obj
 0001:00008780       __vcrt_uninitialize        0000000180009780 f   libvcruntimed:initialization.obj
 0001:000087b0       __vcrt_uninitialize_critical 00000001800097b0 f   libvcruntimed:initialization.obj
 0001:00008820       ??$?RD@__crt_internal_free_policy@@QEBAXQEBD@Z 0000000180009820 f i libvcruntimed:std_type_info.obj
 0001:00008850       ??$?RX@__crt_internal_free_policy@@QEBAXQEBX@Z 0000000180009850 f i libvcruntimed:std_type_info.obj
 0001:00008880       ??$__crt_interlocked_compare_exchange_pointer@$$CBD$$T$$T@@YAPEBDPEDSEBD$$T1@Z 0000000180009880 f i libvcruntimed:std_type_info.obj
 0001:000088d0       ??$__crt_interlocked_compare_exchange_pointer@$$CBDPEAD$$T@@YAPEBDPEDSEBDQEAD$$T@Z 00000001800098d0 f i libvcruntimed:std_type_info.obj
 0001:00008920       ??$__crt_interlocked_read_pointer@$$CBD@@YAPEBDPEDSEBD@Z 0000000180009920 f i libvcruntimed:std_type_info.obj
 0001:00008950       ??0?$__crt_unique_heap_ptr@DU__crt_internal_free_policy@@@@QEAA@QEAD@Z 0000000180009950 f i libvcruntimed:std_type_info.obj
 0001:00008980       ??0?$__crt_unique_heap_ptr@XU__crt_internal_free_policy@@@@QEAA@QEAX@Z 0000000180009980 f i libvcruntimed:std_type_info.obj
 0001:000089b0       ??1?$__crt_unique_heap_ptr@DU__crt_internal_free_policy@@@@QEAA@XZ 00000001800099b0 f i libvcruntimed:std_type_info.obj
 0001:000089d0       ??1?$__crt_unique_heap_ptr@XU__crt_internal_free_policy@@@@QEAA@XZ 00000001800099d0 f i libvcruntimed:std_type_info.obj
 0001:00008a10       ??B?$__crt_unique_heap_ptr@DU__crt_internal_free_policy@@@@QEBA_NXZ 0000000180009a10 f i libvcruntimed:std_type_info.obj
 0001:00008a30       ??B?$__crt_unique_heap_ptr@XU__crt_internal_free_policy@@@@QEBA_NXZ 0000000180009a30 f i libvcruntimed:std_type_info.obj
 0001:00008ac0       ?detach@?$__crt_unique_heap_ptr@XU__crt_internal_free_policy@@@@QEAAPEAXXZ 0000000180009ac0 f i libvcruntimed:std_type_info.obj
 0001:00008b00       ?get@?$__crt_unique_heap_ptr@DU__crt_internal_free_policy@@@@QEBAPEADXZ 0000000180009b00 f i libvcruntimed:std_type_info.obj
 0001:00008b20       ?get@?$__crt_unique_heap_ptr@XU__crt_internal_free_policy@@@@QEBAPEAXXZ 0000000180009b20 f i libvcruntimed:std_type_info.obj
 0001:00008b40       ?is_valid@?$__crt_unique_heap_ptr@DU__crt_internal_free_policy@@@@QEBA_NXZ 0000000180009b40 f i libvcruntimed:std_type_info.obj
 0001:00008b80       ?is_valid@?$__crt_unique_heap_ptr@XU__crt_internal_free_policy@@@@QEBA_NXZ 0000000180009b80 f i libvcruntimed:std_type_info.obj
 0001:00008bc0       ?release@?$__crt_unique_heap_ptr@DU__crt_internal_free_policy@@@@QEAAXXZ 0000000180009bc0 f i libvcruntimed:std_type_info.obj
 0001:00008c00       ?release@?$__crt_unique_heap_ptr@XU__crt_internal_free_policy@@@@QEAAXXZ 0000000180009c00 f i libvcruntimed:std_type_info.obj
 0001:00008c40       __std_type_info_compare    0000000180009c40 f   libvcruntimed:std_type_info.obj
 0001:00008c90       __std_type_info_destroy_list 0000000180009c90 f   libvcruntimed:std_type_info.obj
 0001:00008d00       __std_type_info_hash       0000000180009d00 f   libvcruntimed:std_type_info.obj
 0001:00008de0       __std_type_info_name       0000000180009de0 f   libvcruntimed:std_type_info.obj
 0001:00009170       _local_unwind              000000018000a170 f   libvcruntimed:_jmpuwind_.obj
 0001:000091a0       _NLG_Notify                000000018000a1a0 f   libvcruntimed:_jmpuwind_.obj
 0001:000091c0       __NLG_Dispatch2            000000018000a1c0 f   libvcruntimed:_jmpuwind_.obj
 0001:000091d0       __NLG_Return2              000000018000a1d0 f   libvcruntimed:_jmpuwind_.obj
 0001:000091f0       __except_validate_context_record 000000018000a1f0 f   libvcruntimed:jbcxrval.obj
 0001:00009260       __except_validate_jump_buffer 000000018000a260 f   libvcruntimed:jbcxrval.obj
 0001:000092f0       ??$?RU__vcrt_ptd@@@__crt_internal_free_policy@@QEBAXQEBU__vcrt_ptd@@@Z 000000018000a2f0 f i libvcruntimed:per_thread_data.obj
 0001:00009320       ??0?$__crt_unique_heap_ptr@U__vcrt_ptd@@U__crt_internal_free_policy@@@@QEAA@QEAU__vcrt_ptd@@@Z 000000018000a320 f i libvcruntimed:per_thread_data.obj
 0001:00009380       ??1?$__crt_unique_heap_ptr@U__vcrt_ptd@@U__crt_internal_free_policy@@@@QEAA@XZ 000000018000a380 f i libvcruntimed:per_thread_data.obj
 0001:000093d0       ??B?$__crt_unique_heap_ptr@U__vcrt_ptd@@U__crt_internal_free_policy@@@@QEBA_NXZ 000000018000a3d0 f i libvcruntimed:per_thread_data.obj
 0001:000093f0       ?detach@?$__crt_unique_heap_ptr@U__vcrt_ptd@@U__crt_internal_free_policy@@@@QEAAPEAU__vcrt_ptd@@XZ 000000018000a3f0 f i libvcruntimed:per_thread_data.obj
 0001:00009430       ?get@?$__crt_unique_heap_ptr@U__vcrt_ptd@@U__crt_internal_free_policy@@@@QEBAPEAU__vcrt_ptd@@XZ 000000018000a430 f i libvcruntimed:per_thread_data.obj
 0001:00009450       ?is_valid@?$__crt_unique_heap_ptr@U__vcrt_ptd@@U__crt_internal_free_policy@@@@QEBA_NXZ 000000018000a450 f i libvcruntimed:per_thread_data.obj
 0001:00009490       ?release@?$__crt_unique_heap_ptr@U__vcrt_ptd@@U__crt_internal_free_policy@@@@QEAAXXZ 000000018000a490 f i libvcruntimed:per_thread_data.obj
 0001:00009510       __vcrt_freefls             000000018000a510 f   libvcruntimed:per_thread_data.obj
 0001:00009560       __vcrt_freeptd             000000018000a560 f   libvcruntimed:per_thread_data.obj
 0001:000095e0       __vcrt_getptd              000000018000a5e0 f   libvcruntimed:per_thread_data.obj
 0001:00009610       __vcrt_getptd_noexit       000000018000a610 f   libvcruntimed:per_thread_data.obj
 0001:00009820       __vcrt_initialize_ptd      000000018000a820 f   libvcruntimed:per_thread_data.obj
 0001:00009880       __vcrt_uninitialize_ptd    000000018000a880 f   libvcruntimed:per_thread_data.obj
 0001:000098c0       __vcrt_initialize_locks    000000018000a8c0 f   libvcruntimed:locks.obj
 0001:00009950       __vcrt_lock                000000018000a950 f   libvcruntimed:locks.obj
 0001:00009990       __vcrt_uninitialize_locks  000000018000a990 f   libvcruntimed:locks.obj
 0001:00009a00       __vcrt_unlock              000000018000aa00 f   libvcruntimed:locks.obj
 0001:00009a40       ??$?BX@__crt_fast_encoded_nullptr_t@@QEBAPEAXXZ 000000018000aa40 f i libvcruntimed:winapi_downlevel.obj
 0001:00009a60       ??$__crt_fast_decode_pointer@PEAX@@YAPEAXQEAX@Z 000000018000aa60 f i libvcruntimed:winapi_downlevel.obj
 0001:00009ab0       ??$__crt_fast_encode_pointer@PEAX@@YAPEAXQEAX@Z 000000018000aab0 f i libvcruntimed:winapi_downlevel.obj
 0001:00009b00       ??$__crt_interlocked_compare_exchange_pointer@UHINSTANCE__@@$$T$$T@@YAPEAUHINSTANCE__@@PEDSEAU0@$$T1@Z 000000018000ab00 f i libvcruntimed:winapi_downlevel.obj
 0001:00009b50       ??$__crt_interlocked_compare_exchange_pointer@X$$T$$T@@YAPEAXPEDSEAX$$T1@Z 000000018000ab50 f i libvcruntimed:winapi_downlevel.obj
 0001:00009ba0       ??$__crt_interlocked_exchange_pointer@UHINSTANCE__@@PEAU1@@@YAPEAUHINSTANCE__@@PEDSEAU0@QEAU0@@Z 000000018000aba0 f i libvcruntimed:winapi_downlevel.obj
 0001:00009bc0       ??$__crt_interlocked_exchange_pointer@UHINSTANCE__@@PEAX@@YAPEAUHINSTANCE__@@PEDSEAU0@QEAX@Z 000000018000abc0 f i libvcruntimed:winapi_downlevel.obj
 0001:00009be0       ??$__crt_interlocked_exchange_pointer@XPEAX@@YAPEAXPEDSEAXQEAX@Z 000000018000abe0 f i libvcruntimed:winapi_downlevel.obj
 0001:00009c00       ??$__crt_interlocked_read_pointer@UHINSTANCE__@@@@YAPEAUHINSTANCE__@@PEDSEAU0@@Z 000000018000ac00 f i libvcruntimed:winapi_downlevel.obj
 0001:00009c30       ??$__crt_interlocked_read_pointer@X@@YAPEAXPEDSEAX@Z 000000018000ac30 f i libvcruntimed:winapi_downlevel.obj
 0001:00009c60       ?__crt_fast_encode_pointer@@YA?AU__crt_fast_encoded_nullptr_t@@$$T@Z 000000018000ac60 f i libvcruntimed:winapi_downlevel.obj
 0001:0000a3e0       __vcrt_EventRegister       000000018000b3e0 f   libvcruntimed:winapi_downlevel.obj
 0001:0000a460       __vcrt_EventSetInformation 000000018000b460 f   libvcruntimed:winapi_downlevel.obj
 0001:0000a4e0       __vcrt_EventUnregister     000000018000b4e0 f   libvcruntimed:winapi_downlevel.obj
 0001:0000a540       __vcrt_EventWriteTransfer  000000018000b540 f   libvcruntimed:winapi_downlevel.obj
 0001:0000a5e0       __vcrt_FlsAlloc            000000018000b5e0 f   libvcruntimed:winapi_downlevel.obj
 0001:0000a640       __vcrt_FlsFree             000000018000b640 f   libvcruntimed:winapi_downlevel.obj
 0001:0000a6a0       __vcrt_FlsGetValue         000000018000b6a0 f   libvcruntimed:winapi_downlevel.obj
 0001:0000a700       __vcrt_FlsSetValue         000000018000b700 f   libvcruntimed:winapi_downlevel.obj
 0001:0000a770       __vcrt_InitializeCriticalSectionEx 000000018000b770 f   libvcruntimed:winapi_downlevel.obj
 0001:0000a7f0       __vcrt_initialize_winapi_thunks 000000018000b7f0 f   libvcruntimed:winapi_downlevel.obj
 0001:0000a890       __vcrt_uninitialize_winapi_thunks 000000018000b890 f   libvcruntimed:winapi_downlevel.obj
 0001:0000a950       ??$?B$$A6AXXZ@__crt_fast_encoded_nullptr_t@@QEBAP6AXXZXZ 000000018000b950 f i libvcruntimed:purevirt_data.obj
 0001:0000a970       ??$__crt_fast_encode_pointer@P6AXXZ@@YAP6AXXZQ6AXXZ@Z 000000018000b970 f i libvcruntimed:purevirt_data.obj
 0001:0000a9c0       __vcrt_initialize_pure_virtual_call_handler 000000018000b9c0 f   libvcruntimed:purevirt_data.obj
 0001:0000a9f0       ??$__vcrt_va_start_verify_argument_type@QEBD@@YAXXZ 000000018000b9f0 f i libvcruntimed:undname.obj
 0001:0000aa00       ??0Block@_HeapManager@@QEAA@XZ 000000018000ba00 f i libvcruntimed:undname.obj
 0001:0000aa20       ??0DName@@QEAA@AEAPEBDD@Z  000000018000ba20 f   libvcruntimed:undname.obj
 0001:0000ae40       ??0DName@@QEAA@AEBV0@@Z    000000018000be40 f i libvcruntimed:undname.obj
 0001:0000ae70       ??0DName@@QEAA@D@Z         000000018000be70 f   libvcruntimed:undname.obj
 0001:0000afb0       ??0DName@@QEAA@PEAV0@@Z    000000018000bfb0 f   libvcruntimed:undname.obj
 0001:0000b190       ??0DName@@QEAA@PEBD@Z      000000018000c190 f   libvcruntimed:undname.obj
 0001:0000b2e0       ??0DName@@QEAA@W4DNameStatus@@@Z 000000018000c2e0 f   libvcruntimed:undname.obj
 0001:0000b480       ??0DName@@QEAA@XZ          000000018000c480 f i libvcruntimed:undname.obj
 0001:0000b580       ??0DName@@QEAA@_J@Z        000000018000c580 f   libvcruntimed:undname.obj
 0001:0000b7b0       ??0DName@@QEAA@_K@Z        000000018000c7b0 f   libvcruntimed:undname.obj
 0001:0000b990       ??0DNameNode@@IEAA@XZ      000000018000c990 f   libvcruntimed:undname.obj
 0001:0000b9b0       ??0DNameStatusNode@@AEAA@W4DNameStatus@@@Z 000000018000c9b0 f   libvcruntimed:undname.obj
 0001:0000ba30       ??0Replicator@@QEAA@XZ     000000018000ca30 f i libvcruntimed:undname.obj
 0001:0000ba50       ??0UnDecorator@@QEAA@PEADPEBDHP6APEADJ@ZK@Z 000000018000ca50 f i libvcruntimed:undname.obj
 0001:0000bb50       ??0charNode@@QEAA@D@Z      000000018000cb50 f   libvcruntimed:undname.obj
 0001:0000bba0       ??0pDNameNode@@QEAA@PEAVDName@@@Z 000000018000cba0 f   libvcruntimed:undname.obj
 0001:0000bc40       ??0pairNode@@QEAA@PEAVDNameNode@@0@Z 000000018000cc40 f   libvcruntimed:undname.obj
 0001:0000bcc0       ??0pcharNode@@QEAA@PEBDH@Z 000000018000ccc0 f   libvcruntimed:undname.obj
 0001:0000bdc0       ??2@YAPEAX_KAEAV_HeapManager@@H@Z 000000018000cdc0 f i libvcruntimed:undname.obj
 0001:0000be00       ??4DName@@QEAAAEAV0@AEBV0@@Z 000000018000ce00 f   libvcruntimed:undname.obj
 0001:0000be30       ??4DName@@QEAAAEAV0@D@Z    000000018000ce30 f i libvcruntimed:undname.obj
 0001:0000bf70       ??4DName@@QEAAAEAV0@PEAV0@@Z 000000018000cf70 f   libvcruntimed:undname.obj
 0001:0000c140       ??4DName@@QEAAAEAV0@PEBD@Z 000000018000d140 f   libvcruntimed:undname.obj
 0001:0000c280       ??4DName@@QEAAAEAV0@W4DNameStatus@@@Z 000000018000d280 f   libvcruntimed:undname.obj
 0001:0000c3f0       ??AReplicator@@QEBA?AVDName@@H@Z 000000018000d3f0 f   libvcruntimed:undname.obj
 0001:0000c4a0       ??BUnDecorator@@QEAAPEADXZ 000000018000d4a0 f i libvcruntimed:undname.obj
 0001:0000c8a0       ??H@YA?AVDName@@DAEBV0@@Z  000000018000d8a0 f i libvcruntimed:undname.obj
 0001:0000c8f0       ??H@YA?AVDName@@PEBDAEBV0@@Z 000000018000d8f0 f i libvcruntimed:undname.obj
 0001:0000c940       ??H@YA?AVDName@@W4DNameStatus@@AEBV0@@Z 000000018000d940 f i libvcruntimed:undname.obj
 0001:0000c990       ??HDName@@QEBA?AV0@AEBV0@@Z 000000018000d990 f   libvcruntimed:undname.obj
 0001:0000c9f0       ??HDName@@QEBA?AV0@D@Z     000000018000d9f0 f   libvcruntimed:undname.obj
 0001:0000ca50       ??HDName@@QEBA?AV0@PEAV0@@Z 000000018000da50 f   libvcruntimed:undname.obj
 0001:0000cab0       ??HDName@@QEBA?AV0@PEBD@Z  000000018000dab0 f   libvcruntimed:undname.obj
 0001:0000cb10       ??HDName@@QEBA?AV0@W4DNameStatus@@@Z 000000018000db10 f   libvcruntimed:undname.obj
 0001:0000cb70       ??YDName@@QEAAAEAV0@AEBV0@@Z 000000018000db70 f   libvcruntimed:undname.obj
 0001:0000cc10       ??YDName@@QEAAAEAV0@D@Z    000000018000dc10 f   libvcruntimed:undname.obj
 0001:0000cce0       ??YDName@@QEAAAEAV0@PEAV0@@Z 000000018000dce0 f   libvcruntimed:undname.obj
 0001:0000ce00       ??YDName@@QEAAAEAV0@PEBD@Z 000000018000de00 f   libvcruntimed:undname.obj
 0001:0000cef0       ??YDName@@QEAAAEAV0@W4DNameStatus@@@Z 000000018000def0 f   libvcruntimed:undname.obj
 0001:0000cf80       ??YReplicator@@QEAAAEAV0@AEBVDName@@@Z 000000018000df80 f   libvcruntimed:undname.obj
 0001:0000d070       ??_5DName@@QEAAAEAV0@AEBV0@@Z 000000018000e070 f   libvcruntimed:undname.obj
 0001:0000d0f0       ?Constructor@_HeapManager@@QEAAXP6APEAX_K@ZP6AXPEAX@Z@Z 000000018000e0f0 f i libvcruntimed:undname.obj
 0001:0000d160       ?Destructor@_HeapManager@@QEAAXXZ 000000018000e160 f i libvcruntimed:undname.obj
 0001:0000d200       ?UScore@UnDecorator@@SAPEBDW4Tokens@@@Z 000000018000e200 f   libvcruntimed:undname.obj
 0001:0000d250       ?append@DName@@AEAAXPEAVDNameNode@@@Z 000000018000e250 f   libvcruntimed:undname.obj
 0001:0000d330       ?composeDeclaration@UnDecorator@@CA?AVDName@@AEBV2@@Z 000000018000e330 f i libvcruntimed:undname.obj
 0001:0000fc20       ?dbGetString@DName@@QEBAPEADXZ 0000000180010c20 f   libvcruntimed:undname.obj
 0001:0000fc60       ?doAccessSpecifiers@UnDecorator@@SAHXZ 0000000180010c60 f i libvcruntimed:undname.obj
 0001:0000fca0       ?doAllocationLanguage@UnDecorator@@SAHXZ 0000000180010ca0 f i libvcruntimed:undname.obj
 0001:0000fce0       ?doAllocationModel@UnDecorator@@SAHXZ 0000000180010ce0 f i libvcruntimed:undname.obj
 0001:0000fd20       ?doEcsu@UnDecorator@@SAHXZ 0000000180010d20 f i libvcruntimed:undname.obj
 0001:0000fd60       ?doEllipsis@UnDecorator@@SAHXZ 0000000180010d60 f i libvcruntimed:undname.obj
 0001:0000fda0       ?doFunctionReturns@UnDecorator@@SAHXZ 0000000180010da0 f i libvcruntimed:undname.obj
 0001:0000fde0       ?doMSKeywords@UnDecorator@@SAHXZ 0000000180010de0 f i libvcruntimed:undname.obj
 0001:0000fe20       ?doMemberTypes@UnDecorator@@SAHXZ 0000000180010e20 f i libvcruntimed:undname.obj
 0001:0000fe60       ?doNameOnly@UnDecorator@@SAHXZ 0000000180010e60 f i libvcruntimed:undname.obj
 0001:0000fe70       ?doNoIdentCharCheck@UnDecorator@@SAHXZ 0000000180010e70 f i libvcruntimed:undname.obj
 0001:0000fe80       ?doPchar@DName@@AEAAXPEBDH@Z 0000000180010e80 f   libvcruntimed:undname.obj
 0001:00010070       ?doPtr64@UnDecorator@@SAHXZ 0000000180011070 f i libvcruntimed:undname.obj
 0001:000100b0       ?doRestrictionSpec@UnDecorator@@SAHXZ 00000001800110b0 f i libvcruntimed:undname.obj
 0001:000100f0       ?doThisTypes@UnDecorator@@SAHXZ 00000001800110f0 f i libvcruntimed:undname.obj
 0001:00010130       ?doThrowTypes@UnDecorator@@SAHXZ 0000000180011130 f i libvcruntimed:undname.obj
 0001:00010170       ?doTypeOnly@UnDecorator@@SAHXZ 0000000180011170 f i libvcruntimed:undname.obj
 0001:00010180       ?doUnderScore@UnDecorator@@SAHXZ 0000000180011180 f i libvcruntimed:undname.obj
 0001:000101c0       ?getArgumentList@UnDecorator@@CA?AVDName@@XZ 00000001800111c0 f   libvcruntimed:undname.obj
 0001:000103c0       ?getArgumentTypes@UnDecorator@@CA?AVDName@@XZ 00000001800113c0 f   libvcruntimed:undname.obj
 0001:000105f0       ?getArrayType@UnDecorator@@CA?AVDName@@AEBV2@@Z 00000001800115f0 f i libvcruntimed:undname.obj
 0001:000109a0       ?getBasedType@UnDecorator@@CA?AVDName@@XZ 00000001800119a0 f   libvcruntimed:undname.obj
 0001:00010ad0       ?getBasicDataType@UnDecorator@@CA?AVDName@@AEBV2@@Z 0000000180011ad0 f   libvcruntimed:undname.obj
 0001:000113f0       ?getCallIndex@UnDecorator@@CA?AVDName@@XZ 00000001800123f0 f i libvcruntimed:undname.obj
 0001:00011420       ?getCallingConvention@UnDecorator@@CA?AVDName@@XZ 0000000180012420 f   libvcruntimed:undname.obj
 0001:00011690       ?getDataIndirectType@UnDecorator@@CA?AVDName@@AEBV2@PEBD0H@Z 0000000180012690 f   libvcruntimed:undname.obj
 0001:00012370       ?getDataIndirectType@UnDecorator@@CA?AVDName@@XZ 0000000180013370 f i libvcruntimed:undname.obj
 0001:000123e0       ?getDataType@UnDecorator@@CA?AVDName@@PEAV2@@Z 00000001800133e0 f   libvcruntimed:undname.obj
 0001:000125d0       ?getDecoratedName@UnDecorator@@CA?AVDName@@XZ 00000001800135d0 f   libvcruntimed:undname.obj
 0001:00012ad0       ?getDimension@UnDecorator@@CA?AVDName@@_N@Z 0000000180013ad0 f   libvcruntimed:undname.obj
 0001:00012f10       ?getDispatchTarget@UnDecorator@@CA?AVDName@@XZ 0000000180013f10 f   libvcruntimed:undname.obj
 0001:00013010       ?getDisplacement@UnDecorator@@CA?AVDName@@XZ 0000000180014010 f i libvcruntimed:undname.obj
 0001:00013040       ?getECSUDataType@UnDecorator@@CA?AVDName@@XZ 0000000180014040 f   libvcruntimed:undname.obj
 0001:00013310       ?getECSUName@UnDecorator@@CA?AVDName@@XZ 0000000180014310 f i libvcruntimed:undname.obj
 0001:00013340       ?getEnumType@UnDecorator@@CA?AVDName@@XZ 0000000180014340 f i libvcruntimed:undname.obj
 0001:00013520       ?getExtendedDataIndirectType@UnDecorator@@CA?AVDName@@AEAPEBDAEA_NH@Z 0000000180014520 f   libvcruntimed:undname.obj
 0001:00013910       ?getExternalDataType@UnDecorator@@CA?AVDName@@AEBV2@@Z 0000000180014910 f i libvcruntimed:undname.obj
 0001:00013a10       ?getFunctionIndirectType@UnDecorator@@CA?AVDName@@AEBV2@@Z 0000000180014a10 f   libvcruntimed:undname.obj
 0001:00014110       ?getGuardNumber@UnDecorator@@CA?AVDName@@XZ 0000000180015110 f i libvcruntimed:undname.obj
 0001:00014140       ?getLastChar@DName@@QEBADXZ 0000000180015140 f i libvcruntimed:undname.obj
 0001:000141b0       ?getLastChar@DNameStatusNode@@UEBADXZ 00000001800151b0 f i libvcruntimed:undname.obj
 0001:00014200       ?getLastChar@charNode@@UEBADXZ 0000000180015200 f i libvcruntimed:undname.obj
 0001:00014220       ?getLastChar@pDNameNode@@UEBADXZ 0000000180015220 f i libvcruntimed:undname.obj
 0001:00014270       ?getLastChar@pairNode@@UEBADXZ 0000000180015270 f i libvcruntimed:undname.obj
 0001:00014330       ?getLastChar@pcharNode@@UEBADXZ 0000000180015330 f i libvcruntimed:undname.obj
 0001:00014380       ?getLexicalFrame@UnDecorator@@CA?AVDName@@XZ 0000000180015380 f i libvcruntimed:undname.obj
 0001:000143d0       ?getMemory@_HeapManager@@QEAAPEAX_KH@Z 00000001800153d0 f   libvcruntimed:undname.obj
 0001:000145b0       ?getNumberOfDimensions@UnDecorator@@CAHXZ 00000001800155b0 f   libvcruntimed:undname.obj
 0001:00014720       ?getOperatorName@UnDecorator@@CA?AVDName@@_NPEA_N@Z 0000000180015720 f i libvcruntimed:undname.obj
 0001:00015800       ?getPointerType@UnDecorator@@CA?AVDName@@AEBV2@0@Z 0000000180016800 f i libvcruntimed:undname.obj
 0001:00015860       ?getPointerTypeArray@UnDecorator@@CA?AVDName@@AEBV2@0@Z 0000000180016860 f i libvcruntimed:undname.obj
 0001:000158c0       ?getPrimaryDataType@UnDecorator@@CA?AVDName@@AEBV2@@Z 00000001800168c0 f   libvcruntimed:undname.obj
 0001:00015ee0       ?getPtrRefDataType@UnDecorator@@CA?AVDName@@AEBV2@H@Z 0000000180016ee0 f   libvcruntimed:undname.obj
 0001:00016130       ?getPtrRefType@UnDecorator@@CA?AVDName@@AEBV2@0PEBD@Z 0000000180017130 f   libvcruntimed:undname.obj
 0001:000163d0       ?getReferenceType@UnDecorator@@CA?AVDName@@AEBV2@0PEBD@Z 00000001800173d0 f i libvcruntimed:undname.obj
 0001:00016420       ?getRestrictionSpec@UnDecorator@@CA?AVDName@@XZ 0000000180017420 f   libvcruntimed:undname.obj
 0001:00016620       ?getReturnType@UnDecorator@@CA?AVDName@@PEAV2@@Z 0000000180017620 f   libvcruntimed:undname.obj
 0001:000166a0       ?getScope@UnDecorator@@CA?AVDName@@XZ 00000001800176a0 f   libvcruntimed:undname.obj
 0001:00016e10       ?getScopedName@UnDecorator@@CA?AVDName@@XZ 0000000180017e10 f   libvcruntimed:undname.obj
 0001:00016fd0       ?getSignedDimension@UnDecorator@@CA?AVDName@@XZ 0000000180017fd0 f   libvcruntimed:undname.obj
 0001:00017080       ?getStorageConvention@UnDecorator@@CA?AVDName@@XZ 0000000180018080 f i libvcruntimed:undname.obj
 0001:000170b0       ?getString@DName@@QEBAPEADPEAD0@Z 00000001800180b0 f i libvcruntimed:undname.obj
 0001:00017140       ?getString@DName@@QEBAPEADPEADH@Z 0000000180018140 f i libvcruntimed:undname.obj
 0001:00017220       ?getString@DNameStatusNode@@UEBAPEADPEAD0@Z 0000000180018220 f i libvcruntimed:undname.obj
 0001:00017280       ?getString@charNode@@UEBAPEADPEAD0@Z 0000000180018280 f i libvcruntimed:undname.obj
 0001:000172d0       ?getString@pDNameNode@@UEBAPEADPEAD0@Z 00000001800182d0 f i libvcruntimed:undname.obj
 0001:00017340       ?getString@pairNode@@UEBAPEADPEAD0@Z 0000000180018340 f i libvcruntimed:undname.obj
 0001:00017430       ?getString@pcharNode@@UEBAPEADPEAD0@Z 0000000180018430 f i libvcruntimed:undname.obj
 0001:00017480       ?getStringEncoding@UnDecorator@@CA?AVDName@@PEADH@Z 0000000180018480 f   libvcruntimed:undname.obj
 0001:00017610       ?getStringHelper@@YAPEADPEAD00H@Z 0000000180018610 f i libvcruntimed:undname.obj
 0001:00017690       ?getSymbolName@UnDecorator@@CA?AVDName@@XZ 0000000180018690 f i libvcruntimed:undname.obj
 0001:00017750       ?getTemplateArgumentList@UnDecorator@@CA?AVDName@@XZ 0000000180018750 f   libvcruntimed:undname.obj
 0001:00017ce0       ?getTemplateConstant@UnDecorator@@CA?AVDName@@XZ 0000000180018ce0 f   libvcruntimed:undname.obj
 0001:00018530       ?getTemplateName@UnDecorator@@CA?AVDName@@_N@Z 0000000180019530 f   libvcruntimed:undname.obj
 0001:00018800       ?getThisType@UnDecorator@@CA?AVDName@@XZ 0000000180019800 f i libvcruntimed:undname.obj
 0001:00018870       ?getThrowTypes@UnDecorator@@CA?AVDName@@XZ 0000000180019870 f   libvcruntimed:undname.obj
 0001:00018990       ?getTypeEncoding@UnDecorator@@CAHXZ 0000000180019990 f i libvcruntimed:undname.obj
 0001:00019810       ?getVCallThunkType@UnDecorator@@CA?AVDName@@XZ 000000018001a810 f i libvcruntimed:undname.obj
 0001:000198b0       ?getVbTableType@UnDecorator@@CA?AVDName@@AEBV2@@Z 000000018001a8b0 f i libvcruntimed:undname.obj
 0001:000198e0       ?getVdispMapType@UnDecorator@@CA?AVDName@@AEBV2@@Z 000000018001a8e0 f i libvcruntimed:undname.obj
 0001:00019990       ?getVfTableType@UnDecorator@@CA?AVDName@@AEBV2@@Z 000000018001a990 f i libvcruntimed:undname.obj
 0001:00019c40       ?getZName@UnDecorator@@CA?AVDName@@_N0@Z 000000018001ac40 f   libvcruntimed:undname.obj
 0001:0001a0d0       ?haveTemplateParameters@UnDecorator@@SAHXZ 000000018001b0d0 f i libvcruntimed:undname.obj
 0001:0001a0e0       ?isArray@DName@@QEBAHXZ    000000018001b0e0 f i libvcruntimed:undname.obj
 0001:0001a100       ?isComArray@DName@@QEBAHXZ 000000018001b100 f i libvcruntimed:undname.obj
 0001:0001a120       ?isEmpty@DName@@QEBAHXZ    000000018001b120 f i libvcruntimed:undname.obj
 0001:0001a160       ?isFull@Replicator@@QEBAHXZ 000000018001b160 f i libvcruntimed:undname.obj
 0001:0001a1a0       ?isNoTE@DName@@QEBAHXZ     000000018001b1a0 f i libvcruntimed:undname.obj
 0001:0001a1c0       ?isPinPtr@DName@@QEBAHXZ   000000018001b1c0 f i libvcruntimed:undname.obj
 0001:0001a1e0       ?isPtrRef@DName@@QEBAHXZ   000000018001b1e0 f i libvcruntimed:undname.obj
 0001:0001a200       ?isUDC@DName@@QEBAHXZ      000000018001b200 f i libvcruntimed:undname.obj
 0001:0001a260       ?isUDTThunk@DName@@QEBAHXZ 000000018001b260 f i libvcruntimed:undname.obj
 0001:0001a2c0       ?isVCallThunk@DName@@QEBAHXZ 000000018001b2c0 f i libvcruntimed:undname.obj
 0001:0001a2e0       ?isValid@DName@@QEBAHXZ    000000018001b2e0 f i libvcruntimed:undname.obj
 0001:0001a330       ?length@DName@@QEBAHXZ     000000018001b330 f i libvcruntimed:undname.obj
 0001:0001a3a0       ?length@DNameStatusNode@@UEBAHXZ 000000018001b3a0 f i libvcruntimed:undname.obj
 0001:0001a3c0       ?length@charNode@@UEBAHXZ  000000018001b3c0 f i libvcruntimed:undname.obj
 0001:0001a3d0       ?length@pDNameNode@@UEBAHXZ 000000018001b3d0 f i libvcruntimed:undname.obj
 0001:0001a420       ?length@pairNode@@UEBAHXZ  000000018001b420 f i libvcruntimed:undname.obj
 0001:0001a500       ?length@pcharNode@@UEBAHXZ 000000018001b500 f i libvcruntimed:undname.obj
 0001:0001a520       ?make@DNameStatusNode@@SAPEAV1@W4DNameStatus@@@Z 000000018001b520 f i libvcruntimed:undname.obj
 0001:0001a5f0       ?setIsArray@DName@@QEAAXXZ 000000018001b5f0 f i libvcruntimed:undname.obj
 0001:0001a610       ?setIsComArray@DName@@QEAAXXZ 000000018001b610 f i libvcruntimed:undname.obj
 0001:0001a630       ?setIsNoTE@DName@@QEAAXXZ  000000018001b630 f i libvcruntimed:undname.obj
 0001:0001a650       ?setIsPinPtr@DName@@QEAAXXZ 000000018001b650 f i libvcruntimed:undname.obj
 0001:0001a670       ?setIsUDC@DName@@QEAAXXZ   000000018001b670 f i libvcruntimed:undname.obj
 0001:0001a6b0       ?setIsVCallThunk@DName@@QEAAXXZ 000000018001b6b0 f i libvcruntimed:undname.obj
 0001:0001a6d0       ?setPtrRef@DName@@QEAAAEAV1@XZ 000000018001b6d0 f i libvcruntimed:undname.obj
 0001:0001a700       ?status@DName@@QEBA?AW4DNameStatus@@XZ 000000018001b700 f i libvcruntimed:undname.obj
 0001:0001a870       __unDName                  000000018001b870 f   libvcruntimed:undname.obj
 0001:0001a970       __unDNameEx                000000018001b970 f   libvcruntimed:undname.obj
 0001:0001aa70       _vsprintf_s_l              000000018001ba70 f i libvcruntimed:undname.obj
 0001:0001ab00       sprintf_s                  000000018001bb00 f i libvcruntimed:undname.obj
 0001:0001ab80       ??$__crt_fast_decode_pointer@P6AXXZ@@YAP6AXXZQ6AXXZ@Z 000000018001bb80 f i libvcruntimed:purevirt.obj
 0001:0001abd0       ??$__crt_interlocked_compare_exchange_pointer@$$A6AXXZ$$T$$T@@YAP6AXXZPEDS6AXXZ$$T1@Z 000000018001bbd0 f i libvcruntimed:purevirt.obj
 0001:0001ac20       ??$__crt_interlocked_exchange_pointer@$$A6AXXZP6AXXZ@@YAP6AXXZPEDS6AXXZQ6AXXZ@Z 000000018001bc20 f i libvcruntimed:purevirt.obj
 0001:0001ac40       ??$__crt_interlocked_read_pointer@$$A6AXXZ@@YAP6AXXZPEDS6AXXZ@Z 000000018001bc40 f i libvcruntimed:purevirt.obj
 0001:0001ac70       _get_purecall_handler      000000018001bc70 f   libvcruntimed:purevirt.obj
 0001:0001aca0       _purecall                  000000018001bca0 f   libvcruntimed:purevirt.obj
 0001:0001acf0       _set_purecall_handler      000000018001bcf0 f   libvcruntimed:purevirt.obj
 0001:0001ad30       _initterm                  000000018001bd30 f   libucrtd:initterm.obj
 0001:0001adb0       _initterm_e                000000018001bdb0 f   libucrtd:initterm.obj
 0001:0001aec0       _seh_filter_dll            000000018001bec0 f   libucrtd:exception_filter.obj
 0001:0001af00       _seh_filter_exe            000000018001bf00 f   libucrtd:exception_filter.obj
 0001:0001b250       ??$?B$$A6AXPEAXK0@Z@__crt_fast_encoded_nullptr_t@@QEBAP6AXPEAXK0@ZXZ 000000018001c250 f i libucrtd:exit.obj
 0001:0001b330       ??$__crt_fast_decode_pointer@P6AXPEAXK0@Z@@YAP6AXPEAXK0@ZQ6AX0K0@Z@Z 000000018001c330 f i libucrtd:exit.obj
 0001:0001b380       ??$__crt_fast_encode_pointer@P6AXPEAXK0@Z@@YAP6AXPEAXK0@ZQ6AX0K0@Z@Z 000000018001c380 f i libucrtd:exit.obj
 0001:0001b3d0       ??$__crt_get_proc_address@P6AXI@Z@@YAP6AXI@ZQEAUHINSTANCE__@@QEBD@Z 000000018001c3d0 f i libucrtd:exit.obj
 0001:0001b400       ??$__crt_interlocked_read@J@@YAJPEDJ@Z 000000018001c400 f i libucrtd:exit.obj
 0001:0001b4e0       ??0?$__crt_unique_handle_t@U__crt_hmodule_traits@@@@QEAA@QEAUHINSTANCE__@@@Z 000000018001c4e0 f i libucrtd:exit.obj
 0001:0001b510       ??1?$__crt_unique_handle_t@U__crt_hmodule_traits@@@@QEAA@XZ 000000018001c510 f i libucrtd:exit.obj
 0001:0001b6b0       ?__acrt_select_exit_lock@@YA?AW4__acrt_lock_id@@XZ 000000018001c6b0 f i libucrtd:exit.obj
 0001:0001b6c0       ?__crt_interlocked_read_32@@YAHPEDH@Z 000000018001c6c0 f i libucrtd:exit.obj
 0001:0001b710       ?close@?$__crt_unique_handle_t@U__crt_hmodule_traits@@@@QEAAXXZ 000000018001c710 f i libucrtd:exit.obj
 0001:0001b760       ?close@__crt_hmodule_traits@@SA_NPEAUHINSTANCE__@@@Z 000000018001c760 f i libucrtd:exit.obj
 0001:0001b8b0       ?get@?$__crt_unique_handle_t@U__crt_hmodule_traits@@@@QEBAPEAUHINSTANCE__@@XZ 000000018001c8b0 f i libucrtd:exit.obj
 0001:0001b8d0       ?get_address_of@?$__crt_unique_handle_t@U__crt_hmodule_traits@@@@QEAAPEAPEAUHINSTANCE__@@XZ 000000018001c8d0 f i libucrtd:exit.obj
 0001:0001b8e0       ?get_invalid_value@__crt_hmodule_traits@@SAPEAUHINSTANCE__@@XZ 000000018001c8e0 f i libucrtd:exit.obj
 0001:0001bb00       _Exit                      000000018001cb00 f   libucrtd:exit.obj
 0001:0001bb30       __acrt_initialize_thread_local_exit_callback 000000018001cb30 f   libucrtd:exit.obj
 0001:0001bb50       _c_exit                    000000018001cb50 f   libucrtd:exit.obj
 0001:0001bb80       _cexit                     000000018001cb80 f   libucrtd:exit.obj
 0001:0001bba0       _exit                      000000018001cba0 f   libucrtd:exit.obj
 0001:0001bbd0       _is_c_termination_complete 000000018001cbd0 f   libucrtd:exit.obj
 0001:0001bbf0       _register_thread_local_exe_atexit_callback 000000018001cbf0 f   libucrtd:exit.obj
 0001:0001bc50       exit                       000000018001cc50 f   libucrtd:exit.obj
 0001:0001bc80       quick_exit                 000000018001cc80 f   libucrtd:exit.obj
 0001:0001bcb0       ??$?RE@__crt_internal_free_policy@@QEBAXQEBE@Z 000000018001ccb0 f i libucrtd:argv_parsing.obj
 0001:0001bce0       ??$?RPEAD@__crt_internal_free_policy@@QEBAXQEBQEAD@Z 000000018001cce0 f i libucrtd:argv_parsing.obj
 0001:0001bd10       ??$?RPEA_W@__crt_internal_free_policy@@QEBAXQEBQEA_W@Z 000000018001cd10 f i libucrtd:argv_parsing.obj
 0001:0001c620       ??$get_module_file_name@$$TAEAY0BAF@DH@?$__crt_char_traits@D@@SAK$$QEA$$TAEAY0BAF@D$$QEAH@Z 000000018001d620 f i libucrtd:argv_parsing.obj
 0001:0001c660       ??$get_module_file_name@$$TAEAY0BAF@_WH@?$__crt_char_traits@_W@@SAK$$QEA$$TAEAY0BAF@_W$$QEAH@Z 000000018001d660 f i libucrtd:argv_parsing.obj
 0001:0001d260       ??$set_program_name@PEAD@?$__crt_char_traits@D@@SAX$$QEAPEAD@Z 000000018001e260 f i libucrtd:argv_parsing.obj
 0001:0001d290       ??$set_program_name@PEA_W@?$__crt_char_traits@_W@@SAX$$QEAPEA_W@Z 000000018001e290 f i libucrtd:argv_parsing.obj
 0001:0001d320       ??0?$__crt_unique_heap_ptr@EU__crt_internal_free_policy@@@@QEAA@QEAE@Z 000000018001e320 f i libucrtd:argv_parsing.obj
 0001:0001d350       ??0?$__crt_unique_heap_ptr@PEADU__crt_internal_free_policy@@@@QEAA@QEAPEAD@Z 000000018001e350 f i libucrtd:argv_parsing.obj
 0001:0001d380       ??0?$__crt_unique_heap_ptr@PEA_WU__crt_internal_free_policy@@@@QEAA@QEAPEA_W@Z 000000018001e380 f i libucrtd:argv_parsing.obj
 0001:0001d3b0       ??1?$__crt_unique_heap_ptr@EU__crt_internal_free_policy@@@@QEAA@XZ 000000018001e3b0 f i libucrtd:argv_parsing.obj
 0001:0001d3d0       ??1?$__crt_unique_heap_ptr@PEADU__crt_internal_free_policy@@@@QEAA@XZ 000000018001e3d0 f i libucrtd:argv_parsing.obj
 0001:0001d3f0       ??1?$__crt_unique_heap_ptr@PEA_WU__crt_internal_free_policy@@@@QEAA@XZ 000000018001e3f0 f i libucrtd:argv_parsing.obj
 0001:0001d410       ??B?$__crt_unique_heap_ptr@EU__crt_internal_free_policy@@@@QEBA_NXZ 000000018001e410 f i libucrtd:argv_parsing.obj
 0001:0001d510       ?detach@?$__crt_unique_heap_ptr@EU__crt_internal_free_policy@@@@QEAAPEAEXZ 000000018001e510 f i libucrtd:argv_parsing.obj
 0001:0001d550       ?detach@?$__crt_unique_heap_ptr@PEADU__crt_internal_free_policy@@@@QEAAPEAPEADXZ 000000018001e550 f i libucrtd:argv_parsing.obj
 0001:0001d590       ?detach@?$__crt_unique_heap_ptr@PEA_WU__crt_internal_free_policy@@@@QEAAPEAPEA_WXZ 000000018001e590 f i libucrtd:argv_parsing.obj
 0001:0001d660       ?get@?$__crt_unique_heap_ptr@EU__crt_internal_free_policy@@@@QEBAPEAEXZ 000000018001e660 f i libucrtd:argv_parsing.obj
 0001:0001d680       ?get@?$__crt_unique_heap_ptr@PEADU__crt_internal_free_policy@@@@QEBAPEAPEADXZ 000000018001e680 f i libucrtd:argv_parsing.obj
 0001:0001d6a0       ?get@?$__crt_unique_heap_ptr@PEA_WU__crt_internal_free_policy@@@@QEBAPEAPEA_WXZ 000000018001e6a0 f i libucrtd:argv_parsing.obj
 0001:0001d6c0       ?get_address_of@?$__crt_unique_heap_ptr@PEADU__crt_internal_free_policy@@@@QEAAPEAPEAPEADXZ 000000018001e6c0 f i libucrtd:argv_parsing.obj
 0001:0001d6d0       ?get_address_of@?$__crt_unique_heap_ptr@PEA_WU__crt_internal_free_policy@@@@QEAAPEAPEAPEA_WXZ 000000018001e6d0 f i libucrtd:argv_parsing.obj
 0001:0001d720       ?is_valid@?$__crt_unique_heap_ptr@EU__crt_internal_free_policy@@@@QEBA_NXZ 000000018001e720 f i libucrtd:argv_parsing.obj
 0001:0001d760       ?release@?$__crt_unique_heap_ptr@EU__crt_internal_free_policy@@@@QEAAXXZ 000000018001e760 f i libucrtd:argv_parsing.obj
 0001:0001d7a0       ?release@?$__crt_unique_heap_ptr@PEADU__crt_internal_free_policy@@@@QEAAXXZ 000000018001e7a0 f i libucrtd:argv_parsing.obj
 0001:0001d7e0       ?release@?$__crt_unique_heap_ptr@PEA_WU__crt_internal_free_policy@@@@QEAAXXZ 000000018001e7e0 f i libucrtd:argv_parsing.obj
 0001:0001d880       __acrt_allocate_buffer_for_argv 000000018001e880 f   libucrtd:argv_parsing.obj
 0001:0001d9e0       _configure_narrow_argv     000000018001e9e0 f   libucrtd:argv_parsing.obj
 0001:0001da00       _configure_wide_argv       000000018001ea00 f   libucrtd:argv_parsing.obj
 0001:0001da20       _set_pgmptr                000000018001ea20 f i libucrtd:argv_parsing.obj
 0001:0001da40       _set_wpgmptr               000000018001ea40 f i libucrtd:argv_parsing.obj
 0001:0001da58       ??$?R_W@__crt_internal_free_policy@@QEBAXQEB_W@Z 000000018001ea58 f i libucrtd:environment_initialization.obj
 0001:0001e19c       ??$get_environment_from_os@$$V@?$__crt_char_traits@D@@SAPEADXZ 000000018001f19c f i libucrtd:environment_initialization.obj
 0001:0001e1a4       ??$get_environment_from_os@$$V@?$__crt_char_traits@_W@@SAPEA_WXZ 000000018001f1a4 f i libucrtd:environment_initialization.obj
 0001:0001e3e4       ??$set_variable_in_environment_nolock@PEADH@?$__crt_char_traits@D@@SAH$$QEAPEAD$$QEAH@Z 000000018001f3e4 f i libucrtd:environment_initialization.obj
 0001:0001e3f0       ??$set_variable_in_environment_nolock@PEA_WH@?$__crt_char_traits@_W@@SAH$$QEAPEA_W$$QEAH@Z 000000018001f3f0 f i libucrtd:environment_initialization.obj
 0001:0001e3fc       ??$tcscpy_s@PEADAEB_KAEAPEAD@?$__crt_char_traits@D@@SAH$$QEAPEADAEB_KAEAPEAD@Z 000000018001f3fc f i libucrtd:environment_initialization.obj
 0001:0001e410       ??$tcscpy_s@PEA_WAEB_KAEAPEA_W@?$__crt_char_traits@_W@@SAH$$QEAPEA_WAEB_KAEAPEA_W@Z 000000018001f410 f i libucrtd:environment_initialization.obj
 0001:0001e424       ??$tcslen@AEAPEAD@?$__crt_char_traits@D@@SA_KAEAPEAD@Z 000000018001f424 f i libucrtd:environment_initialization.obj
 0001:0001e43c       ??$tcslen@AEAPEA_W@?$__crt_char_traits@_W@@SA_KAEAPEA_W@Z 000000018001f43c f i libucrtd:environment_initialization.obj
 0001:0001e454       ??$uninitialize@A6AXAEAPEAPEAD@Z@?$dual_state_global@PEAPEAD@__crt_state_management@@QEAAXA6AXAEAPEAPEAD@Z@Z 000000018001f454 f i libucrtd:environment_initialization.obj
 0001:0001e4a8       ??$uninitialize@A6AXAEAPEAPEA_W@Z@?$dual_state_global@PEAPEA_W@__crt_state_management@@QEAAXA6AXAEAPEAPEA_W@Z@Z 000000018001f4a8 f i libucrtd:environment_initialization.obj
 0001:0001e53c       ??0?$__crt_unique_heap_ptr@_WU__crt_internal_free_policy@@@@QEAA@QEA_W@Z 000000018001f53c f i libucrtd:environment_initialization.obj
 0001:0001e544       ??1?$__crt_unique_heap_ptr@_WU__crt_internal_free_policy@@@@QEAA@XZ 000000018001f544 f i libucrtd:environment_initialization.obj
 0001:0001e56c       ??B?$__crt_unique_heap_ptr@PEADU__crt_internal_free_policy@@@@QEBA_NXZ 000000018001f56c f i libucrtd:environment_initialization.obj
 0001:0001e578       ??B?$__crt_unique_heap_ptr@PEA_WU__crt_internal_free_policy@@@@QEBA_NXZ 000000018001f578 f i libucrtd:environment_initialization.obj
 0001:0001e584       ??B?$__crt_unique_heap_ptr@_WU__crt_internal_free_policy@@@@QEBA_NXZ 000000018001f584 f i libucrtd:environment_initialization.obj
 0001:0001e590       ?__crt_compute_required_transform_buffer_count@@YA_KIQEBD@Z 000000018001f590 f i libucrtd:environment_initialization.obj
 0001:0001e5c0       ?__crt_compute_required_transform_buffer_count@@YA_KIQEB_W@Z 000000018001f5c0 f i libucrtd:environment_initialization.obj
 0001:0001e5fc       ?__crt_transform_string@@YA_KIQEBDQEA_W_K@Z 000000018001f5fc f i libucrtd:environment_initialization.obj
 0001:0001e628       ?__crt_transform_string@@YA_KIQEB_WQEAD_K@Z 000000018001f628 f i libucrtd:environment_initialization.obj
 0001:0001e664       ?detach@?$__crt_unique_heap_ptr@DU__crt_internal_free_policy@@@@QEAAPEADXZ 000000018001f664 f i libucrtd:environment_initialization.obj
 0001:0001e670       ?detach@?$__crt_unique_heap_ptr@_WU__crt_internal_free_policy@@@@QEAAPEA_WXZ 000000018001f670 f i libucrtd:environment_initialization.obj
 0001:0001e67c       ?get@?$__crt_unique_heap_ptr@_WU__crt_internal_free_policy@@@@QEBAPEA_WXZ 000000018001f67c f i libucrtd:environment_initialization.obj
 0001:0001e680       ?get_current_state_index@__crt_state_management@@YA_KXZ 000000018001f680 f i libucrtd:environment_initialization.obj
 0001:0001e6cc       ?initialize@?$dual_state_global@PEAPEAD@__crt_state_management@@QEAAXQEAPEAD@Z 000000018001f6cc f i libucrtd:environment_initialization.obj
 0001:0001e6fc       ?initialize@?$dual_state_global@PEAPEA_W@__crt_state_management@@QEAAXQEAPEA_W@Z 000000018001f6fc f i libucrtd:environment_initialization.obj
 0001:0001e72c       ?is_valid@?$__crt_unique_heap_ptr@PEADU__crt_internal_free_policy@@@@QEBA_NXZ 000000018001f72c f i libucrtd:environment_initialization.obj
 0001:0001e738       ?is_valid@?$__crt_unique_heap_ptr@PEA_WU__crt_internal_free_policy@@@@QEBA_NXZ 000000018001f738 f i libucrtd:environment_initialization.obj
 0001:0001e744       ?is_valid@?$__crt_unique_heap_ptr@_WU__crt_internal_free_policy@@@@QEBA_NXZ 000000018001f744 f i libucrtd:environment_initialization.obj
 0001:0001e75c       ?release@?$__crt_unique_heap_ptr@_WU__crt_internal_free_policy@@@@QEAAXXZ 000000018001f75c f i libucrtd:environment_initialization.obj
 0001:0001e784       ?value@?$dual_state_global@PEAPEAD@__crt_state_management@@QEAAAEAPEAPEADXZ 000000018001f784 f i libucrtd:environment_initialization.obj
 0001:0001e788       ?value@?$dual_state_global@PEAPEA_W@__crt_state_management@@QEAAAEAPEAPEA_WXZ 000000018001f788 f i libucrtd:environment_initialization.obj
 0001:0001e78c       __dcrt_get_or_create_narrow_environment_nolock 000000018001f78c f   libucrtd:environment_initialization.obj
 0001:0001e7d8       __dcrt_get_or_create_wide_environment_nolock 000000018001f7d8 f   libucrtd:environment_initialization.obj
 0001:0001e824       __dcrt_uninitialize_environments_nolock 000000018001f824 f   libucrtd:environment_initialization.obj
 0001:0001e86c       __p__environ               000000018001f86c f   libucrtd:environment_initialization.obj
 0001:0001e878       __p__wenviron              000000018001f878 f   libucrtd:environment_initialization.obj
 0001:0001e884       _get_initial_narrow_environment 000000018001f884 f   libucrtd:environment_initialization.obj
 0001:0001e8e8       _get_initial_wide_environment 000000018001f8e8 f   libucrtd:environment_initialization.obj
 0001:0001e94c       _initialize_narrow_environment 000000018001f94c f   libucrtd:environment_initialization.obj
 0001:0001e954       _initialize_wide_environment 000000018001f954 f   libucrtd:environment_initialization.obj
 0001:0001e95c       _invoke_watson_if_error    000000018001f95c f i libucrtd:environment_initialization.obj
 0001:0001e9a0       ??$?BP6AXXZ@__crt_fast_encoded_nullptr_t@@QEBAPEAP6AXXZXZ 000000018001f9a0 f i libucrtd:onexit.obj
 0001:0001e9c0       ??$?RP6AXXZ@__crt_internal_free_policy@@QEBAXQEBQ6AXXZ@Z 000000018001f9c0 f i libucrtd:onexit.obj
 0001:0001eb90       ??$__crt_fast_encode_pointer@P6AHXZ@@YAP6AHXZQ6AHXZ@Z 000000018001fb90 f i libucrtd:onexit.obj
 0001:0001ed10       ??0?$__crt_unique_heap_ptr@P6AXXZU__crt_internal_free_policy@@@@QEAA@QEAP6AXXZ@Z 000000018001fd10 f i libucrtd:onexit.obj
 0001:0001ed40       ??1?$__crt_unique_heap_ptr@P6AXXZU__crt_internal_free_policy@@@@QEAA@XZ 000000018001fd40 f i libucrtd:onexit.obj
 0001:0001ed60       ??1scoped_global_state_reset@__crt_state_management@@QEAA@XZ 000000018001fd60 f i libucrtd:onexit.obj
 0001:0001f470       ?detach@?$__crt_unique_heap_ptr@P6AXXZU__crt_internal_free_policy@@@@QEAAPEAP6AXXZXZ 0000000180020470 f i libucrtd:onexit.obj
 0001:0001f4b0       ?release@?$__crt_unique_heap_ptr@P6AXXZU__crt_internal_free_policy@@@@QEAAXXZ 00000001800204b0 f i libucrtd:onexit.obj
 0001:0001f4f0       _crt_at_quick_exit         00000001800204f0 f   libucrtd:onexit.obj
 0001:0001f520       _crt_atexit                0000000180020520 f   libucrtd:onexit.obj
 0001:0001f550       _execute_onexit_table      0000000180020550 f   libucrtd:onexit.obj
 0001:0001f5a0       _initialize_onexit_table   00000001800205a0 f   libucrtd:onexit.obj
 0001:0001f640       _register_onexit_function  0000000180020640 f   libucrtd:onexit.obj
 0001:0001fa00       ?initialize@?$dual_state_global@PEAU__crt_locale_data@@@__crt_state_management@@QEAAXQEAU__crt_locale_data@@@Z 0000000180020a00 f i libucrtd:initialization.obj
 0001:0001fa60       __acrt_initialize          0000000180020a60 f   libucrtd:initialization.obj
 0001:0001fa90       __acrt_thread_attach       0000000180020a90 f   libucrtd:initialization.obj
 0001:0001fab0       __acrt_thread_detach       0000000180020ab0 f   libucrtd:initialization.obj
 0001:0001fad0       __acrt_uninitialize        0000000180020ad0 f   libucrtd:initialization.obj
 0001:0001fb10       __acrt_uninitialize_critical 0000000180020b10 f   libucrtd:initialization.obj
 0001:0001fb80       _get_terminate             0000000180020b80 f   libucrtd:terminate.obj
 0001:0001fba0       set_terminate              0000000180020ba0 f   libucrtd:terminate.obj
 0001:0001fbf0       terminate                  0000000180020bf0 f   libucrtd:terminate.obj
 0001:0001fc40       ??0_LocaleUpdate@@QEAA@QEAU__crt_locale_pointers@@@Z 0000000180020c40 f i libucrtd:debug_heap.obj
 0001:0001fdb0       ??1_LocaleUpdate@@QEAA@XZ  0000000180020db0 f i libucrtd:debug_heap.obj
 0001:0001fdf0       ?GetLocaleT@_LocaleUpdate@@QEAAPEAU__crt_locale_pointers@@XZ 0000000180020df0 f i libucrtd:debug_heap.obj
 0001:000225d0       _CrtCheckMemory            00000001800235d0 f   libucrtd:debug_heap.obj
 0001:000227d0       _CrtDoForAllClientObjects  00000001800237d0 f   libucrtd:debug_heap.obj
 0001:00022950       _CrtDumpMemoryLeaks        0000000180023950 f   libucrtd:debug_heap.obj
 0001:00022a40       _CrtGetAllocHook           0000000180023a40 f   libucrtd:debug_heap.obj
 0001:00022a50       _CrtGetDumpClient          0000000180023a50 f   libucrtd:debug_heap.obj
 0001:00022a60       _CrtIsMemoryBlock          0000000180023a60 f   libucrtd:debug_heap.obj
 0001:00022bf0       _CrtIsValidHeapPointer     0000000180023bf0 f   libucrtd:debug_heap.obj
 0001:00022c40       _CrtIsValidPointer         0000000180023c40 f   libucrtd:debug_heap.obj
 0001:00022c80       _CrtMemCheckpoint          0000000180023c80 f   libucrtd:debug_heap.obj
 0001:00022fa0       _CrtMemDifference          0000000180023fa0 f   libucrtd:debug_heap.obj
 0001:000233d0       _CrtMemDumpAllObjectsSince 00000001800243d0 f   libucrtd:debug_heap.obj
 0001:00023440       _CrtMemDumpStatistics      0000000180024440 f   libucrtd:debug_heap.obj
 0001:00023640       _CrtReportBlockType        0000000180024640 f   libucrtd:debug_heap.obj
 0001:00023680       _CrtSetAllocHook           0000000180024680 f   libucrtd:debug_heap.obj
 0001:000236c0       _CrtSetBreakAlloc          00000001800246c0 f   libucrtd:debug_heap.obj
 0001:000236f0       _CrtSetDbgBlockType        00000001800246f0 f   libucrtd:debug_heap.obj
 0001:000237b0       _CrtSetDbgFlag             00000001800247b0 f   libucrtd:debug_heap.obj
 0001:00023960       _CrtSetDumpClient          0000000180024960 f   libucrtd:debug_heap.obj
 0001:000239a0       __acrt_get_locale_data_prefix 00000001800249a0 f i libucrtd:debug_heap.obj
 0001:000239d0       __acrt_locale_changed      00000001800249d0 f i libucrtd:debug_heap.obj
 0001:00023a00       __p__crtBreakAlloc         0000000180024a00 f   libucrtd:debug_heap.obj
 0001:00023a10       __p__crtDbgFlag            0000000180024a10 f   libucrtd:debug_heap.obj
 0001:00023a20       _aligned_free_dbg          0000000180024a20 f   libucrtd:debug_heap.obj
 0001:00023b40       _aligned_malloc_dbg        0000000180024b40 f   libucrtd:debug_heap.obj
 0001:00023b90       _aligned_msize_dbg         0000000180024b90 f   libucrtd:debug_heap.obj
 0001:00023dd0       _aligned_offset_malloc_dbg 0000000180024dd0 f   libucrtd:debug_heap.obj
 0001:00024170       _aligned_offset_realloc_dbg 0000000180025170 f   libucrtd:debug_heap.obj
 0001:00024750       _aligned_offset_recalloc_dbg 0000000180025750 f   libucrtd:debug_heap.obj
 0001:000248b0       _aligned_realloc_dbg       00000001800258b0 f   libucrtd:debug_heap.obj
 0001:00024910       _aligned_recalloc_dbg      0000000180025910 f   libucrtd:debug_heap.obj
 0001:00024980       _calloc_dbg                0000000180025980 f   libucrtd:debug_heap.obj
 0001:00024a40       _chvalidchk_l              0000000180025a40 f i libucrtd:debug_heap.obj
 0001:00024a80       _expand_dbg                0000000180025a80 f   libucrtd:debug_heap.obj
 0001:00024c00       _free_dbg                  0000000180025c00 f   libucrtd:debug_heap.obj
 0001:00024c80       _invoke_watson_if_oneof    0000000180025c80 f i libucrtd:debug_heap.obj
 0001:00024d00       _ischartype_l              0000000180025d00 f i libucrtd:debug_heap.obj
 0001:00024db0       _malloc_dbg                0000000180025db0 f   libucrtd:debug_heap.obj
 0001:00024e00       _msize_dbg                 0000000180025e00 f   libucrtd:debug_heap.obj
 0001:00025000       _realloc_dbg               0000000180026000 f   libucrtd:debug_heap.obj
 0001:00025090       _recalloc_dbg              0000000180026090 f   libucrtd:debug_heap.obj
 0001:000257d0       strcpy_s                   00000001800267d0 f   libucrtd:strcpy_s.obj
 0001:00025820       strcmp                     0000000180026820 f   libucrtd:strcmp.obj
 0001:000258c0       strlen                     00000001800268c0 f   libucrtd:strlen.obj
 0001:000259a0       _set_abort_behavior        00000001800269a0 f   libucrtd:abort.obj
 0001:000259f0       abort                      00000001800269f0 f   libucrtd:abort.obj
 0001:00025a90       ??$?RU?$__crt_report_hook_node@D@@@__crt_internal_free_policy@@QEBAXQEBU?$__crt_report_hook_node@D@@@Z 0000000180026a90 f i libucrtd:dbgrpt.obj
 0001:00025ac0       ??$?RU?$__crt_report_hook_node@_W@@@__crt_internal_free_policy@@QEBAXQEBU?$__crt_report_hook_node@_W@@@Z 0000000180026ac0 f i libucrtd:dbgrpt.obj
 0001:000271a0       ??$get_module_file_name@AEAPEAUHINSTANCE__@@AEAY0BAF@DK@?$__crt_char_traits@D@@SAKAEAPEAUHINSTANCE__@@AEAY0BAF@D$$QEAK@Z 00000001800281a0 f i libucrtd:dbgrpt.obj
 0001:000271e0       ??$get_module_file_name@AEAPEAUHINSTANCE__@@AEAY0BAF@_WK@?$__crt_char_traits@_W@@SAKAEAPEAUHINSTANCE__@@AEAY0BAF@_W$$QEAK@Z 00000001800281e0 f i libucrtd:dbgrpt.obj
 0001:00027220       ??$tcscpy_s@AEAY0BAF@D_KPEBD@?$__crt_char_traits@D@@SAHAEAY0BAF@D$$QEA_K$$QEAPEBD@Z 0000000180028220 f i libucrtd:dbgrpt.obj
 0001:00027260       ??$tcscpy_s@AEAY0BAF@_W_KPEB_W@?$__crt_char_traits@_W@@SAHAEAY0BAF@_W$$QEA_K$$QEAPEB_W@Z 0000000180028260 f i libucrtd:dbgrpt.obj
 0001:000272a0       ??$tcslen@AEAY0BAF@D@?$__crt_char_traits@D@@SA_KAEAY0BAF@D@Z 00000001800282a0 f i libucrtd:dbgrpt.obj
 0001:000272c0       ??$tcslen@AEAY0BAF@_W@?$__crt_char_traits@_W@@SA_KAEAY0BAF@_W@Z 00000001800282c0 f i libucrtd:dbgrpt.obj
 0001:000272e0       ??$tcslen@AEBQEBD@?$__crt_char_traits@D@@SA_KAEBQEBD@Z 00000001800282e0 f i libucrtd:dbgrpt.obj
 0001:00027310       ??$tcslen@AEBQEB_W@?$__crt_char_traits@_W@@SA_KAEBQEB_W@Z 0000000180028310 f i libucrtd:dbgrpt.obj
 0001:00027480       ??0?$__crt_unique_heap_ptr@U?$__crt_report_hook_node@D@@U__crt_internal_free_policy@@@@QEAA@QEAU?$__crt_report_hook_node@D@@@Z 0000000180028480 f i libucrtd:dbgrpt.obj
 0001:000274b0       ??0?$__crt_unique_heap_ptr@U?$__crt_report_hook_node@_W@@U__crt_internal_free_policy@@@@QEAA@QEAU?$__crt_report_hook_node@_W@@@Z 00000001800284b0 f i libucrtd:dbgrpt.obj
 0001:000274e0       ??1?$__crt_unique_heap_ptr@U?$__crt_report_hook_node@D@@U__crt_internal_free_policy@@@@QEAA@XZ 00000001800284e0 f i libucrtd:dbgrpt.obj
 0001:00027500       ??1?$__crt_unique_heap_ptr@U?$__crt_report_hook_node@_W@@U__crt_internal_free_policy@@@@QEAA@XZ 0000000180028500 f i libucrtd:dbgrpt.obj
 0001:00027520       ??B?$__crt_unique_heap_ptr@U?$__crt_report_hook_node@D@@U__crt_internal_free_policy@@@@QEBA_NXZ 0000000180028520 f i libucrtd:dbgrpt.obj
 0001:00027540       ??B?$__crt_unique_heap_ptr@U?$__crt_report_hook_node@_W@@U__crt_internal_free_policy@@@@QEBA_NXZ 0000000180028540 f i libucrtd:dbgrpt.obj
 0001:00027da0       ?detach@?$__crt_unique_heap_ptr@U?$__crt_report_hook_node@D@@U__crt_internal_free_policy@@@@QEAAPEAU?$__crt_report_hook_node@D@@XZ 0000000180028da0 f i libucrtd:dbgrpt.obj
 0001:00027de0       ?detach@?$__crt_unique_heap_ptr@U?$__crt_report_hook_node@_W@@U__crt_internal_free_policy@@@@QEAAPEAU?$__crt_report_hook_node@_W@@XZ 0000000180028de0 f i libucrtd:dbgrpt.obj
 0001:00027e20       ?get@?$__crt_unique_heap_ptr@U?$__crt_report_hook_node@D@@U__crt_internal_free_policy@@@@QEBAPEAU?$__crt_report_hook_node@D@@XZ 0000000180028e20 f i libucrtd:dbgrpt.obj
 0001:00027e40       ?get@?$__crt_unique_heap_ptr@U?$__crt_report_hook_node@_W@@U__crt_internal_free_policy@@@@QEBAPEAU?$__crt_report_hook_node@_W@@XZ 0000000180028e40 f i libucrtd:dbgrpt.obj
 0001:00027ec0       ?is_valid@?$__crt_unique_heap_ptr@U?$__crt_report_hook_node@D@@U__crt_internal_free_policy@@@@QEBA_NXZ 0000000180028ec0 f i libucrtd:dbgrpt.obj
 0001:00027f00       ?is_valid@?$__crt_unique_heap_ptr@U?$__crt_report_hook_node@_W@@U__crt_internal_free_policy@@@@QEBA_NXZ 0000000180028f00 f i libucrtd:dbgrpt.obj
 0001:00027f40       ?release@?$__crt_unique_heap_ptr@U?$__crt_report_hook_node@D@@U__crt_internal_free_policy@@@@QEAAXXZ 0000000180028f40 f i libucrtd:dbgrpt.obj
 0001:00027f80       ?release@?$__crt_unique_heap_ptr@U?$__crt_report_hook_node@_W@@U__crt_internal_free_policy@@@@QEAAXXZ 0000000180028f80 f i libucrtd:dbgrpt.obj
 0001:00027fc0       _CrtDbgReport              0000000180028fc0 f   libucrtd:dbgrpt.obj
 0001:00028060       _CrtDbgReportW             0000000180029060 f   libucrtd:dbgrpt.obj
 0001:00028100       _CrtSetReportHook2         0000000180029100 f   libucrtd:dbgrpt.obj
 0001:00028130       _CrtSetReportHookW2        0000000180029130 f   libucrtd:dbgrpt.obj
 0001:00028160       __acrt_MessageWindowA      0000000180029160 f   libucrtd:dbgrpt.obj
 0001:000281c0       __acrt_MessageWindowW      00000001800291c0 f   libucrtd:dbgrpt.obj
 0001:00028220       _snwprintf_s               0000000180029220 f i libucrtd:dbgrpt.obj
 0001:000282a0       _vsnwprintf_s_l            00000001800292a0 f i libucrtd:dbgrpt.obj
 0001:00028340       ??$?0AEBV?$stream_output_adapter@D@__crt_stdio_output@@AEB_KAEBQEBDAEBQEAU__crt_locale_pointers@@AEBQEAD@?$format_validation_base@DV?$stream_output_adapter@D@__crt_stdio_output@@@__crt_stdio_output@@IEAA@AEBV?$stream_output_adapter@D@1@AEB_KAEBQEBDAEBQEAU__crt_locale_pointers@@AEBQEAD@Z 0000000180029340 f i libucrtd:output.obj
 0001:000283b0       ??$?0AEBV?$stream_output_adapter@D@__crt_stdio_output@@AEB_KAEBQEBDAEBQEAU__crt_locale_pointers@@AEBQEAD@?$positional_parameter_base@DV?$stream_output_adapter@D@__crt_stdio_output@@@__crt_stdio_output@@IEAA@AEBV?$stream_output_adapter@D@1@AEB_KAEBQEBDAEBQEAU__crt_locale_pointers@@AEBQEAD@Z 00000001800293b0 f i libucrtd:output.obj
 0001:00028480       ??$?0AEBV?$stream_output_adapter@D@__crt_stdio_output@@AEB_KAEBQEBDAEBQEAU__crt_locale_pointers@@AEBQEAD@?$standard_base@DV?$stream_output_adapter@D@__crt_stdio_output@@@__crt_stdio_output@@IEAA@AEBV?$stream_output_adapter@D@1@AEB_KAEBQEBDAEBQEAU__crt_locale_pointers@@AEBQEAD@Z 0000000180029480 f i libucrtd:output.obj
 0001:00028510       ??$?0AEBV?$stream_output_adapter@_W@__crt_stdio_output@@AEB_KAEBQEB_WAEBQEAU__crt_locale_pointers@@AEBQEAD@?$format_validation_base@_WV?$stream_output_adapter@_W@__crt_stdio_output@@@__crt_stdio_output@@IEAA@AEBV?$stream_output_adapter@_W@1@AEB_KAEBQEB_WAEBQEAU__crt_locale_pointers@@AEBQEAD@Z 0000000180029510 f i libucrtd:output.obj
 0001:00028580       ??$?0AEBV?$stream_output_adapter@_W@__crt_stdio_output@@AEB_KAEBQEB_WAEBQEAU__crt_locale_pointers@@AEBQEAD@?$positional_parameter_base@_WV?$stream_output_adapter@_W@__crt_stdio_output@@@__crt_stdio_output@@IEAA@AEBV?$stream_output_adapter@_W@1@AEB_KAEBQEB_WAEBQEAU__crt_locale_pointers@@AEBQEAD@Z 0000000180029580 f i libucrtd:output.obj
 0001:00028650       ??$?0AEBV?$stream_output_adapter@_W@__crt_stdio_output@@AEB_KAEBQEB_WAEBQEAU__crt_locale_pointers@@AEBQEAD@?$standard_base@_WV?$stream_output_adapter@_W@__crt_stdio_output@@@__crt_stdio_output@@IEAA@AEBV?$stream_output_adapter@_W@1@AEB_KAEBQEB_WAEBQEAU__crt_locale_pointers@@AEBQEAD@Z 0000000180029650 f i libucrtd:output.obj
 0001:000286e0       ??$?0AEBV?$string_output_adapter@D@__crt_stdio_output@@AEB_KAEBQEBDAEBQEAU__crt_locale_pointers@@AEBQEAD@?$format_validation_base@DV?$string_output_adapter@D@__crt_stdio_output@@@__crt_stdio_output@@IEAA@AEBV?$string_output_adapter@D@1@AEB_KAEBQEBDAEBQEAU__crt_locale_pointers@@AEBQEAD@Z 00000001800296e0 f i libucrtd:output.obj
 0001:00028750       ??$?0AEBV?$string_output_adapter@D@__crt_stdio_output@@AEB_KAEBQEBDAEBQEAU__crt_locale_pointers@@AEBQEAD@?$positional_parameter_base@DV?$string_output_adapter@D@__crt_stdio_output@@@__crt_stdio_output@@IEAA@AEBV?$string_output_adapter@D@1@AEB_KAEBQEBDAEBQEAU__crt_locale_pointers@@AEBQEAD@Z 0000000180029750 f i libucrtd:output.obj
 0001:00028820       ??$?0AEBV?$string_output_adapter@D@__crt_stdio_output@@AEB_KAEBQEBDAEBQEAU__crt_locale_pointers@@AEBQEAD@?$standard_base@DV?$string_output_adapter@D@__crt_stdio_output@@@__crt_stdio_output@@IEAA@AEBV?$string_output_adapter@D@1@AEB_KAEBQEBDAEBQEAU__crt_locale_pointers@@AEBQEAD@Z 0000000180029820 f i libucrtd:output.obj
 0001:000288b0       ??$?0AEBV?$string_output_adapter@_W@__crt_stdio_output@@AEB_KAEBQEB_WAEBQEAU__crt_locale_pointers@@AEBQEAD@?$format_validation_base@_WV?$string_output_adapter@_W@__crt_stdio_output@@@__crt_stdio_output@@IEAA@AEBV?$string_output_adapter@_W@1@AEB_KAEBQEB_WAEBQEAU__crt_locale_pointers@@AEBQEAD@Z 00000001800298b0 f i libucrtd:output.obj
 0001:00028920       ??$?0AEBV?$string_output_adapter@_W@__crt_stdio_output@@AEB_KAEBQEB_WAEBQEAU__crt_locale_pointers@@AEBQEAD@?$positional_parameter_base@_WV?$string_output_adapter@_W@__crt_stdio_output@@@__crt_stdio_output@@IEAA@AEBV?$string_output_adapter@_W@1@AEB_KAEBQEB_WAEBQEAU__crt_locale_pointers@@AEBQEAD@Z 0000000180029920 f i libucrtd:output.obj
 0001:000289f0       ??$?0AEBV?$string_output_adapter@_W@__crt_stdio_output@@AEB_KAEBQEB_WAEBQEAU__crt_locale_pointers@@AEBQEAD@?$standard_base@_WV?$string_output_adapter@_W@__crt_stdio_output@@@__crt_stdio_output@@IEAA@AEBV?$string_output_adapter@_W@1@AEB_KAEBQEB_WAEBQEAU__crt_locale_pointers@@AEBQEAD@Z 00000001800299f0 f i libucrtd:output.obj
 0001:0002d8b0       ??$count@D@formatting_buffer@__crt_stdio_output@@QEBA_KXZ 000000018002e8b0 f i libucrtd:output.obj
 0001:0002d910       ??$count@_W@formatting_buffer@__crt_stdio_output@@QEBA_KXZ 000000018002e910 f i libucrtd:output.obj
 0001:0002d980       ??$data@D@formatting_buffer@__crt_stdio_output@@QEAAPEADXZ 000000018002e980 f i libucrtd:output.obj
 0001:0002d9e0       ??$data@_W@formatting_buffer@__crt_stdio_output@@QEAAPEA_WXZ 000000018002e9e0 f i libucrtd:output.obj
 0001:0002da40       ??$ensure_buffer_is_big_enough@D@formatting_buffer@__crt_stdio_output@@QEAA_N_K@Z 000000018002ea40 f i libucrtd:output.obj
 0001:0002dbb0       ??$ensure_buffer_is_big_enough@_W@formatting_buffer@__crt_stdio_output@@QEAA_N_K@Z 000000018002ebb0 f i libucrtd:output.obj
 0001:0002dd30       ??$extract_argument_from_va_list@C_J@?$positional_parameter_base@DV?$stream_output_adapter@D@__crt_stdio_output@@@__crt_stdio_output@@IEAA_NAEA_J@Z 000000018002ed30 f i libucrtd:output.obj
 0001:0002df10       ??$extract_argument_from_va_list@C_J@?$positional_parameter_base@DV?$string_output_adapter@D@__crt_stdio_output@@@__crt_stdio_output@@IEAA_NAEA_J@Z 000000018002ef10 f i libucrtd:output.obj
 0001:0002e0f0       ??$extract_argument_from_va_list@C_J@?$positional_parameter_base@_WV?$stream_output_adapter@_W@__crt_stdio_output@@@__crt_stdio_output@@IEAA_NAEA_J@Z 000000018002f0f0 f i libucrtd:output.obj
 0001:0002e2d0       ??$extract_argument_from_va_list@C_J@?$positional_parameter_base@_WV?$string_output_adapter@_W@__crt_stdio_output@@@__crt_stdio_output@@IEAA_NAEA_J@Z 000000018002f2d0 f i libucrtd:output.obj
 0001:0002e4b0       ??$extract_argument_from_va_list@C_J@?$standard_base@DV?$stream_output_adapter@D@__crt_stdio_output@@@__crt_stdio_output@@IEAA_NAEA_J@Z 000000018002f4b0 f i libucrtd:output.obj
 0001:0002e4f0       ??$extract_argument_from_va_list@C_J@?$standard_base@DV?$string_output_adapter@D@__crt_stdio_output@@@__crt_stdio_output@@IEAA_NAEA_J@Z 000000018002f4f0 f i libucrtd:output.obj
 0001:0002e530       ??$extract_argument_from_va_list@C_J@?$standard_base@_WV?$stream_output_adapter@_W@__crt_stdio_output@@@__crt_stdio_output@@IEAA_NAEA_J@Z 000000018002f530 f i libucrtd:output.obj
 0001:0002e570       ??$extract_argument_from_va_list@C_J@?$standard_base@_WV?$string_output_adapter@_W@__crt_stdio_output@@@__crt_stdio_output@@IEAA_NAEA_J@Z 000000018002f570 f i libucrtd:output.obj
 0001:0002e5b0       ??$extract_argument_from_va_list@E_J@?$positional_parameter_base@DV?$stream_output_adapter@D@__crt_stdio_output@@@__crt_stdio_output@@IEAA_NAEA_J@Z 000000018002f5b0 f i libucrtd:output.obj
 0001:0002e790       ??$extract_argument_from_va_list@E_J@?$positional_parameter_base@DV?$string_output_adapter@D@__crt_stdio_output@@@__crt_stdio_output@@IEAA_NAEA_J@Z 000000018002f790 f i libucrtd:output.obj
 0001:0002e970       ??$extract_argument_from_va_list@E_J@?$positional_parameter_base@_WV?$stream_output_adapter@_W@__crt_stdio_output@@@__crt_stdio_output@@IEAA_NAEA_J@Z 000000018002f970 f i libucrtd:output.obj
 0001:0002eb50       ??$extract_argument_from_va_list@E_J@?$positional_parameter_base@_WV?$string_output_adapter@_W@__crt_stdio_output@@@__crt_stdio_output@@IEAA_NAEA_J@Z 000000018002fb50 f i libucrtd:output.obj
 0001:0002ed30       ??$extract_argument_from_va_list@E_J@?$standard_base@DV?$stream_output_adapter@D@__crt_stdio_output@@@__crt_stdio_output@@IEAA_NAEA_J@Z 000000018002fd30 f i libucrtd:output.obj
 0001:0002ed70       ??$extract_argument_from_va_list@E_J@?$standard_base@DV?$string_output_adapter@D@__crt_stdio_output@@@__crt_stdio_output@@IEAA_NAEA_J@Z 000000018002fd70 f i libucrtd:output.obj
 0001:0002edb0       ??$extract_argument_from_va_list@E_J@?$standard_base@_WV?$stream_output_adapter@_W@__crt_stdio_output@@@__crt_stdio_output@@IEAA_NAEA_J@Z 000000018002fdb0 f i libucrtd:output.obj
 0001:0002edf0       ??$extract_argument_from_va_list@E_J@?$standard_base@_WV?$string_output_adapter@_W@__crt_stdio_output@@@__crt_stdio_output@@IEAA_NAEA_J@Z 000000018002fdf0 f i libucrtd:output.obj
 0001:0002ee30       ??$extract_argument_from_va_list@F_J@?$positional_parameter_base@DV?$stream_output_adapter@D@__crt_stdio_output@@@__crt_stdio_output@@IEAA_NAEA_J@Z 000000018002fe30 f i libucrtd:output.obj
 0001:0002f010       ??$extract_argument_from_va_list@F_J@?$positional_parameter_base@DV?$string_output_adapter@D@__crt_stdio_output@@@__crt_stdio_output@@IEAA_NAEA_J@Z 0000000180030010 f i libucrtd:output.obj
 0001:0002f1f0       ??$extract_argument_from_va_list@F_J@?$positional_parameter_base@_WV?$stream_output_adapter@_W@__crt_stdio_output@@@__crt_stdio_output@@IEAA_NAEA_J@Z 00000001800301f0 f i libucrtd:output.obj
 0001:0002f3d0       ??$extract_argument_from_va_list@F_J@?$positional_parameter_base@_WV?$string_output_adapter@_W@__crt_stdio_output@@@__crt_stdio_output@@IEAA_NAEA_J@Z 00000001800303d0 f i libucrtd:output.obj
 0001:0002f5b0       ??$extract_argument_from_va_list@F_J@?$standard_base@DV?$stream_output_adapter@D@__crt_stdio_output@@@__crt_stdio_output@@IEAA_NAEA_J@Z 00000001800305b0 f i libucrtd:output.obj
 0001:0002f5f0       ??$extract_argument_from_va_list@F_J@?$standard_base@DV?$string_output_adapter@D@__crt_stdio_output@@@__crt_stdio_output@@IEAA_NAEA_J@Z 00000001800305f0 f i libucrtd:output.obj
 0001:0002f630       ??$extract_argument_from_va_list@F_J@?$standard_base@_WV?$stream_output_adapter@_W@__crt_stdio_output@@@__crt_stdio_output@@IEAA_NAEA_J@Z 0000000180030630 f i libucrtd:output.obj
 0001:0002f670       ??$extract_argument_from_va_list@F_J@?$standard_base@_WV?$string_output_adapter@_W@__crt_stdio_output@@@__crt_stdio_output@@IEAA_NAEA_J@Z 0000000180030670 f i libucrtd:output.obj
 0001:0002f6b0       ??$extract_argument_from_va_list@GD@?$positional_parameter_base@DV?$stream_output_adapter@D@__crt_stdio_output@@@__crt_stdio_output@@IEAA_NAEAD@Z 00000001800306b0 f i libucrtd:output.obj
 0001:0002f890       ??$extract_argument_from_va_list@GD@?$positional_parameter_base@DV?$string_output_adapter@D@__crt_stdio_output@@@__crt_stdio_output@@IEAA_NAEAD@Z 0000000180030890 f i libucrtd:output.obj
 0001:0002fa70       ??$extract_argument_from_va_list@GD@?$standard_base@DV?$stream_output_adapter@D@__crt_stdio_output@@@__crt_stdio_output@@IEAA_NAEAD@Z 0000000180030a70 f i libucrtd:output.obj
 0001:0002fab0       ??$extract_argument_from_va_list@GD@?$standard_base@DV?$string_output_adapter@D@__crt_stdio_output@@@__crt_stdio_output@@IEAA_NAEAD@Z 0000000180030ab0 f i libucrtd:output.obj
 0001:0002faf0       ??$extract_argument_from_va_list@G_J@?$positional_parameter_base@DV?$stream_output_adapter@D@__crt_stdio_output@@@__crt_stdio_output@@IEAA_NAEA_J@Z 0000000180030af0 f i libucrtd:output.obj
 0001:0002fcd0       ??$extract_argument_from_va_list@G_J@?$positional_parameter_base@DV?$string_output_adapter@D@__crt_stdio_output@@@__crt_stdio_output@@IEAA_NAEA_J@Z 0000000180030cd0 f i libucrtd:output.obj
 0001:0002feb0       ??$extract_argument_from_va_list@G_J@?$positional_parameter_base@_WV?$stream_output_adapter@_W@__crt_stdio_output@@@__crt_stdio_output@@IEAA_NAEA_J@Z 0000000180030eb0 f i libucrtd:output.obj
 0001:00030090       ??$extract_argument_from_va_list@G_J@?$positional_parameter_base@_WV?$string_output_adapter@_W@__crt_stdio_output@@@__crt_stdio_output@@IEAA_NAEA_J@Z 0000000180031090 f i libucrtd:output.obj
 0001:00030270       ??$extract_argument_from_va_list@G_J@?$standard_base@DV?$stream_output_adapter@D@__crt_stdio_output@@@__crt_stdio_output@@IEAA_NAEA_J@Z 0000000180031270 f i libucrtd:output.obj
 0001:000302b0       ??$extract_argument_from_va_list@G_J@?$standard_base@DV?$string_output_adapter@D@__crt_stdio_output@@@__crt_stdio_output@@IEAA_NAEA_J@Z 00000001800312b0 f i libucrtd:output.obj
 0001:000302f0       ??$extract_argument_from_va_list@G_J@?$standard_base@_WV?$stream_output_adapter@_W@__crt_stdio_output@@@__crt_stdio_output@@IEAA_NAEA_J@Z 00000001800312f0 f i libucrtd:output.obj
 0001:00030330       ??$extract_argument_from_va_list@G_J@?$standard_base@_WV?$string_output_adapter@_W@__crt_stdio_output@@@__crt_stdio_output@@IEAA_NAEA_J@Z 0000000180031330 f i libucrtd:output.obj
 0001:00030370       ??$extract_argument_from_va_list@H_J@?$positional_parameter_base@DV?$stream_output_adapter@D@__crt_stdio_output@@@__crt_stdio_output@@IEAA_NAEA_J@Z 0000000180031370 f i libucrtd:output.obj
 0001:00030550       ??$extract_argument_from_va_list@H_J@?$positional_parameter_base@DV?$string_output_adapter@D@__crt_stdio_output@@@__crt_stdio_output@@IEAA_NAEA_J@Z 0000000180031550 f i libucrtd:output.obj
 0001:00030730       ??$extract_argument_from_va_list@H_J@?$positional_parameter_base@_WV?$stream_output_adapter@_W@__crt_stdio_output@@@__crt_stdio_output@@IEAA_NAEA_J@Z 0000000180031730 f i libucrtd:output.obj
 0001:00030910       ??$extract_argument_from_va_list@H_J@?$positional_parameter_base@_WV?$string_output_adapter@_W@__crt_stdio_output@@@__crt_stdio_output@@IEAA_NAEA_J@Z 0000000180031910 f i libucrtd:output.obj
 0001:00030af0       ??$extract_argument_from_va_list@H_J@?$standard_base@DV?$stream_output_adapter@D@__crt_stdio_output@@@__crt_stdio_output@@IEAA_NAEA_J@Z 0000000180031af0 f i libucrtd:output.obj
 0001:00030b30       ??$extract_argument_from_va_list@H_J@?$standard_base@DV?$string_output_adapter@D@__crt_stdio_output@@@__crt_stdio_output@@IEAA_NAEA_J@Z 0000000180031b30 f i libucrtd:output.obj
 0001:00030b70       ??$extract_argument_from_va_list@H_J@?$standard_base@_WV?$stream_output_adapter@_W@__crt_stdio_output@@@__crt_stdio_output@@IEAA_NAEA_J@Z 0000000180031b70 f i libucrtd:output.obj
 0001:00030bb0       ??$extract_argument_from_va_list@H_J@?$standard_base@_WV?$string_output_adapter@_W@__crt_stdio_output@@@__crt_stdio_output@@IEAA_NAEA_J@Z 0000000180031bb0 f i libucrtd:output.obj
 0001:00030bf0       ??$extract_argument_from_va_list@I_J@?$positional_parameter_base@DV?$stream_output_adapter@D@__crt_stdio_output@@@__crt_stdio_output@@IEAA_NAEA_J@Z 0000000180031bf0 f i libucrtd:output.obj
 0001:00030dd0       ??$extract_argument_from_va_list@I_J@?$positional_parameter_base@DV?$string_output_adapter@D@__crt_stdio_output@@@__crt_stdio_output@@IEAA_NAEA_J@Z 0000000180031dd0 f i libucrtd:output.obj
 0001:00030fb0       ??$extract_argument_from_va_list@I_J@?$positional_parameter_base@_WV?$stream_output_adapter@_W@__crt_stdio_output@@@__crt_stdio_output@@IEAA_NAEA_J@Z 0000000180031fb0 f i libucrtd:output.obj
 0001:00031190       ??$extract_argument_from_va_list@I_J@?$positional_parameter_base@_WV?$string_output_adapter@_W@__crt_stdio_output@@@__crt_stdio_output@@IEAA_NAEA_J@Z 0000000180032190 f i libucrtd:output.obj
 0001:00031370       ??$extract_argument_from_va_list@I_J@?$standard_base@DV?$stream_output_adapter@D@__crt_stdio_output@@@__crt_stdio_output@@IEAA_NAEA_J@Z 0000000180032370 f i libucrtd:output.obj
 0001:000313b0       ??$extract_argument_from_va_list@I_J@?$standard_base@DV?$string_output_adapter@D@__crt_stdio_output@@@__crt_stdio_output@@IEAA_NAEA_J@Z 00000001800323b0 f i libucrtd:output.obj
 0001:000313f0       ??$extract_argument_from_va_list@I_J@?$standard_base@_WV?$stream_output_adapter@_W@__crt_stdio_output@@@__crt_stdio_output@@IEAA_NAEA_J@Z 00000001800323f0 f i libucrtd:output.obj
 0001:00031430       ??$extract_argument_from_va_list@I_J@?$standard_base@_WV?$string_output_adapter@_W@__crt_stdio_output@@@__crt_stdio_output@@IEAA_NAEA_J@Z 0000000180032430 f i libucrtd:output.obj
 0001:00031470       ??$extract_argument_from_va_list@PEADPEAD@?$positional_parameter_base@DV?$stream_output_adapter@D@__crt_stdio_output@@@__crt_stdio_output@@IEAA_NAEAPEAD@Z 0000000180032470 f i libucrtd:output.obj
 0001:00031650       ??$extract_argument_from_va_list@PEADPEAD@?$positional_parameter_base@DV?$string_output_adapter@D@__crt_stdio_output@@@__crt_stdio_output@@IEAA_NAEAPEAD@Z 0000000180032650 f i libucrtd:output.obj
 0001:00031830       ??$extract_argument_from_va_list@PEADPEAD@?$positional_parameter_base@_WV?$stream_output_adapter@_W@__crt_stdio_output@@@__crt_stdio_output@@IEAA_NAEAPEAD@Z 0000000180032830 f i libucrtd:output.obj
 0001:00031a10       ??$extract_argument_from_va_list@PEADPEAD@?$positional_parameter_base@_WV?$string_output_adapter@_W@__crt_stdio_output@@@__crt_stdio_output@@IEAA_NAEAPEAD@Z 0000000180032a10 f i libucrtd:output.obj
 0001:00031bf0       ??$extract_argument_from_va_list@PEADPEAD@?$standard_base@DV?$stream_output_adapter@D@__crt_stdio_output@@@__crt_stdio_output@@IEAA_NAEAPEAD@Z 0000000180032bf0 f i libucrtd:output.obj
 0001:00031c30       ??$extract_argument_from_va_list@PEADPEAD@?$standard_base@DV?$string_output_adapter@D@__crt_stdio_output@@@__crt_stdio_output@@IEAA_NAEAPEAD@Z 0000000180032c30 f i libucrtd:output.obj
 0001:00031c70       ??$extract_argument_from_va_list@PEADPEAD@?$standard_base@_WV?$stream_output_adapter@_W@__crt_stdio_output@@@__crt_stdio_output@@IEAA_NAEAPEAD@Z 0000000180032c70 f i libucrtd:output.obj
 0001:00031cb0       ??$extract_argument_from_va_list@PEADPEAD@?$standard_base@_WV?$string_output_adapter@_W@__crt_stdio_output@@@__crt_stdio_output@@IEAA_NAEAPEAD@Z 0000000180032cb0 f i libucrtd:output.obj
 0001:00032770       ??$extract_argument_from_va_list@PEAXPEAX@?$positional_parameter_base@DV?$stream_output_adapter@D@__crt_stdio_output@@@__crt_stdio_output@@IEAA_NAEAPEAX@Z 0000000180033770 f i libucrtd:output.obj
 0001:00032950       ??$extract_argument_from_va_list@PEAXPEAX@?$positional_parameter_base@DV?$string_output_adapter@D@__crt_stdio_output@@@__crt_stdio_output@@IEAA_NAEAPEAX@Z 0000000180033950 f i libucrtd:output.obj
[...]
 0002:00026040       ??_R1A@?0A@EA@pairNode@@8  00000001800e2040     libvcruntimed:undname.obj
 0002:00026070       ??_R4type_info@@6B@        00000001800e2070     LIBCMTD:std_type_info_static.obj
 0002:000260a0       ??_R3type_info@@8          00000001800e20a0     LIBCMTD:std_type_info_static.obj
 0002:000260b8       ??_R2type_info@@8          00000001800e20b8     LIBCMTD:std_type_info_static.obj
 0002:000260c8       ??_R1A@?0A@EA@type_info@@8 00000001800e20c8     LIBCMTD:std_type_info_static.obj
 0002:000260f8       ??_R4exception@std@@6B@    00000001800e20f8     libvcruntimed:frame.obj
 0002:00026128       ??_R3exception@std@@8      00000001800e2128     libvcruntimed:frame.obj
 0002:00026140       ??_R2exception@std@@8      00000001800e2140     libvcruntimed:frame.obj
 0002:00026150       ??_R1A@?0A@EA@exception@std@@8 00000001800e2150     libvcruntimed:frame.obj
 0002:00026180       ??_R4bad_exception@std@@6B@ 00000001800e2180     libvcruntimed:frame.obj
 0002:000261b0       ??_R3bad_exception@std@@8  00000001800e21b0     libvcruntimed:frame.obj
 0002:000261c8       ??_R2bad_exception@std@@8  00000001800e21c8     libvcruntimed:frame.obj
 0002:000261e0       ??_R1A@?0A@EA@bad_exception@std@@8 00000001800e21e0     libvcruntimed:frame.obj
 0002:000264a8       __rtc_iaa                  00000001800e24a8     LIBCMTD:_initsect_.obj
 0002:000265b8       __rtc_izz                  00000001800e25b8     LIBCMTD:_initsect_.obj
 0002:000266c8       __rtc_taa                  00000001800e26c8     LIBCMTD:_initsect_.obj
 0002:000267d8       __rtc_tzz                  00000001800e27d8     LIBCMTD:_initsect_.obj
 0002:0002d4f0       _TI2?AVbad_exception@std@@ 00000001800e94f0     libvcruntimed:frame.obj
 0002:0002d510       _CTA2?AVbad_exception@std@@ 00000001800e9510     libvcruntimed:frame.obj
 0002:0002d528       _CT??_R0?AVbad_exception@std@@@8??0bad_exception@std@@QEAA@AEBV01@@Z24 00000001800e9528     libvcruntimed:frame.obj
 0002:0002d550       _CT??_R0?AVexception@std@@@8??0exception@std@@QEAA@AEBV01@@Z24 00000001800e9550     libvcruntimed:frame.obj
 0003:00000000       _fltused                   00000001800ea000     LIBCMTD:fltused.obj
 0003:00000004       __scrt_native_dllmain_reason 00000001800ea004     LIBCMTD:utility.obj
 0003:00000008       __isa_available            00000001800ea008     LIBCMTD:_cpu_disp_.obj
 0003:0000000c       __isa_enabled              00000001800ea00c     LIBCMTD:_cpu_disp_.obj
 0003:00000010       __memcpy_nt_iters          00000001800ea010     LIBCMTD:_cpu_disp_.obj
 0003:00000020       __security_cookie          00000001800ea020     LIBCMTD:gs_cookie.obj
 0003:00000028       __security_cookie_complement 00000001800ea028     LIBCMTD:gs_cookie.obj
 0003:00000048       _crtDbgFlag                00000001800ea048     libucrtd:debug_heap.obj
 0003:0000004c       _crtBreakAlloc             00000001800ea04c     libucrtd:debug_heap.obj
 0003:00000050       __abort_behavior           00000001800ea050     libucrtd:abort.obj
 0003:00000060       __acrt_initial_multibyte_data 00000001800ea060     libucrtd:mbctype.obj
 0003:000006a0       __badioinfo                00000001800ea6a0     libucrtd:ioinit.obj
 0003:00000700       __acrt_initial_locale_data 00000001800ea700     libucrtd:nlsdata.obj
 0003:000008a0       __acrt_initial_locale_pointers 00000001800ea8a0     libucrtd:nlsdata.obj
 0003:000008b4       __acrt_wide_c_locale_string 00000001800ea8b4     libucrtd:nlsdata.obj
 0003:000008b8       __mb_cur_max               00000001800ea8b8     libucrtd:nlsdata.obj
 0003:000008c0       _pfnAllocHook              00000001800ea8c0     libucrtd:debug_heap_hook.obj
 0003:000008ec       _crtAssertBusy             00000001800ea8ec     libucrtd:dbgrptt.obj
 0003:000008f0       _CrtDbgMode                00000001800ea8f0     libucrtd:dbgrptt.obj
 0003:00000900       _CrtDbgFile                00000001800ea900     libucrtd:dbgrptt.obj
 0003:00000920       _iob                       00000001800ea920     libucrtd:_file.obj
 0003:00000a5c       __globallocalestatus       00000001800eaa5c     libucrtd:glstatus.obj
 0003:00000a60       __acrt_lconv_c             00000001800eaa60     libucrtd:localeconv.obj
 0003:00000b18       __acrt_lconv               00000001800eab18     libucrtd:localeconv.obj
 0003:00000b24       __acrt_lconv_static_decimal 00000001800eab24     libucrtd:localeconv.obj
 0003:00000b28       __acrt_lconv_static_W_decimal 00000001800eab28     libucrtd:localeconv.obj
 0003:00000b30       _pctype                    00000001800eab30     libucrtd:ctype.obj
 0003:00000b40       _pwctype                   00000001800eab40     libucrtd:ctype.obj
 0003:00000b50       _lookuptrailbytes          00000001800eab50     libucrtd:read.obj
 0003:00000de8       ??_R0?AVDNameNode@@@8      00000001800eade8     libvcruntimed:undname.obj
 0003:00000e10       ??_R0?AVcharNode@@@8       00000001800eae10     libvcruntimed:undname.obj
 0003:00000e38       ??_R0?AVpcharNode@@@8      00000001800eae38     libvcruntimed:undname.obj
 0003:00000e60       ??_R0?AVpDNameNode@@@8     00000001800eae60     libvcruntimed:undname.obj
 0003:00000e88       ??_R0?AVDNameStatusNode@@@8 00000001800eae88     libvcruntimed:undname.obj
 0003:00000eb8       ??_R0?AVpairNode@@@8       00000001800eaeb8     libvcruntimed:undname.obj
 0003:00000ee0       ??_R0?AVtype_info@@@8      00000001800eaee0     LIBCMTD:std_type_info_static.obj
 0003:00000f08       ??_R0?AVbad_exception@std@@@8 00000001800eaf08     libvcruntimed:frame.obj
 0003:00000f38       ??_R0?AVexception@std@@@8  00000001800eaf38     libvcruntimed:frame.obj
 0003:00000f68       ??_R0?AVbad_alloc@std@@@8  00000001800eaf68     libvcruntimed:frame.obj
 0003:000010a8       __scrt_current_native_startup_state 00000001800eb0a8     LIBCMTD:utility.obj
 0003:000010b0       __scrt_native_startup_lock 00000001800eb0b0     LIBCMTD:utility.obj
 0003:00001100       ?__type_info_root_node@@3U__type_info_node@@A 00000001800eb100     LIBCMTD:tncleanup.obj
 0003:00001118       ?_OptionsStorage@?1??__local_stdio_printf_options@@9@4_KA 00000001800eb118     LIBCMTD:default_local_stdio_options.obj
 0003:00001128       ?_OptionsStorage@?1??__local_stdio_scanf_options@@9@4_KA 00000001800eb128     LIBCMTD:default_local_stdio_options.obj
 0003:00001134       __scrt_debugger_hook_flag  00000001800eb134     LIBCMTD:utility_desktop.obj
 0003:00001138       __favor                    00000001800eb138     LIBCMTD:_cpu_disp_.obj
 0003:00001920       __pPurecall                00000001800eb920     libvcruntimed:purevirt_data.obj
 0003:00001930       ?m_pGetParameter@UnDecorator@@0P6APEADJ@ZEA 00000001800eb930     libvcruntimed:undname.obj
 0003:00001938       ?pArgList@UnDecorator@@0PEAVReplicator@@EA 00000001800eb938     libvcruntimed:undname.obj
 0003:00001940       ?pZNameList@UnDecorator@@0PEAVReplicator@@EA 00000001800eb940     libvcruntimed:undname.obj
 0003:00001948       ?pTemplateArgList@UnDecorator@@0PEAVReplicator@@EA 00000001800eb948     libvcruntimed:undname.obj
 0003:00001950       ?gName@UnDecorator@@0PEBDEB 00000001800eb950     libvcruntimed:undname.obj
 0003:00001958       ?name@UnDecorator@@0PEBDEB 00000001800eb958     libvcruntimed:undname.obj
 0003:00001960       ?outputString@UnDecorator@@0PEADEA 00000001800eb960     libvcruntimed:undname.obj
 0003:00001968       ?maxStringLength@UnDecorator@@0HA 00000001800eb968     libvcruntimed:undname.obj
 0003:0000196c       ?disableFlags@UnDecorator@@0KA 00000001800eb96c     libvcruntimed:undname.obj
 0003:00001970       ?fExplicitTemplateParams@UnDecorator@@0_NA 00000001800eb970     libvcruntimed:undname.obj
 0003:00001971       ?fGetTemplateArgumentList@UnDecorator@@0_NA 00000001800eb971     libvcruntimed:undname.obj
 0003:00001a20       ?nodes@?1??make@DNameStatusNode@@SAPEAV2@W4DNameStatus@@@Z@4PAV2@A 00000001800eba20     libvcruntimed:undname.obj
 0003:00001a6c       ??_B?1??make@DNameStatusNode@@SAPEAV1@W4DNameStatus@@@Z@51 00000001800eba6c     libvcruntimed:undname.obj
 0003:00001a81       ?c_exit_complete@?1???R<lambda_6e4b09c48022b2350581041d5f6b0c4c>@@QEBA@XZ@4_NA 00000001800eba81     libucrtd:exit.obj
 0003:00001e48       _environ_table             00000001800ebe48     libucrtd:environment_initialization.obj
 0003:00001e50       _wenviron_table            00000001800ebe50     libucrtd:environment_initialization.obj
 0003:00001e60       __dcrt_initial_wide_environment 00000001800ebe60     libucrtd:environment_initialization.obj
 0003:00001e70       __dcrt_initial_narrow_environment 00000001800ebe70     libucrtd:environment_initialization.obj
 0003:00001e80       __acrt_atexit_table        00000001800ebe80     libucrtd:onexit.obj
 0003:00001ea0       __acrt_at_quick_exit_table 00000001800ebea0     libucrtd:onexit.obj
 0003:00001f18       _pfnDumpClient             00000001800ebf18     libucrtd:debug_heap.obj
 0003:000021f0       _mbctype                   00000001800ec1f0     libucrtd:mbctype.obj
 0003:000021f8       _mbcasemap                 00000001800ec1f8     libucrtd:mbctype.obj
 0003:00002200       __acrt_current_multibyte_data 00000001800ec200     libucrtd:mbctype.obj
 0003:00002218       _pgmptr                    00000001800ec218     libucrtd:argv_data.obj
 0003:00002228       _wpgmptr                   00000001800ec228     libucrtd:argv_data.obj
 0003:00002234       __argc                     00000001800ec234     libucrtd:argv_data.obj
 0003:00002238       __argv                     00000001800ec238     libucrtd:argv_data.obj
 0003:00002248       __wargv                    00000001800ec248     libucrtd:argv_data.obj
 0003:00002258       _acmdln                    00000001800ec258     libucrtd:argv_data.obj
 0003:00002268       _wcmdln                    00000001800ec268     libucrtd:argv_data.obj
 0003:00002498       __acrt_heap                00000001800ec498     libucrtd:heap_handle.obj
 0003:000024b0       __pioinfo                  00000001800ec4b0     libucrtd:ioinit.obj
 0003:0000297c       _nhandle                   00000001800ec97c     libucrtd:ioinit.obj
 0003:000029c8       __acrt_current_locale_data 00000001800ec9c8     libucrtd:nlsdata.obj
 0003:000029d8       __acrt_stdout_buffer       00000001800ec9d8     libucrtd:_sftbuf.obj
 0003:000029e8       __acrt_stderr_buffer       00000001800ec9e8     libucrtd:_sftbuf.obj
 0003:000029f8       __acrt_locale_changed_data 00000001800ec9f8     libucrtd:wsetlocale.obj
 0003:00003168       _pfnReportHook             00000001800ed168     libucrtd:dbgrptt.obj
 0003:00003170       _pReportHookList           00000001800ed170     libucrtd:dbgrptt.obj
 0003:00003178       _pReportHookListW          00000001800ed178     libucrtd:dbgrptt.obj
 0003:00003198       _nstream                   00000001800ed198     libucrtd:_file.obj
 0003:000031a0       __piob                     00000001800ed1a0     libucrtd:_file.obj
 0003:000031ac       _cflush                    00000001800ed1ac     libucrtd:_file.obj
 0003:000031b9       __acrt_lconv_static_null   00000001800ed1b9     libucrtd:localeconv.obj
 0003:000031bc       __acrt_lconv_static_W_null 00000001800ed1bc     libucrtd:localeconv.obj
 0003:00003224       __fma3_is_available        00000001800ed224     libucrtd:fma3_available.obj
 0003:00003228       __use_fma3_lib             00000001800ed228     libucrtd:fma3_available.obj
 0003:00003230       ?g_OutOfMemoryExceptionCallback@@3P6APEAXXZEA 00000001800ed230     libvcruntimed:frame.obj
 0003:0000323c       __scrt_ucrt_dll_is_in_use  00000001800ed23c     <common>
 0003:00003248       __dyn_tls_init_callback    00000001800ed248     <common>
 0005:00000000       __imp_QueryPerformanceCounter 00000001800f7000     kernel32:KERNEL32.dll
 0005:00000008       __imp_GetCurrentProcessId  00000001800f7008     kernel32:KERNEL32.dll
 0005:00000010       __imp_GetCurrentThreadId   00000001800f7010     kernel32:KERNEL32.dll
 0005:00000018       __imp_GetSystemTimeAsFileTime 00000001800f7018     kernel32:KERNEL32.dll
 0005:00000020       __imp_InitializeSListHead  00000001800f7020     kernel32:KERNEL32.dll
 0005:00000028       __imp_RtlCaptureContext    00000001800f7028     kernel32:KERNEL32.dll
 0005:00000030       __imp_RtlLookupFunctionEntry 00000001800f7030     kernel32:KERNEL32.dll
 0005:00000038       __imp_RtlVirtualUnwind     00000001800f7038     kernel32:KERNEL32.dll
 0005:00000040       __imp_IsDebuggerPresent    00000001800f7040     kernel32:KERNEL32.dll
 0005:00000048       __imp_UnhandledExceptionFilter 00000001800f7048     kernel32:KERNEL32.dll
 0005:00000050       __imp_SetUnhandledExceptionFilter 00000001800f7050     kernel32:KERNEL32.dll
 0005:00000058       __imp_GetStartupInfoW      00000001800f7058     kernel32:KERNEL32.dll
 0005:00000060       __imp_IsProcessorFeaturePresent 00000001800f7060     kernel32:KERNEL32.dll
 0005:00000068       __imp_GetModuleHandleW     00000001800f7068     kernel32:KERNEL32.dll
 0005:00000070       __imp_GetCurrentProcess    00000001800f7070     kernel32:KERNEL32.dll
 0005:00000078       __imp_TerminateProcess     00000001800f7078     kernel32:KERNEL32.dll
 0005:00000080       __imp_RtlUnwindEx          00000001800f7080     kernel32:KERNEL32.dll
 0005:00000088       __imp_InterlockedPushEntrySList 00000001800f7088     kernel32:KERNEL32.dll
 0005:00000090       __imp_InterlockedFlushSList 00000001800f7090     kernel32:KERNEL32.dll
 0005:00000098       __imp_GetLastError         00000001800f7098     kernel32:KERNEL32.dll
 0005:000000a0       __imp_SetLastError         00000001800f70a0     kernel32:KERNEL32.dll
 0005:000000a8       __imp_EnterCriticalSection 00000001800f70a8     kernel32:KERNEL32.dll
 0005:000000b0       __imp_LeaveCriticalSection 00000001800f70b0     kernel32:KERNEL32.dll
 0005:000000b8       __imp_DeleteCriticalSection 00000001800f70b8     kernel32:KERNEL32.dll
 0005:000000c0       __imp_InitializeCriticalSectionAndSpinCount 00000001800f70c0     kernel32:KERNEL32.dll
 0005:000000c8       __imp_TlsAlloc             00000001800f70c8     kernel32:KERNEL32.dll
 0005:000000d0       __imp_TlsGetValue          00000001800f70d0     kernel32:KERNEL32.dll
 0005:000000d8       __imp_TlsSetValue          00000001800f70d8     kernel32:KERNEL32.dll
 0005:000000e0       __imp_TlsFree              00000001800f70e0     kernel32:KERNEL32.dll
 0005:000000e8       __imp_FreeLibrary          00000001800f70e8     kernel32:KERNEL32.dll
 0005:000000f0       __imp_GetProcAddress       00000001800f70f0     kernel32:KERNEL32.dll
 0005:000000f8       __imp_LoadLibraryExW       00000001800f70f8     kernel32:KERNEL32.dll
 0005:00000100       __imp_ExitProcess          00000001800f7100     kernel32:KERNEL32.dll
 0005:00000108       __imp_GetModuleHandleExW   00000001800f7108     kernel32:KERNEL32.dll
 0005:00000110       __imp_GetModuleFileNameW   00000001800f7110     kernel32:KERNEL32.dll
 0005:00000118       __imp_HeapAlloc            00000001800f7118     kernel32:KERNEL32.dll
 0005:00000120       __imp_HeapSize             00000001800f7120     kernel32:KERNEL32.dll
 0005:00000128       __imp_HeapValidate         00000001800f7128     kernel32:KERNEL32.dll
 0005:00000130       __imp_GetSystemInfo        00000001800f7130     kernel32:KERNEL32.dll
 0005:00000138       __imp_GetCurrentThread     00000001800f7138     kernel32:KERNEL32.dll
 0005:00000140       __imp_FindClose            00000001800f7140     kernel32:KERNEL32.dll
 0005:00000148       __imp_FindFirstFileExW     00000001800f7148     kernel32:KERNEL32.dll
 0005:00000150       __imp_FindNextFileW        00000001800f7150     kernel32:KERNEL32.dll
 0005:00000158       __imp_IsValidCodePage      00000001800f7158     kernel32:KERNEL32.dll
 0005:00000160       __imp_GetACP               00000001800f7160     kernel32:KERNEL32.dll
 0005:00000168       __imp_GetOEMCP             00000001800f7168     kernel32:KERNEL32.dll
 0005:00000170       __imp_GetCPInfo            00000001800f7170     kernel32:KERNEL32.dll
 0005:00000178       __imp_GetCommandLineA      00000001800f7178     kernel32:KERNEL32.dll
 0005:00000180       __imp_GetCommandLineW      00000001800f7180     kernel32:KERNEL32.dll
 0005:00000188       __imp_MultiByteToWideChar  00000001800f7188     kernel32:KERNEL32.dll
 0005:00000190       __imp_WideCharToMultiByte  00000001800f7190     kernel32:KERNEL32.dll
 0005:00000198       __imp_GetEnvironmentStringsW 00000001800f7198     kernel32:KERNEL32.dll
 0005:000001a0       __imp_FreeEnvironmentStringsW 00000001800f71a0     kernel32:KERNEL32.dll
 0005:000001a8       __imp_SetEnvironmentVariableW 00000001800f71a8     kernel32:KERNEL32.dll
 0005:000001b0       __imp_GetDateFormatW       00000001800f71b0     kernel32:KERNEL32.dll
 0005:000001b8       __imp_GetTimeFormatW       00000001800f71b8     kernel32:KERNEL32.dll
 0005:000001c0       __imp_CompareStringW       00000001800f71c0     kernel32:KERNEL32.dll
 0005:000001c8       __imp_LCMapStringW         00000001800f71c8     kernel32:KERNEL32.dll
 0005:000001d0       __imp_GetLocaleInfoW       00000001800f71d0     kernel32:KERNEL32.dll
 0005:000001d8       __imp_IsValidLocale        00000001800f71d8     kernel32:KERNEL32.dll
 0005:000001e0       __imp_GetUserDefaultLCID   00000001800f71e0     kernel32:KERNEL32.dll
 0005:000001e8       __imp_EnumSystemLocalesW   00000001800f71e8     kernel32:KERNEL32.dll
 0005:000001f0       __imp_GetProcessHeap       00000001800f71f0     kernel32:KERNEL32.dll
 0005:000001f8       __imp_GetStdHandle         00000001800f71f8     kernel32:KERNEL32.dll
 0005:00000200       __imp_GetFileType          00000001800f7200     kernel32:KERNEL32.dll
 0005:00000208       __imp_SetConsoleCtrlHandler 00000001800f7208     kernel32:KERNEL32.dll
 0005:00000210       __imp_HeapFree             00000001800f7210     kernel32:KERNEL32.dll
 0005:00000218       __imp_HeapReAlloc          00000001800f7218     kernel32:KERNEL32.dll
 0005:00000220       __imp_HeapQueryInformation 00000001800f7220     kernel32:KERNEL32.dll
 0005:00000228       __imp_WriteFile            00000001800f7228     kernel32:KERNEL32.dll
 0005:00000230       __imp_OutputDebugStringW   00000001800f7230     kernel32:KERNEL32.dll
 0005:00000238       __imp_WriteConsoleW        00000001800f7238     kernel32:KERNEL32.dll
 0005:00000240       __imp_GetStringTypeW       00000001800f7240     kernel32:KERNEL32.dll
 0005:00000248       __imp_SetStdHandle         00000001800f7248     kernel32:KERNEL32.dll
 0005:00000250       __imp_GetFileSizeEx        00000001800f7250     kernel32:KERNEL32.dll
 0005:00000258       __imp_SetFilePointerEx     00000001800f7258     kernel32:KERNEL32.dll
 0005:00000260       __imp_FlushFileBuffers     00000001800f7260     kernel32:KERNEL32.dll
 0005:00000268       __imp_GetConsoleCP         00000001800f7268     kernel32:KERNEL32.dll
 0005:00000270       __imp_GetConsoleMode       00000001800f7270     kernel32:KERNEL32.dll
 0005:00000278       __imp_ReadFile             00000001800f7278     kernel32:KERNEL32.dll
 0005:00000280       __imp_ReadConsoleW         00000001800f7280     kernel32:KERNEL32.dll
 0005:00000288       __imp_CloseHandle          00000001800f7288     kernel32:KERNEL32.dll
 0005:00000290       __imp_CreateFileW          00000001800f7290     kernel32:KERNEL32.dll
 0005:00000298       __imp_RaiseException       00000001800f7298     kernel32:KERNEL32.dll
 0005:000002a0       __imp_RtlPcToFileHeader    00000001800f72a0     kernel32:KERNEL32.dll
 0005:000002a8       __imp_EncodePointer        00000001800f72a8     kernel32:KERNEL32.dll
 0005:000002b0       \177KERNEL32_NULL_THUNK_DATA 00000001800f72b0     kernel32:KERNEL32.dll
 0005:00000390       __IMPORT_DESCRIPTOR_KERNEL32 00000001800f7390     kernel32:KERNEL32.dll
 0005:000003a4       __NULL_IMPORT_DESCRIPTOR   00000001800f73a4     kernel32:KERNEL32.dll
 0007:00000000       __guard_check_icall_fptr   00000001800f9000     LIBCMTD:guard_support.obj
 0007:00000010       __guard_dispatch_icall_fptr 00000001800f9010     LIBCMTD:guard_support.obj
