 handmade

 Timestamp is 6032dcb4 (Sun Feb 21 17:20:36 2021)

 Preferred load address is 0000000180000000

 Start         Length     Name                   Class
 0001:00000000 000b8d90H .text$mn                CODE
 0001:000b8d90 00001020H .text$mn$00             CODE
 0001:000b9db0 00002043H .text$x                 CODE
 0002:00000000 00000110H .CRT$XCA                DATA
 0002:00000110 00000110H .CRT$XCZ                DATA
 0002:00000220 00000110H .CRT$XIA                DATA
 0002:00000330 00000130H .CRT$XIC                DATA
 0002:00000460 00000110H .CRT$XIZ                DATA
 0002:00000570 00000110H .CRT$XPA                DATA
 0002:00000680 00000120H .CRT$XPX                DATA
 0002:000007a0 00000110H .CRT$XPXA               DATA
 0002:000008b0 00000110H .CRT$XPZ                DATA
 0002:000009c0 00000110H .CRT$XTA                DATA
 0002:00000ad0 00000110H .CRT$XTZ                DATA
 0002:00000be0 00025520H .rdata                  DATA
 0002:00026100 0000060cH .rdata$r                DATA
 0002:0002670c 0000018cH .rdata$zzzdbg           DATA
 0002:00026898 00000110H .rtc$IAA                DATA
 0002:000269a8 00000110H .rtc$IZZ                DATA
 0002:00026ab8 00000110H .rtc$TAA                DATA
 0002:00026bc8 00000118H .rtc$TZZ                DATA
 0002:00026ce0 00006c88H .xdata                  DATA
 0002:0002d968 00000198H .xdata$x                DATA
 0002:0002db00 00000187H .edata                  DATA
 0003:00000000 00000e10H .data                   DATA
 0003:00000e10 000002c0H .data$r                 DATA
 0003:000010d0 000021b1H .bss                    DATA
 0004:00000000 000083dcH .pdata                  DATA
 0005:00000000 00000390H .idata$5                DATA
 0005:00000390 00000014H .idata$2                DATA
 0005:000003a4 00000014H .idata$3                DATA
 0005:000003b8 00000390H .idata$4                DATA
 0005:00000748 00000809H .idata$6                DATA
 0006:00000000 000002a7H .gfids$y                DATA
 0007:00000000 0000011bH .00cfg                  DATA

  Address         Publics by Value              Rva+Base               Lib:Object

 0000:00000000       ___safe_se_handler_table   0000000000000000     <absolute>
 0000:00000000       __guard_fids_count         0000000000000000     <absolute>
 0000:00000000       __guard_iat_table          0000000000000000     <absolute>
 0000:00000000       __guard_longjmp_count      0000000000000000     <absolute>
 0000:00000000       __guard_longjmp_table      0000000000000000     <absolute>
 0000:00000000       __dynamic_value_reloc_table 0000000000000000     <absolute>
 0000:00000000       __guard_fids_table         0000000000000000     <absolute>
 0000:00000000       __guard_iat_count          0000000000000000     <absolute>
 0000:00000000       ___safe_se_handler_count   0000000000000000     <absolute>
 0000:00000100       __guard_flags              0000000000000100     <absolute>
 0000:00000000       __ImageBase                0000000180000000     <linker-defined>
 0001:00005c50       ?GameOutputSound@@YAXPEAUgame_state@@PEAUgame_sound_output_buffer@@H@Z 0000000180006c50 f   handmade.obj
 0001:00005d90       GameUpdateAndRender        0000000180006d90 f   handmade.obj
 0001:00006180       GameGetSoundSamples        0000000180007180 f   handmade.obj
 0001:000063a0       ?GetController@@YAPEAUgame_controller_input@@PEAUgame_input@@I@Z 00000001800073a0 f i handmade.obj
 0001:000068f0       _CRT_INIT                  00000001800078f0 f   LIBCMTD:dll_dllmain.obj
 0001:00006930       _DllMainCRTStartup         0000000180007930 f   LIBCMTD:dll_dllmain.obj
 0001:00006980       ??$__crt_fast_decode_pointer@PEAP6AXXZ@@YAPEAP6AXXZQEAP6AXXZ@Z 0000000180007980 f i LIBCMTD:utility.obj
 0001:000069d0       ??$__crt_fast_encode_pointer@PEAP6AXXZ@@YAPEAP6AXXZQEAP6AXXZ@Z 00000001800079d0 f i LIBCMTD:utility.obj
 0001:00006a20       ?__crt_rotate_pointer_value@@YA_K_KH@Z 0000000180007a20 f i LIBCMTD:utility.obj
 0001:00006a40       ?configure_argv@__scrt_narrow_argv_policy@@SAHXZ 0000000180007a40 f i LIBCMTD:utility.obj
 0001:00006c10       NtCurrentTeb               0000000180007c10 f i LIBCMTD:utility.obj
 0001:00006c20       __scrt_acquire_startup_lock 0000000180007c20 f   LIBCMTD:utility.obj
 0001:00006ca0       __scrt_dllmain_after_initialize_c 0000000180007ca0 f   LIBCMTD:utility.obj
 0001:00006ce0       __scrt_dllmain_before_initialize_c 0000000180007ce0 f   LIBCMTD:utility.obj
 0001:00006d10       __scrt_dllmain_crt_thread_attach 0000000180007d10 f   LIBCMTD:utility.obj
 0001:00006d50       __scrt_dllmain_crt_thread_detach 0000000180007d50 f   LIBCMTD:utility.obj
 0001:00006d70       __scrt_dllmain_exception_filter 0000000180007d70 f   LIBCMTD:utility.obj
 0001:00006df0       __scrt_dllmain_uninitialize_c 0000000180007df0 f   LIBCMTD:utility.obj
 0001:00006e30       __scrt_dllmain_uninitialize_critical 0000000180007e30 f   LIBCMTD:utility.obj
 0001:00006e50       __scrt_initialize_crt      0000000180007e50 f   LIBCMTD:utility.obj
 0001:00006eb0       __scrt_initialize_onexit_tables 0000000180007eb0 f   LIBCMTD:utility.obj
 0001:00006ff0       __scrt_is_nonwritable_in_current_image 0000000180007ff0 f   LIBCMTD:utility.obj
 0001:000070a0       __scrt_release_startup_lock 00000001800080a0 f   LIBCMTD:utility.obj
 0001:000070e0       __scrt_uninitialize_crt    00000001800080e0 f   LIBCMTD:utility.obj
 0001:00007130       _onexit                    0000000180008130 f   LIBCMTD:utility.obj
 0001:000071e0       at_quick_exit              00000001800081e0 f   LIBCMTD:utility.obj
 0001:00007250       atexit                     0000000180008250 f   LIBCMTD:utility.obj
 0001:00007290       __security_init_cookie     0000000180008290 f   LIBCMTD:gs_support.obj
 0001:000073f0       DllMain                    00000001800083f0 f   LIBCMTD:dll_dllmain_stub.obj
 0001:00007410       ?__scrt_initialize_type_info@@YAXXZ 0000000180008410 f   LIBCMTD:tncleanup.obj
 0001:00007430       ?__scrt_uninitialize_type_info@@YAXXZ 0000000180008430 f   LIBCMTD:tncleanup.obj
 0001:00007450       __local_stdio_printf_options 0000000180008450 f i LIBCMTD:default_local_stdio_options.obj
 0001:00007460       __local_stdio_scanf_options 0000000180008460 f i LIBCMTD:default_local_stdio_options.obj
 0001:00007470       __scrt_initialize_default_local_stdio_options 0000000180008470 f   LIBCMTD:default_local_stdio_options.obj
 0001:000074d0       __scrt_get_dyn_tls_init_callback 00000001800084d0 f   LIBCMTD:dyn_tls_init.obj
 0001:000074e0       __crt_debugger_hook        00000001800084e0 f   LIBCMTD:utility_desktop.obj
 0001:00007500       __scrt_fastfail            0000000180008500 f   LIBCMTD:utility_desktop.obj
 0001:00007700       __scrt_get_show_window_mode 0000000180008700 f   LIBCMTD:utility_desktop.obj
 0001:00007770       __scrt_initialize_winrt    0000000180008770 f   LIBCMTD:utility_desktop.obj
 0001:00007780       __scrt_is_managed_app      0000000180008780 f   LIBCMTD:utility_desktop.obj
 0001:00007850       __scrt_set_unhandled_exception_filter 0000000180008850 f   LIBCMTD:utility_desktop.obj
 0001:00007870       __scrt_unhandled_exception_filter 0000000180008870 f   LIBCMTD:utility_desktop.obj
 0001:00007900       _RTC_Initialize            0000000180008900 f   LIBCMTD:_initsect_.obj
 0001:00007960       _RTC_Terminate             0000000180008960 f   LIBCMTD:_initsect_.obj
 0001:000079c0       _guard_check_icall         00000001800089c0 f i LIBCMTD:checkcfg.obj
 0001:000079e0       __isa_available_init       00000001800089e0 f   LIBCMTD:_cpu_disp_.obj
 0001:00007e40       _get_startup_argv_mode     0000000180008e40 f   LIBCMTD:argv_mode.obj
 0001:00007e50       __scrt_is_ucrt_dll_in_use  0000000180008e50 f   LIBCMTD:ucrt_detection.obj
 0001:00007e80       _guard_check_icall_nop     0000000180008e80 f i LIBCMTD:guard_support.obj
 0001:00007e90       _guard_icall_checks_enforced 0000000180008e90 f i LIBCMTD:guard_support.obj
 0001:00007ed0       __GSHandlerCheck           0000000180008ed0 f   LIBCMTD:_gshandler_.obj
 0001:00007f20       __GSHandlerCheckCommon     0000000180008f20 f   LIBCMTD:_gshandler_.obj
 0001:00008070       __security_check_cookie    0000000180009070 f   LIBCMTD:_amdsecgs_.obj
 0001:000080a0       __raise_securityfailure    00000001800090a0 f   LIBCMTD:gs_report.obj
 0001:000080f0       __report_gsfailure         00000001800090f0 f   LIBCMTD:gs_report.obj
 0001:00008200       __report_rangecheckfailure 0000000180009200 f   LIBCMTD:gs_report.obj
 0001:00008220       __report_securityfailure   0000000180009220 f   LIBCMTD:gs_report.obj
 0001:000082f0       __report_securityfailureEx 00000001800092f0 f   LIBCMTD:gs_report.obj
 0001:000085ee       QueryPerformanceCounter    00000001800095ee f   kernel32:KERNEL32.dll
 0001:000085f4       GetCurrentProcessId        00000001800095f4 f   kernel32:KERNEL32.dll
 0001:000085fa       GetCurrentThreadId         00000001800095fa f   kernel32:KERNEL32.dll
 0001:00008600       GetSystemTimeAsFileTime    0000000180009600 f   kernel32:KERNEL32.dll
 0001:00008606       InitializeSListHead        0000000180009606 f   kernel32:KERNEL32.dll
 0001:0000860c       RtlCaptureContext          000000018000960c f   kernel32:KERNEL32.dll
 0001:00008612       RtlLookupFunctionEntry     0000000180009612 f   kernel32:KERNEL32.dll
 0001:00008618       RtlVirtualUnwind           0000000180009618 f   kernel32:KERNEL32.dll
 0001:0000861e       IsDebuggerPresent          000000018000961e f   kernel32:KERNEL32.dll
 0001:00008624       UnhandledExceptionFilter   0000000180009624 f   kernel32:KERNEL32.dll
 0001:0000862a       SetUnhandledExceptionFilter 000000018000962a f   kernel32:KERNEL32.dll
 0001:00008630       GetStartupInfoW            0000000180009630 f   kernel32:KERNEL32.dll
 0001:00008636       IsProcessorFeaturePresent  0000000180009636 f   kernel32:KERNEL32.dll
 0001:0000863c       GetModuleHandleW           000000018000963c f   kernel32:KERNEL32.dll
 0001:00008642       GetCurrentProcess          0000000180009642 f   kernel32:KERNEL32.dll
 0001:00008648       TerminateProcess           0000000180009648 f   kernel32:KERNEL32.dll
 0001:00008650       __C_specific_handler       0000000180009650 f   libvcruntimed:_chandler_.obj
 0001:00008ba0       __vcrt_initialize          0000000180009ba0 f   libvcruntimed:initialization.obj
 0001:00008bf0       __vcrt_thread_attach       0000000180009bf0 f   libvcruntimed:initialization.obj
 0001:00008c10       __vcrt_thread_detach       0000000180009c10 f   libvcruntimed:initialization.obj
 0001:00008c30       __vcrt_uninitialize        0000000180009c30 f   libvcruntimed:initialization.obj
 0001:00008c60       __vcrt_uninitialize_critical 0000000180009c60 f   libvcruntimed:initialization.obj
 0001:00008cd0       ??$?RD@__crt_internal_free_policy@@QEBAXQEBD@Z 0000000180009cd0 f i libvcruntimed:std_type_info.obj
 0001:00008d00       ??$?RX@__crt_internal_free_policy@@QEBAXQEBX@Z 0000000180009d00 f i libvcruntimed:std_type_info.obj
 0001:00008d30       ??$__crt_interlocked_compare_exchange_pointer@$$CBD$$T$$T@@YAPEBDPEDSEBD$$T1@Z 0000000180009d30 f i libvcruntimed:std_type_info.obj
 0001:00008d80       ??$__crt_interlocked_compare_exchange_pointer@$$CBDPEAD$$T@@YAPEBDPEDSEBDQEAD$$T@Z 0000000180009d80 f i libvcruntimed:std_type_info.obj
 0001:00008dd0       ??$__crt_interlocked_read_pointer@$$CBD@@YAPEBDPEDSEBD@Z 0000000180009dd0 f i libvcruntimed:std_type_info.obj
 0001:00008e00       ??0?$__crt_unique_heap_ptr@DU__crt_internal_free_policy@@@@QEAA@QEAD@Z 0000000180009e00 f i libvcruntimed:std_type_info.obj
 0001:00008e30       ??0?$__crt_unique_heap_ptr@XU__crt_internal_free_policy@@@@QEAA@QEAX@Z 0000000180009e30 f i libvcruntimed:std_type_info.obj
 0001:00008e60       ??1?$__crt_unique_heap_ptr@DU__crt_internal_free_policy@@@@QEAA@XZ 0000000180009e60 f i libvcruntimed:std_type_info.obj
 0001:00008e80       ??1?$__crt_unique_heap_ptr@XU__crt_internal_free_policy@@@@QEAA@XZ 0000000180009e80 f i libvcruntimed:std_type_info.obj
 0001:00008ec0       ??B?$__crt_unique_heap_ptr@DU__crt_internal_free_policy@@@@QEBA_NXZ 0000000180009ec0 f i libvcruntimed:std_type_info.obj
 0001:00008ee0       ??B?$__crt_unique_heap_ptr@XU__crt_internal_free_policy@@@@QEBA_NXZ 0000000180009ee0 f i libvcruntimed:std_type_info.obj
 0001:00008f70       ?detach@?$__crt_unique_heap_ptr@XU__crt_internal_free_policy@@@@QEAAPEAXXZ 0000000180009f70 f i libvcruntimed:std_type_info.obj
 0001:00008fb0       ?get@?$__crt_unique_heap_ptr@DU__crt_internal_free_policy@@@@QEBAPEADXZ 0000000180009fb0 f i libvcruntimed:std_type_info.obj
 0001:00008fd0       ?get@?$__crt_unique_heap_ptr@XU__crt_internal_free_policy@@@@QEBAPEAXXZ 0000000180009fd0 f i libvcruntimed:std_type_info.obj
 0001:00008ff0       ?is_valid@?$__crt_unique_heap_ptr@DU__crt_internal_free_policy@@@@QEBA_NXZ 0000000180009ff0 f i libvcruntimed:std_type_info.obj
 0001:00009030       ?is_valid@?$__crt_unique_heap_ptr@XU__crt_internal_free_policy@@@@QEBA_NXZ 000000018000a030 f i libvcruntimed:std_type_info.obj
 0001:00009070       ?release@?$__crt_unique_heap_ptr@DU__crt_internal_free_policy@@@@QEAAXXZ 000000018000a070 f i libvcruntimed:std_type_info.obj
 0001:000090b0       ?release@?$__crt_unique_heap_ptr@XU__crt_internal_free_policy@@@@QEAAXXZ 000000018000a0b0 f i libvcruntimed:std_type_info.obj
 0001:000090f0       __std_type_info_compare    000000018000a0f0 f   libvcruntimed:std_type_info.obj
 0001:00009140       __std_type_info_destroy_list 000000018000a140 f   libvcruntimed:std_type_info.obj
 0001:000091b0       __std_type_info_hash       000000018000a1b0 f   libvcruntimed:std_type_info.obj
 0001:00009290       __std_type_info_name       000000018000a290 f   libvcruntimed:std_type_info.obj
 0001:00009620       _local_unwind              000000018000a620 f   libvcruntimed:_jmpuwind_.obj
 0001:00009650       _NLG_Notify                000000018000a650 f   libvcruntimed:_jmpuwind_.obj
 0001:00009670       __NLG_Dispatch2            000000018000a670 f   libvcruntimed:_jmpuwind_.obj
 0001:00009680       __NLG_Return2              000000018000a680 f   libvcruntimed:_jmpuwind_.obj
 0001:000096a0       __except_validate_context_record 000000018000a6a0 f   libvcruntimed:jbcxrval.obj
 0001:00009710       __except_validate_jump_buffer 000000018000a710 f   libvcruntimed:jbcxrval.obj
 0001:000097a0       ??$?RU__vcrt_ptd@@@__crt_internal_free_policy@@QEBAXQEBU__vcrt_ptd@@@Z 000000018000a7a0 f i libvcruntimed:per_thread_data.obj
 0001:000097d0       ??0?$__crt_unique_heap_ptr@U__vcrt_ptd@@U__crt_internal_free_policy@@@@QEAA@QEAU__vcrt_ptd@@@Z 000000018000a7d0 f i libvcruntimed:per_thread_data.obj
 0001:00009830       ??1?$__crt_unique_heap_ptr@U__vcrt_ptd@@U__crt_internal_free_policy@@@@QEAA@XZ 000000018000a830 f i libvcruntimed:per_thread_data.obj
 0001:00009880       ??B?$__crt_unique_heap_ptr@U__vcrt_ptd@@U__crt_internal_free_policy@@@@QEBA_NXZ 000000018000a880 f i libvcruntimed:per_thread_data.obj
 0001:000098a0       ?detach@?$__crt_unique_heap_ptr@U__vcrt_ptd@@U__crt_internal_free_policy@@@@QEAAPEAU__vcrt_ptd@@XZ 000000018000a8a0 f i libvcruntimed:per_thread_data.obj
 0001:000098e0       ?get@?$__crt_unique_heap_ptr@U__vcrt_ptd@@U__crt_internal_free_policy@@@@QEBAPEAU__vcrt_ptd@@XZ 000000018000a8e0 f i libvcruntimed:per_thread_data.obj
 0001:00009900       ?is_valid@?$__crt_unique_heap_ptr@U__vcrt_ptd@@U__crt_internal_free_policy@@@@QEBA_NXZ 000000018000a900 f i libvcruntimed:per_thread_data.obj
 0001:00009940       ?release@?$__crt_unique_heap_ptr@U__vcrt_ptd@@U__crt_internal_free_policy@@@@QEAAXXZ 000000018000a940 f i libvcruntimed:per_thread_data.obj
 0001:000099c0       __vcrt_freefls             000000018000a9c0 f   libvcruntimed:per_thread_data.obj
 0001:00009a10       __vcrt_freeptd             000000018000aa10 f   libvcruntimed:per_thread_data.obj
 0001:00009a90       __vcrt_getptd              000000018000aa90 f   libvcruntimed:per_thread_data.obj
 0001:00009ac0       __vcrt_getptd_noexit       000000018000aac0 f   libvcruntimed:per_thread_data.obj
 0001:00009cd0       __vcrt_initialize_ptd      000000018000acd0 f   libvcruntimed:per_thread_data.obj
 0001:00009d30       __vcrt_uninitialize_ptd    000000018000ad30 f   libvcruntimed:per_thread_data.obj
 0001:00009d70       __vcrt_initialize_locks    000000018000ad70 f   libvcruntimed:locks.obj
 0001:00009e00       __vcrt_lock                000000018000ae00 f   libvcruntimed:locks.obj
 0001:00009e40       __vcrt_uninitialize_locks  000000018000ae40 f   libvcruntimed:locks.obj
 0001:00009eb0       __vcrt_unlock              000000018000aeb0 f   libvcruntimed:locks.obj
 0001:00009ef0       ??$?BX@__crt_fast_encoded_nullptr_t@@QEBAPEAXXZ 000000018000aef0 f i libvcruntimed:winapi_downlevel.obj
 0001:00009f10       ??$__crt_fast_decode_pointer@PEAX@@YAPEAXQEAX@Z 000000018000af10 f i libvcruntimed:winapi_downlevel.obj
 0001:00009f60       ??$__crt_fast_encode_pointer@PEAX@@YAPEAXQEAX@Z 000000018000af60 f i libvcruntimed:winapi_downlevel.obj
 0001:00009fb0       ??$__crt_interlocked_compare_exchange_pointer@UHINSTANCE__@@$$T$$T@@YAPEAUHINSTANCE__@@PEDSEAU0@$$T1@Z 000000018000afb0 f i libvcruntimed:winapi_downlevel.obj
 0001:0000a000       ??$__crt_interlocked_compare_exchange_pointer@X$$T$$T@@YAPEAXPEDSEAX$$T1@Z 000000018000b000 f i libvcruntimed:winapi_downlevel.obj
 0001:0000a050       ??$__crt_interlocked_exchange_pointer@UHINSTANCE__@@PEAU1@@@YAPEAUHINSTANCE__@@PEDSEAU0@QEAU0@@Z 000000018000b050 f i libvcruntimed:winapi_downlevel.obj
 0001:0000a070       ??$__crt_interlocked_exchange_pointer@UHINSTANCE__@@PEAX@@YAPEAUHINSTANCE__@@PEDSEAU0@QEAX@Z 000000018000b070 f i libvcruntimed:winapi_downlevel.obj
 0001:0000a090       ??$__crt_interlocked_exchange_pointer@XPEAX@@YAPEAXPEDSEAXQEAX@Z 000000018000b090 f i libvcruntimed:winapi_downlevel.obj
 0001:0000a0b0       ??$__crt_interlocked_read_pointer@UHINSTANCE__@@@@YAPEAUHINSTANCE__@@PEDSEAU0@@Z 000000018000b0b0 f i libvcruntimed:winapi_downlevel.obj
 0001:0000a0e0       ??$__crt_interlocked_read_pointer@X@@YAPEAXPEDSEAX@Z 000000018000b0e0 f i libvcruntimed:winapi_downlevel.obj
 0001:0000a110       ?__crt_fast_encode_pointer@@YA?AU__crt_fast_encoded_nullptr_t@@$$T@Z 000000018000b110 f i libvcruntimed:winapi_downlevel.obj
 0001:0000a890       __vcrt_EventRegister       000000018000b890 f   libvcruntimed:winapi_downlevel.obj
 0001:0000a910       __vcrt_EventSetInformation 000000018000b910 f   libvcruntimed:winapi_downlevel.obj
 0001:0000a990       __vcrt_EventUnregister     000000018000b990 f   libvcruntimed:winapi_downlevel.obj
 0001:0000a9f0       __vcrt_EventWriteTransfer  000000018000b9f0 f   libvcruntimed:winapi_downlevel.obj
 0001:0000aa90       __vcrt_FlsAlloc            000000018000ba90 f   libvcruntimed:winapi_downlevel.obj
 0001:0000aaf0       __vcrt_FlsFree             000000018000baf0 f   libvcruntimed:winapi_downlevel.obj
 0001:0000ab50       __vcrt_FlsGetValue         000000018000bb50 f   libvcruntimed:winapi_downlevel.obj
 0001:0000abb0       __vcrt_FlsSetValue         000000018000bbb0 f   libvcruntimed:winapi_downlevel.obj
 0001:0000ac20       __vcrt_InitializeCriticalSectionEx 000000018000bc20 f   libvcruntimed:winapi_downlevel.obj
 0001:0000aca0       __vcrt_initialize_winapi_thunks 000000018000bca0 f   libvcruntimed:winapi_downlevel.obj
 0001:0000ad40       __vcrt_uninitialize_winapi_thunks 000000018000bd40 f   libvcruntimed:winapi_downlevel.obj
 0001:0000ae00       ??$?B$$A6AXXZ@__crt_fast_encoded_nullptr_t@@QEBAP6AXXZXZ 000000018000be00 f i libvcruntimed:purevirt_data.obj
 0001:0000ae20       ??$__crt_fast_encode_pointer@P6AXXZ@@YAP6AXXZQ6AXXZ@Z 000000018000be20 f i libvcruntimed:purevirt_data.obj
 0001:0000ae70       __vcrt_initialize_pure_virtual_call_handler 000000018000be70 f   libvcruntimed:purevirt_data.obj
 0001:0000aea0       ??$__vcrt_va_start_verify_argument_type@QEBD@@YAXXZ 000000018000bea0 f i libvcruntimed:undname.obj
 0001:0000aeb0       ??0Block@_HeapManager@@QEAA@XZ 000000018000beb0 f i libvcruntimed:undname.obj
 0001:0000aed0       ??0DName@@QEAA@AEAPEBDD@Z  000000018000bed0 f   libvcruntimed:undname.obj
 0001:0000b2f0       ??0DName@@QEAA@AEBV0@@Z    000000018000c2f0 f i libvcruntimed:undname.obj
 0001:0000b320       ??0DName@@QEAA@D@Z         000000018000c320 f   libvcruntimed:undname.obj
 0001:0000b460       ??0DName@@QEAA@PEAV0@@Z    000000018000c460 f   libvcruntimed:undname.obj
 0001:0000b640       ??0DName@@QEAA@PEBD@Z      000000018000c640 f   libvcruntimed:undname.obj
 0001:0000b790       ??0DName@@QEAA@W4DNameStatus@@@Z 000000018000c790 f   libvcruntimed:undname.obj
 0001:0000b930       ??0DName@@QEAA@XZ          000000018000c930 f i libvcruntimed:undname.obj
 0001:0000ba30       ??0DName@@QEAA@_J@Z        000000018000ca30 f   libvcruntimed:undname.obj
 0001:0000bc60       ??0DName@@QEAA@_K@Z        000000018000cc60 f   libvcruntimed:undname.obj
 0001:0000be40       ??0DNameNode@@IEAA@XZ      000000018000ce40 f   libvcruntimed:undname.obj
 0001:0000be60       ??0DNameStatusNode@@AEAA@W4DNameStatus@@@Z 000000018000ce60 f   libvcruntimed:undname.obj
 0001:0000bee0       ??0Replicator@@QEAA@XZ     000000018000cee0 f i libvcruntimed:undname.obj
 0001:0000bf00       ??0UnDecorator@@QEAA@PEADPEBDHP6APEADJ@ZK@Z 000000018000cf00 f i libvcruntimed:undname.obj
 0001:0000c000       ??0charNode@@QEAA@D@Z      000000018000d000 f   libvcruntimed:undname.obj
 0001:0000c050       ??0pDNameNode@@QEAA@PEAVDName@@@Z 000000018000d050 f   libvcruntimed:undname.obj
 0001:0000c0f0       ??0pairNode@@QEAA@PEAVDNameNode@@0@Z 000000018000d0f0 f   libvcruntimed:undname.obj
 0001:0000c170       ??0pcharNode@@QEAA@PEBDH@Z 000000018000d170 f   libvcruntimed:undname.obj
 0001:0000c270       ??2@YAPEAX_KAEAV_HeapManager@@H@Z 000000018000d270 f i libvcruntimed:undname.obj
 0001:0000c2b0       ??4DName@@QEAAAEAV0@AEBV0@@Z 000000018000d2b0 f   libvcruntimed:undname.obj
 0001:0000c2e0       ??4DName@@QEAAAEAV0@D@Z    000000018000d2e0 f i libvcruntimed:undname.obj
 0001:0000c420       ??4DName@@QEAAAEAV0@PEAV0@@Z 000000018000d420 f   libvcruntimed:undname.obj
 0001:0000c5f0       ??4DName@@QEAAAEAV0@PEBD@Z 000000018000d5f0 f   libvcruntimed:undname.obj
 0001:0000c730       ??4DName@@QEAAAEAV0@W4DNameStatus@@@Z 000000018000d730 f   libvcruntimed:undname.obj
 0001:0000c8a0       ??AReplicator@@QEBA?AVDName@@H@Z 000000018000d8a0 f   libvcruntimed:undname.obj
 0001:0000c950       ??BUnDecorator@@QEAAPEADXZ 000000018000d950 f i libvcruntimed:undname.obj
 0001:0000cd50       ??H@YA?AVDName@@DAEBV0@@Z  000000018000dd50 f i libvcruntimed:undname.obj
 0001:0000cda0       ??H@YA?AVDName@@PEBDAEBV0@@Z 000000018000dda0 f i libvcruntimed:undname.obj
 0001:0000cdf0       ??H@YA?AVDName@@W4DNameStatus@@AEBV0@@Z 000000018000ddf0 f i libvcruntimed:undname.obj
 0001:0000ce40       ??HDName@@QEBA?AV0@AEBV0@@Z 000000018000de40 f   libvcruntimed:undname.obj
 0001:0000cea0       ??HDName@@QEBA?AV0@D@Z     000000018000dea0 f   libvcruntimed:undname.obj
 0001:0000cf00       ??HDName@@QEBA?AV0@PEAV0@@Z 000000018000df00 f   libvcruntimed:undname.obj
 0001:0000cf60       ??HDName@@QEBA?AV0@PEBD@Z  000000018000df60 f   libvcruntimed:undname.obj
 0001:0000cfc0       ??HDName@@QEBA?AV0@W4DNameStatus@@@Z 000000018000dfc0 f   libvcruntimed:undname.obj
 0001:0000d020       ??YDName@@QEAAAEAV0@AEBV0@@Z 000000018000e020 f   libvcruntimed:undname.obj
 0001:0000d0c0       ??YDName@@QEAAAEAV0@D@Z    000000018000e0c0 f   libvcruntimed:undname.obj
 0001:0000d190       ??YDName@@QEAAAEAV0@PEAV0@@Z 000000018000e190 f   libvcruntimed:undname.obj
 0001:0000d2b0       ??YDName@@QEAAAEAV0@PEBD@Z 000000018000e2b0 f   libvcruntimed:undname.obj
 0001:0000d3a0       ??YDName@@QEAAAEAV0@W4DNameStatus@@@Z 000000018000e3a0 f   libvcruntimed:undname.obj
 0001:0000d430       ??YReplicator@@QEAAAEAV0@AEBVDName@@@Z 000000018000e430 f   libvcruntimed:undname.obj
 0001:0000d520       ??_5DName@@QEAAAEAV0@AEBV0@@Z 000000018000e520 f   libvcruntimed:undname.obj
 0001:0000d5a0       ?Constructor@_HeapManager@@QEAAXP6APEAX_K@ZP6AXPEAX@Z@Z 000000018000e5a0 f i libvcruntimed:undname.obj
 0001:0000d610       ?Destructor@_HeapManager@@QEAAXXZ 000000018000e610 f i libvcruntimed:undname.obj
 0001:0000d6b0       ?UScore@UnDecorator@@SAPEBDW4Tokens@@@Z 000000018000e6b0 f   libvcruntimed:undname.obj
 0001:0000d700       ?append@DName@@AEAAXPEAVDNameNode@@@Z 000000018000e700 f   libvcruntimed:undname.obj
 0001:0000d7e0       ?composeDeclaration@UnDecorator@@CA?AVDName@@AEBV2@@Z 000000018000e7e0 f i libvcruntimed:undname.obj
 0001:000100d0       ?dbGetString@DName@@QEBAPEADXZ 00000001800110d0 f   libvcruntimed:undname.obj
 0001:00010110       ?doAccessSpecifiers@UnDecorator@@SAHXZ 0000000180011110 f i libvcruntimed:undname.obj
 0001:00010150       ?doAllocationLanguage@UnDecorator@@SAHXZ 0000000180011150 f i libvcruntimed:undname.obj
 0001:00010190       ?doAllocationModel@UnDecorator@@SAHXZ 0000000180011190 f i libvcruntimed:undname.obj
 0001:000101d0       ?doEcsu@UnDecorator@@SAHXZ 00000001800111d0 f i libvcruntimed:undname.obj
 0001:00010210       ?doEllipsis@UnDecorator@@SAHXZ 0000000180011210 f i libvcruntimed:undname.obj
 0001:00010250       ?doFunctionReturns@UnDecorator@@SAHXZ 0000000180011250 f i libvcruntimed:undname.obj
 0001:00010290       ?doMSKeywords@UnDecorator@@SAHXZ 0000000180011290 f i libvcruntimed:undname.obj
 0001:000102d0       ?doMemberTypes@UnDecorator@@SAHXZ 00000001800112d0 f i libvcruntimed:undname.obj
 0001:00010310       ?doNameOnly@UnDecorator@@SAHXZ 0000000180011310 f i libvcruntimed:undname.obj
 0001:00010320       ?doNoIdentCharCheck@UnDecorator@@SAHXZ 0000000180011320 f i libvcruntimed:undname.obj
 0001:00010330       ?doPchar@DName@@AEAAXPEBDH@Z 0000000180011330 f   libvcruntimed:undname.obj
 0001:00010520       ?doPtr64@UnDecorator@@SAHXZ 0000000180011520 f i libvcruntimed:undname.obj
 0001:00010560       ?doRestrictionSpec@UnDecorator@@SAHXZ 0000000180011560 f i libvcruntimed:undname.obj
 0001:000105a0       ?doThisTypes@UnDecorator@@SAHXZ 00000001800115a0 f i libvcruntimed:undname.obj
 0001:000105e0       ?doThrowTypes@UnDecorator@@SAHXZ 00000001800115e0 f i libvcruntimed:undname.obj
 0001:00010620       ?doTypeOnly@UnDecorator@@SAHXZ 0000000180011620 f i libvcruntimed:undname.obj
 0001:00010630       ?doUnderScore@UnDecorator@@SAHXZ 0000000180011630 f i libvcruntimed:undname.obj
 0001:00010670       ?getArgumentList@UnDecorator@@CA?AVDName@@XZ 0000000180011670 f   libvcruntimed:undname.obj
 0001:00010870       ?getArgumentTypes@UnDecorator@@CA?AVDName@@XZ 0000000180011870 f   libvcruntimed:undname.obj
 0001:00010aa0       ?getArrayType@UnDecorator@@CA?AVDName@@AEBV2@@Z 0000000180011aa0 f i libvcruntimed:undname.obj
 0001:00010e50       ?getBasedType@UnDecorator@@CA?AVDName@@XZ 0000000180011e50 f   libvcruntimed:undname.obj
 0001:00010f80       ?getBasicDataType@UnDecorator@@CA?AVDName@@AEBV2@@Z 0000000180011f80 f   libvcruntimed:undname.obj
 0001:000118a0       ?getCallIndex@UnDecorator@@CA?AVDName@@XZ 00000001800128a0 f i libvcruntimed:undname.obj
 0001:000118d0       ?getCallingConvention@UnDecorator@@CA?AVDName@@XZ 00000001800128d0 f   libvcruntimed:undname.obj
 0001:00011b40       ?getDataIndirectType@UnDecorator@@CA?AVDName@@AEBV2@PEBD0H@Z 0000000180012b40 f   libvcruntimed:undname.obj
 0001:00012820       ?getDataIndirectType@UnDecorator@@CA?AVDName@@XZ 0000000180013820 f i libvcruntimed:undname.obj
 0001:00012890       ?getDataType@UnDecorator@@CA?AVDName@@PEAV2@@Z 0000000180013890 f   libvcruntimed:undname.obj
 0001:00012a80       ?getDecoratedName@UnDecorator@@CA?AVDName@@XZ 0000000180013a80 f   libvcruntimed:undname.obj
 0001:00012f80       ?getDimension@UnDecorator@@CA?AVDName@@_N@Z 0000000180013f80 f   libvcruntimed:undname.obj
 0001:000133c0       ?getDispatchTarget@UnDecorator@@CA?AVDName@@XZ 00000001800143c0 f   libvcruntimed:undname.obj
 0001:000134c0       ?getDisplacement@UnDecorator@@CA?AVDName@@XZ 00000001800144c0 f i libvcruntimed:undname.obj
 0001:000134f0       ?getECSUDataType@UnDecorator@@CA?AVDName@@XZ 00000001800144f0 f   libvcruntimed:undname.obj
 0001:000137c0       ?getECSUName@UnDecorator@@CA?AVDName@@XZ 00000001800147c0 f i libvcruntimed:undname.obj
 0001:000137f0       ?getEnumType@UnDecorator@@CA?AVDName@@XZ 00000001800147f0 f i libvcruntimed:undname.obj
 0001:000139d0       ?getExtendedDataIndirectType@UnDecorator@@CA?AVDName@@AEAPEBDAEA_NH@Z 00000001800149d0 f   libvcruntimed:undname.obj
 0001:00013dc0       ?getExternalDataType@UnDecorator@@CA?AVDName@@AEBV2@@Z 0000000180014dc0 f i libvcruntimed:undname.obj
 0001:00013ec0       ?getFunctionIndirectType@UnDecorator@@CA?AVDName@@AEBV2@@Z 0000000180014ec0 f   libvcruntimed:undname.obj
 0001:000145c0       ?getGuardNumber@UnDecorator@@CA?AVDName@@XZ 00000001800155c0 f i libvcruntimed:undname.obj
 0001:000145f0       ?getLastChar@DName@@QEBADXZ 00000001800155f0 f i libvcruntimed:undname.obj
 0001:00014660       ?getLastChar@DNameStatusNode@@UEBADXZ 0000000180015660 f i libvcruntimed:undname.obj
 0001:000146b0       ?getLastChar@charNode@@UEBADXZ 00000001800156b0 f i libvcruntimed:undname.obj
 0001:000146d0       ?getLastChar@pDNameNode@@UEBADXZ 00000001800156d0 f i libvcruntimed:undname.obj
 0001:00014720       ?getLastChar@pairNode@@UEBADXZ 0000000180015720 f i libvcruntimed:undname.obj
 0001:000147e0       ?getLastChar@pcharNode@@UEBADXZ 00000001800157e0 f i libvcruntimed:undname.obj
 0001:00014830       ?getLexicalFrame@UnDecorator@@CA?AVDName@@XZ 0000000180015830 f i libvcruntimed:undname.obj
 0001:00014880       ?getMemory@_HeapManager@@QEAAPEAX_KH@Z 0000000180015880 f   libvcruntimed:undname.obj
 0001:00014a60       ?getNumberOfDimensions@UnDecorator@@CAHXZ 0000000180015a60 f   libvcruntimed:undname.obj
 0001:00014bd0       ?getOperatorName@UnDecorator@@CA?AVDName@@_NPEA_N@Z 0000000180015bd0 f i libvcruntimed:undname.obj
 0001:00015cb0       ?getPointerType@UnDecorator@@CA?AVDName@@AEBV2@0@Z 0000000180016cb0 f i libvcruntimed:undname.obj
 0001:00015d10       ?getPointerTypeArray@UnDecorator@@CA?AVDName@@AEBV2@0@Z 0000000180016d10 f i libvcruntimed:undname.obj
 0001:00015d70       ?getPrimaryDataType@UnDecorator@@CA?AVDName@@AEBV2@@Z 0000000180016d70 f   libvcruntimed:undname.obj
 0001:00016390       ?getPtrRefDataType@UnDecorator@@CA?AVDName@@AEBV2@H@Z 0000000180017390 f   libvcruntimed:undname.obj
 0001:000165e0       ?getPtrRefType@UnDecorator@@CA?AVDName@@AEBV2@0PEBD@Z 00000001800175e0 f   libvcruntimed:undname.obj
 0001:00016880       ?getReferenceType@UnDecorator@@CA?AVDName@@AEBV2@0PEBD@Z 0000000180017880 f i libvcruntimed:undname.obj
 0001:000168d0       ?getRestrictionSpec@UnDecorator@@CA?AVDName@@XZ 00000001800178d0 f   libvcruntimed:undname.obj
 0001:00016ad0       ?getReturnType@UnDecorator@@CA?AVDName@@PEAV2@@Z 0000000180017ad0 f   libvcruntimed:undname.obj
 0001:00016b50       ?getScope@UnDecorator@@CA?AVDName@@XZ 0000000180017b50 f   libvcruntimed:undname.obj
 0001:000172c0       ?getScopedName@UnDecorator@@CA?AVDName@@XZ 00000001800182c0 f   libvcruntimed:undname.obj
 0001:00017480       ?getSignedDimension@UnDecorator@@CA?AVDName@@XZ 0000000180018480 f   libvcruntimed:undname.obj
 0001:00017530       ?getStorageConvention@UnDecorator@@CA?AVDName@@XZ 0000000180018530 f i libvcruntimed:undname.obj
 0001:00017560       ?getString@DName@@QEBAPEADPEAD0@Z 0000000180018560 f i libvcruntimed:undname.obj
 0001:000175f0       ?getString@DName@@QEBAPEADPEADH@Z 00000001800185f0 f i libvcruntimed:undname.obj
 0001:000176d0       ?getString@DNameStatusNode@@UEBAPEADPEAD0@Z 00000001800186d0 f i libvcruntimed:undname.obj
 0001:00017730       ?getString@charNode@@UEBAPEADPEAD0@Z 0000000180018730 f i libvcruntimed:undname.obj
 0001:00017780       ?getString@pDNameNode@@UEBAPEADPEAD0@Z 0000000180018780 f i libvcruntimed:undname.obj
 0001:000177f0       ?getString@pairNode@@UEBAPEADPEAD0@Z 00000001800187f0 f i libvcruntimed:undname.obj
 0001:000178e0       ?getString@pcharNode@@UEBAPEADPEAD0@Z 00000001800188e0 f i libvcruntimed:undname.obj
 0001:00017930       ?getStringEncoding@UnDecorator@@CA?AVDName@@PEADH@Z 0000000180018930 f   libvcruntimed:undname.obj
 0001:00017ac0       ?getStringHelper@@YAPEADPEAD00H@Z 0000000180018ac0 f i libvcruntimed:undname.obj
 0001:00017b40       ?getSymbolName@UnDecorator@@CA?AVDName@@XZ 0000000180018b40 f i libvcruntimed:undname.obj
 0001:00017c00       ?getTemplateArgumentList@UnDecorator@@CA?AVDName@@XZ 0000000180018c00 f   libvcruntimed:undname.obj
 0001:00018190       ?getTemplateConstant@UnDecorator@@CA?AVDName@@XZ 0000000180019190 f   libvcruntimed:undname.obj
 0001:000189e0       ?getTemplateName@UnDecorator@@CA?AVDName@@_N@Z 00000001800199e0 f   libvcruntimed:undname.obj
 0001:00018cb0       ?getThisType@UnDecorator@@CA?AVDName@@XZ 0000000180019cb0 f i libvcruntimed:undname.obj
 0001:00018d20       ?getThrowTypes@UnDecorator@@CA?AVDName@@XZ 0000000180019d20 f   libvcruntimed:undname.obj
 0001:00018e40       ?getTypeEncoding@UnDecorator@@CAHXZ 0000000180019e40 f i libvcruntimed:undname.obj
 0001:00019cc0       ?getVCallThunkType@UnDecorator@@CA?AVDName@@XZ 000000018001acc0 f i libvcruntimed:undname.obj
 0001:00019d60       ?getVbTableType@UnDecorator@@CA?AVDName@@AEBV2@@Z 000000018001ad60 f i libvcruntimed:undname.obj
 0001:00019d90       ?getVdispMapType@UnDecorator@@CA?AVDName@@AEBV2@@Z 000000018001ad90 f i libvcruntimed:undname.obj
 0001:00019e40       ?getVfTableType@UnDecorator@@CA?AVDName@@AEBV2@@Z 000000018001ae40 f i libvcruntimed:undname.obj
 0001:0001a0f0       ?getZName@UnDecorator@@CA?AVDName@@_N0@Z 000000018001b0f0 f   libvcruntimed:undname.obj
 0001:0001a580       ?haveTemplateParameters@UnDecorator@@SAHXZ 000000018001b580 f i libvcruntimed:undname.obj
 0001:0001a590       ?isArray@DName@@QEBAHXZ    000000018001b590 f i libvcruntimed:undname.obj
 0001:0001a5b0       ?isComArray@DName@@QEBAHXZ 000000018001b5b0 f i libvcruntimed:undname.obj
 0001:0001a5d0       ?isEmpty@DName@@QEBAHXZ    000000018001b5d0 f i libvcruntimed:undname.obj
 0001:0001a610       ?isFull@Replicator@@QEBAHXZ 000000018001b610 f i libvcruntimed:undname.obj
 0001:0001a650       ?isNoTE@DName@@QEBAHXZ     000000018001b650 f i libvcruntimed:undname.obj
 0001:0001a670       ?isPinPtr@DName@@QEBAHXZ   000000018001b670 f i libvcruntimed:undname.obj
 0001:0001a690       ?isPtrRef@DName@@QEBAHXZ   000000018001b690 f i libvcruntimed:undname.obj
 0001:0001a6b0       ?isUDC@DName@@QEBAHXZ      000000018001b6b0 f i libvcruntimed:undname.obj
 0001:0001a710       ?isUDTThunk@DName@@QEBAHXZ 000000018001b710 f i libvcruntimed:undname.obj
 0001:0001a770       ?isVCallThunk@DName@@QEBAHXZ 000000018001b770 f i libvcruntimed:undname.obj
 0001:0001a790       ?isValid@DName@@QEBAHXZ    000000018001b790 f i libvcruntimed:undname.obj
 0001:0001a7e0       ?length@DName@@QEBAHXZ     000000018001b7e0 f i libvcruntimed:undname.obj
 0001:0001a850       ?length@DNameStatusNode@@UEBAHXZ 000000018001b850 f i libvcruntimed:undname.obj
 0001:0001a870       ?length@charNode@@UEBAHXZ  000000018001b870 f i libvcruntimed:undname.obj
 0001:0001a880       ?length@pDNameNode@@UEBAHXZ 000000018001b880 f i libvcruntimed:undname.obj
 0001:0001a8d0       ?length@pairNode@@UEBAHXZ  000000018001b8d0 f i libvcruntimed:undname.obj
 0001:0001a9b0       ?length@pcharNode@@UEBAHXZ 000000018001b9b0 f i libvcruntimed:undname.obj
 0001:0001a9d0       ?make@DNameStatusNode@@SAPEAV1@W4DNameStatus@@@Z 000000018001b9d0 f i libvcruntimed:undname.obj
 0001:0001aaa0       ?setIsArray@DName@@QEAAXXZ 000000018001baa0 f i libvcruntimed:undname.obj
 0001:0001aac0       ?setIsComArray@DName@@QEAAXXZ 000000018001bac0 f i libvcruntimed:undname.obj
 0001:0001aae0       ?setIsNoTE@DName@@QEAAXXZ  000000018001bae0 f i libvcruntimed:undname.obj
 0001:0001ab00       ?setIsPinPtr@DName@@QEAAXXZ 000000018001bb00 f i libvcruntimed:undname.obj
 0001:0001ab20       ?setIsUDC@DName@@QEAAXXZ   000000018001bb20 f i libvcruntimed:undname.obj
 0001:0001ab60       ?setIsVCallThunk@DName@@QEAAXXZ 000000018001bb60 f i libvcruntimed:undname.obj
 0001:0001ab80       ?setPtrRef@DName@@QEAAAEAV1@XZ 000000018001bb80 f i libvcruntimed:undname.obj
 0001:0001abb0       ?status@DName@@QEBA?AW4DNameStatus@@XZ 000000018001bbb0 f i libvcruntimed:undname.obj
 0001:0001ad20       __unDName                  000000018001bd20 f   libvcruntimed:undname.obj
 0001:0001ae20       __unDNameEx                000000018001be20 f   libvcruntimed:undname.obj
 0001:0001af20       _vsprintf_s_l              000000018001bf20 f i libvcruntimed:undname.obj
 0001:0001afb0       sprintf_s                  000000018001bfb0 f i libvcruntimed:undname.obj
 0001:0001b030       ??$__crt_fast_decode_pointer@P6AXXZ@@YAP6AXXZQ6AXXZ@Z 000000018001c030 f i libvcruntimed:purevirt.obj
 0001:0001b080       ??$__crt_interlocked_compare_exchange_pointer@$$A6AXXZ$$T$$T@@YAP6AXXZPEDS6AXXZ$$T1@Z 000000018001c080 f i libvcruntimed:purevirt.obj
 0001:0001b0d0       ??$__crt_interlocked_exchange_pointer@$$A6AXXZP6AXXZ@@YAP6AXXZPEDS6AXXZQ6AXXZ@Z 000000018001c0d0 f i libvcruntimed:purevirt.obj
 0001:0001b0f0       ??$__crt_interlocked_read_pointer@$$A6AXXZ@@YAP6AXXZPEDS6AXXZ@Z 000000018001c0f0 f i libvcruntimed:purevirt.obj
 0001:0001b120       _get_purecall_handler      000000018001c120 f   libvcruntimed:purevirt.obj
 0001:0001b150       _purecall                  000000018001c150 f   libvcruntimed:purevirt.obj
 0001:0001b1a0       _set_purecall_handler      000000018001c1a0 f   libvcruntimed:purevirt.obj
 0001:0001b1e0       sinf                       000000018001c1e0 f   libucrtd:sinf.obj
 0001:0001baa0       _initterm                  000000018001caa0 f   libucrtd:initterm.obj
 0001:0001bb20       _initterm_e                000000018001cb20 f   libucrtd:initterm.obj
 0001:0001bc30       _seh_filter_dll            000000018001cc30 f   libucrtd:exception_filter.obj
 0001:0001bc70       _seh_filter_exe            000000018001cc70 f   libucrtd:exception_filter.obj
 0001:0001bfc0       ??$?B$$A6AXPEAXK0@Z@__crt_fast_encoded_nullptr_t@@QEBAP6AXPEAXK0@ZXZ 000000018001cfc0 f i libucrtd:exit.obj
 0001:0001c0a0       ??$__crt_fast_decode_pointer@P6AXPEAXK0@Z@@YAP6AXPEAXK0@ZQ6AX0K0@Z@Z 000000018001d0a0 f i libucrtd:exit.obj
 0001:0001c0f0       ??$__crt_fast_encode_pointer@P6AXPEAXK0@Z@@YAP6AXPEAXK0@ZQ6AX0K0@Z@Z 000000018001d0f0 f i libucrtd:exit.obj
 0001:0001c140       ??$__crt_get_proc_address@P6AXI@Z@@YAP6AXI@ZQEAUHINSTANCE__@@QEBD@Z 000000018001d140 f i libucrtd:exit.obj
 0001:0001c170       ??$__crt_interlocked_read@J@@YAJPEDJ@Z 000000018001d170 f i libucrtd:exit.obj
 0001:0001c250       ??0?$__crt_unique_handle_t@U__crt_hmodule_traits@@@@QEAA@QEAUHINSTANCE__@@@Z 000000018001d250 f i libucrtd:exit.obj
 0001:0001c280       ??1?$__crt_unique_handle_t@U__crt_hmodule_traits@@@@QEAA@XZ 000000018001d280 f i libucrtd:exit.obj
 0001:0001c420       ?__acrt_select_exit_lock@@YA?AW4__acrt_lock_id@@XZ 000000018001d420 f i libucrtd:exit.obj
 0001:0001c430       ?__crt_interlocked_read_32@@YAHPEDH@Z 000000018001d430 f i libucrtd:exit.obj
 0001:0001c480       ?close@?$__crt_unique_handle_t@U__crt_hmodule_traits@@@@QEAAXXZ 000000018001d480 f i libucrtd:exit.obj
 0001:0001c4d0       ?close@__crt_hmodule_traits@@SA_NPEAUHINSTANCE__@@@Z 000000018001d4d0 f i libucrtd:exit.obj
 0001:0001c620       ?get@?$__crt_unique_handle_t@U__crt_hmodule_traits@@@@QEBAPEAUHINSTANCE__@@XZ 000000018001d620 f i libucrtd:exit.obj
 0001:0001c640       ?get_address_of@?$__crt_unique_handle_t@U__crt_hmodule_traits@@@@QEAAPEAPEAUHINSTANCE__@@XZ 000000018001d640 f i libucrtd:exit.obj
 0001:0001c650       ?get_invalid_value@__crt_hmodule_traits@@SAPEAUHINSTANCE__@@XZ 000000018001d650 f i libucrtd:exit.obj
 0001:0001c870       _Exit                      000000018001d870 f   libucrtd:exit.obj
 0001:0001c8a0       __acrt_initialize_thread_local_exit_callback 000000018001d8a0 f   libucrtd:exit.obj
 0001:0001c8c0       _c_exit                    000000018001d8c0 f   libucrtd:exit.obj
 0001:0001c8f0       _cexit                     000000018001d8f0 f   libucrtd:exit.obj
 0001:0001c910       _exit                      000000018001d910 f   libucrtd:exit.obj
 0001:0001c940       _is_c_termination_complete 000000018001d940 f   libucrtd:exit.obj
 0001:0001c960       _register_thread_local_exe_atexit_callback 000000018001d960 f   libucrtd:exit.obj
 0001:0001c9c0       exit                       000000018001d9c0 f   libucrtd:exit.obj
 0001:0001c9f0       quick_exit                 000000018001d9f0 f   libucrtd:exit.obj
 0001:0001ca20       ??$?RE@__crt_internal_free_policy@@QEBAXQEBE@Z 000000018001da20 f i libucrtd:argv_parsing.obj
 0001:0001ca50       ??$?RPEAD@__crt_internal_free_policy@@QEBAXQEBQEAD@Z 000000018001da50 f i libucrtd:argv_parsing.obj
 0001:0001ca80       ??$?RPEA_W@__crt_internal_free_policy@@QEBAXQEBQEA_W@Z 000000018001da80 f i libucrtd:argv_parsing.obj
 0001:0001d390       ??$get_module_file_name@$$TAEAY0BAF@DH@?$__crt_char_traits@D@@SAK$$QEA$$TAEAY0BAF@D$$QEAH@Z 000000018001e390 f i libucrtd:argv_parsing.obj
 0001:0001d3d0       ??$get_module_file_name@$$TAEAY0BAF@_WH@?$__crt_char_traits@_W@@SAK$$QEA$$TAEAY0BAF@_W$$QEAH@Z 000000018001e3d0 f i libucrtd:argv_parsing.obj
 0001:0001dfd0       ??$set_program_name@PEAD@?$__crt_char_traits@D@@SAX$$QEAPEAD@Z 000000018001efd0 f i libucrtd:argv_parsing.obj
 0001:0001e000       ??$set_program_name@PEA_W@?$__crt_char_traits@_W@@SAX$$QEAPEA_W@Z 000000018001f000 f i libucrtd:argv_parsing.obj
 0001:0001e090       ??0?$__crt_unique_heap_ptr@EU__crt_internal_free_policy@@@@QEAA@QEAE@Z 000000018001f090 f i libucrtd:argv_parsing.obj
 0001:0001e0c0       ??0?$__crt_unique_heap_ptr@PEADU__crt_internal_free_policy@@@@QEAA@QEAPEAD@Z 000000018001f0c0 f i libucrtd:argv_parsing.obj
 0001:0001e0f0       ??0?$__crt_unique_heap_ptr@PEA_WU__crt_internal_free_policy@@@@QEAA@QEAPEA_W@Z 000000018001f0f0 f i libucrtd:argv_parsing.obj
 0001:0001e120       ??1?$__crt_unique_heap_ptr@EU__crt_internal_free_policy@@@@QEAA@XZ 000000018001f120 f i libucrtd:argv_parsing.obj
 0001:0001e140       ??1?$__crt_unique_heap_ptr@PEADU__crt_internal_free_policy@@@@QEAA@XZ 000000018001f140 f i libucrtd:argv_parsing.obj
 0001:0001e160       ??1?$__crt_unique_heap_ptr@PEA_WU__crt_internal_free_policy@@@@QEAA@XZ 000000018001f160 f i libucrtd:argv_parsing.obj
 0001:0001e180       ??B?$__crt_unique_heap_ptr@EU__crt_internal_free_policy@@@@QEBA_NXZ 000000018001f180 f i libucrtd:argv_parsing.obj
 0001:0001e280       ?detach@?$__crt_unique_heap_ptr@EU__crt_internal_free_policy@@@@QEAAPEAEXZ 000000018001f280 f i libucrtd:argv_parsing.obj
 0001:0001e2c0       ?detach@?$__crt_unique_heap_ptr@PEADU__crt_internal_free_policy@@@@QEAAPEAPEADXZ 000000018001f2c0 f i libucrtd:argv_parsing.obj
 0001:0001e300       ?detach@?$__crt_unique_heap_ptr@PEA_WU__crt_internal_free_policy@@@@QEAAPEAPEA_WXZ 000000018001f300 f i libucrtd:argv_parsing.obj
 0001:0001e3d0       ?get@?$__crt_unique_heap_ptr@EU__crt_internal_free_policy@@@@QEBAPEAEXZ 000000018001f3d0 f i libucrtd:argv_parsing.obj
 0001:0001e3f0       ?get@?$__crt_unique_heap_ptr@PEADU__crt_internal_free_policy@@@@QEBAPEAPEADXZ 000000018001f3f0 f i libucrtd:argv_parsing.obj
 0001:0001e410       ?get@?$__crt_unique_heap_ptr@PEA_WU__crt_internal_free_policy@@@@QEBAPEAPEA_WXZ 000000018001f410 f i libucrtd:argv_parsing.obj
 0001:0001e430       ?get_address_of@?$__crt_unique_heap_ptr@PEADU__crt_internal_free_policy@@@@QEAAPEAPEAPEADXZ 000000018001f430 f i libucrtd:argv_parsing.obj
 0001:0001e440       ?get_address_of@?$__crt_unique_heap_ptr@PEA_WU__crt_internal_free_policy@@@@QEAAPEAPEAPEA_WXZ 000000018001f440 f i libucrtd:argv_parsing.obj
 0001:0001e490       ?is_valid@?$__crt_unique_heap_ptr@EU__crt_internal_free_policy@@@@QEBA_NXZ 000000018001f490 f i libucrtd:argv_parsing.obj
 0001:0001e4d0       ?release@?$__crt_unique_heap_ptr@EU__crt_internal_free_policy@@@@QEAAXXZ 000000018001f4d0 f i libucrtd:argv_parsing.obj
 0001:0001e510       ?release@?$__crt_unique_heap_ptr@PEADU__crt_internal_free_policy@@@@QEAAXXZ 000000018001f510 f i libucrtd:argv_parsing.obj
 0001:0001e550       ?release@?$__crt_unique_heap_ptr@PEA_WU__crt_internal_free_policy@@@@QEAAXXZ 000000018001f550 f i libucrtd:argv_parsing.obj
 0001:0001e5f0       __acrt_allocate_buffer_for_argv 000000018001f5f0 f   libucrtd:argv_parsing.obj
 0001:0001e750       _configure_narrow_argv     000000018001f750 f   libucrtd:argv_parsing.obj
 0001:0001e770       _configure_wide_argv       000000018001f770 f   libucrtd:argv_parsing.obj
 0001:0001e790       _set_pgmptr                000000018001f790 f i libucrtd:argv_parsing.obj
 0001:0001e7b0       _set_wpgmptr               000000018001f7b0 f i libucrtd:argv_parsing.obj
 0001:0001e7c8       ??$?R_W@__crt_internal_free_policy@@QEBAXQEB_W@Z 000000018001f7c8 f i libucrtd:environment_initialization.obj
 0001:0001ef0c       ??$get_environment_from_os@$$V@?$__crt_char_traits@D@@SAPEADXZ 000000018001ff0c f i libucrtd:environment_initialization.obj
 0001:0001ef14       ??$get_environment_from_os@$$V@?$__crt_char_traits@_W@@SAPEA_WXZ 000000018001ff14 f i libucrtd:environment_initialization.obj
 0001:0001f154       ??$set_variable_in_environment_nolock@PEADH@?$__crt_char_traits@D@@SAH$$QEAPEAD$$QEAH@Z 0000000180020154 f i libucrtd:environment_initialization.obj
 0001:0001f160       ??$set_variable_in_environment_nolock@PEA_WH@?$__crt_char_traits@_W@@SAH$$QEAPEA_W$$QEAH@Z 0000000180020160 f i libucrtd:environment_initialization.obj
 0001:0001f16c       ??$tcscpy_s@PEADAEB_KAEAPEAD@?$__crt_char_traits@D@@SAH$$QEAPEADAEB_KAEAPEAD@Z 000000018002016c f i libucrtd:environment_initialization.obj
 0001:0001f180       ??$tcscpy_s@PEA_WAEB_KAEAPEA_W@?$__crt_char_traits@_W@@SAH$$QEAPEA_WAEB_KAEAPEA_W@Z 0000000180020180 f i libucrtd:environment_initialization.obj
 0001:0001f194       ??$tcslen@AEAPEAD@?$__crt_char_traits@D@@SA_KAEAPEAD@Z 0000000180020194 f i libucrtd:environment_initialization.obj
 0001:0001f1ac       ??$tcslen@AEAPEA_W@?$__crt_char_traits@_W@@SA_KAEAPEA_W@Z 00000001800201ac f i libucrtd:environment_initialization.obj
 0001:0001f1c4       ??$uninitialize@A6AXAEAPEAPEAD@Z@?$dual_state_global@PEAPEAD@__crt_state_management@@QEAAXA6AXAEAPEAPEAD@Z@Z 00000001800201c4 f i libucrtd:environment_initialization.obj
 0001:0001f218       ??$uninitialize@A6AXAEAPEAPEA_W@Z@?$dual_state_global@PEAPEA_W@__crt_state_management@@QEAAXA6AXAEAPEAPEA_W@Z@Z 0000000180020218 f i libucrtd:environment_initialization.obj
 0001:0001f2ac       ??0?$__crt_unique_heap_ptr@_WU__crt_internal_free_policy@@@@QEAA@QEA_W@Z 00000001800202ac f i libucrtd:environment_initialization.obj
 0001:0001f2b4       ??1?$__crt_unique_heap_ptr@_WU__crt_internal_free_policy@@@@QEAA@XZ 00000001800202b4 f i libucrtd:environment_initialization.obj
 0001:0001f2dc       ??B?$__crt_unique_heap_ptr@PEADU__crt_internal_free_policy@@@@QEBA_NXZ 00000001800202dc f i libucrtd:environment_initialization.obj
 0001:0001f2e8       ??B?$__crt_unique_heap_ptr@PEA_WU__crt_internal_free_policy@@@@QEBA_NXZ 00000001800202e8 f i libucrtd:environment_initialization.obj
 0001:0001f2f4       ??B?$__crt_unique_heap_ptr@_WU__crt_internal_free_policy@@@@QEBA_NXZ 00000001800202f4 f i libucrtd:environment_initialization.obj
 0001:0001f300       ?__crt_compute_required_transform_buffer_count@@YA_KIQEBD@Z 0000000180020300 f i libucrtd:environment_initialization.obj
 0001:0001f330       ?__crt_compute_required_transform_buffer_count@@YA_KIQEB_W@Z 0000000180020330 f i libucrtd:environment_initialization.obj
 0001:0001f36c       ?__crt_transform_string@@YA_KIQEBDQEA_W_K@Z 000000018002036c f i libucrtd:environment_initialization.obj
 0001:0001f398       ?__crt_transform_string@@YA_KIQEB_WQEAD_K@Z 0000000180020398 f i libucrtd:environment_initialization.obj
 0001:0001f3d4       ?detach@?$__crt_unique_heap_ptr@DU__crt_internal_free_policy@@@@QEAAPEADXZ 00000001800203d4 f i libucrtd:environment_initialization.obj
 0001:0001f3e0       ?detach@?$__crt_unique_heap_ptr@_WU__crt_internal_free_policy@@@@QEAAPEA_WXZ 00000001800203e0 f i libucrtd:environment_initialization.obj
 0001:0001f3ec       ?get@?$__crt_unique_heap_ptr@_WU__crt_internal_free_policy@@@@QEBAPEA_WXZ 00000001800203ec f i libucrtd:environment_initialization.obj
 0001:0001f3f0       ?get_current_state_index@__crt_state_management@@YA_KXZ 00000001800203f0 f i libucrtd:environment_initialization.obj
 0001:0001f43c       ?initialize@?$dual_state_global@PEAPEAD@__crt_state_management@@QEAAXQEAPEAD@Z 000000018002043c f i libucrtd:environment_initialization.obj
 0001:0001f46c       ?initialize@?$dual_state_global@PEAPEA_W@__crt_state_management@@QEAAXQEAPEA_W@Z 000000018002046c f i libucrtd:environment_initialization.obj
 0001:0001f49c       ?is_valid@?$__crt_unique_heap_ptr@PEADU__crt_internal_free_policy@@@@QEBA_NXZ 000000018002049c f i libucrtd:environment_initialization.obj
 0001:0001f4a8       ?is_valid@?$__crt_unique_heap_ptr@PEA_WU__crt_internal_free_policy@@@@QEBA_NXZ 00000001800204a8 f i libucrtd:environment_initialization.obj
 0001:0001f4b4       ?is_valid@?$__crt_unique_heap_ptr@_WU__crt_internal_free_policy@@@@QEBA_NXZ 00000001800204b4 f i libucrtd:environment_initialization.obj
 0001:0001f4cc       ?release@?$__crt_unique_heap_ptr@_WU__crt_internal_free_policy@@@@QEAAXXZ 00000001800204cc f i libucrtd:environment_initialization.obj
 0001:0001f4f4       ?value@?$dual_state_global@PEAPEAD@__crt_state_management@@QEAAAEAPEAPEADXZ 00000001800204f4 f i libucrtd:environment_initialization.obj
 0001:0001f4f8       ?value@?$dual_state_global@PEAPEA_W@__crt_state_management@@QEAAAEAPEAPEA_WXZ 00000001800204f8 f i libucrtd:environment_initialization.obj
 0001:0001f4fc       __dcrt_get_or_create_narrow_environment_nolock 00000001800204fc f   libucrtd:environment_initialization.obj
 0001:0001f548       __dcrt_get_or_create_wide_environment_nolock 0000000180020548 f   libucrtd:environment_initialization.obj
 0001:0001f594       __dcrt_uninitialize_environments_nolock 0000000180020594 f   libucrtd:environment_initialization.obj
 0001:0001f5dc       __p__environ               00000001800205dc f   libucrtd:environment_initialization.obj
 0001:0001f5e8       __p__wenviron              00000001800205e8 f   libucrtd:environment_initialization.obj
 0001:0001f5f4       _get_initial_narrow_environment 00000001800205f4 f   libucrtd:environment_initialization.obj
 0001:0001f658       _get_initial_wide_environment 0000000180020658 f   libucrtd:environment_initialization.obj
 0001:0001f6bc       _initialize_narrow_environment 00000001800206bc f   libucrtd:environment_initialization.obj
 0001:0001f6c4       _initialize_wide_environment 00000001800206c4 f   libucrtd:environment_initialization.obj
 0001:0001f6cc       _invoke_watson_if_error    00000001800206cc f i libucrtd:environment_initialization.obj
 0001:0001f710       ??$?BP6AXXZ@__crt_fast_encoded_nullptr_t@@QEBAPEAP6AXXZXZ 0000000180020710 f i libucrtd:onexit.obj
 0001:0001f730       ??$?RP6AXXZ@__crt_internal_free_policy@@QEBAXQEBQ6AXXZ@Z 0000000180020730 f i libucrtd:onexit.obj
 0001:0001f900       ??$__crt_fast_encode_pointer@P6AHXZ@@YAP6AHXZQ6AHXZ@Z 0000000180020900 f i libucrtd:onexit.obj
 0001:0001fa80       ??0?$__crt_unique_heap_ptr@P6AXXZU__crt_internal_free_policy@@@@QEAA@QEAP6AXXZ@Z 0000000180020a80 f i libucrtd:onexit.obj
 0001:0001fab0       ??1?$__crt_unique_heap_ptr@P6AXXZU__crt_internal_free_policy@@@@QEAA@XZ 0000000180020ab0 f i libucrtd:onexit.obj
 0001:0001fad0       ??1scoped_global_state_reset@__crt_state_management@@QEAA@XZ 0000000180020ad0 f i libucrtd:onexit.obj
 0001:000201e0       ?detach@?$__crt_unique_heap_ptr@P6AXXZU__crt_internal_free_policy@@@@QEAAPEAP6AXXZXZ 00000001800211e0 f i libucrtd:onexit.obj
 0001:00020220       ?release@?$__crt_unique_heap_ptr@P6AXXZU__crt_internal_free_policy@@@@QEAAXXZ 0000000180021220 f i libucrtd:onexit.obj
 0001:00020260       _crt_at_quick_exit         0000000180021260 f   libucrtd:onexit.obj
 0001:00020290       _crt_atexit                0000000180021290 f   libucrtd:onexit.obj
 0001:000202c0       _execute_onexit_table      00000001800212c0 f   libucrtd:onexit.obj
 0001:00020310       _initialize_onexit_table   0000000180021310 f   libucrtd:onexit.obj
 0001:000203b0       _register_onexit_function  00000001800213b0 f   libucrtd:onexit.obj
 0001:00020770       ?initialize@?$dual_state_global@PEAU__crt_locale_data@@@__crt_state_management@@QEAAXQEAU__crt_locale_data@@@Z 0000000180021770 f i libucrtd:initialization.obj
 0001:000207d0       __acrt_initialize          00000001800217d0 f   libucrtd:initialization.obj
 0001:00020800       __acrt_thread_attach       0000000180021800 f   libucrtd:initialization.obj
 0001:00020820       __acrt_thread_detach       0000000180021820 f   libucrtd:initialization.obj
 0001:00020840       __acrt_uninitialize        0000000180021840 f   libucrtd:initialization.obj
 0001:00020880       __acrt_uninitialize_critical 0000000180021880 f   libucrtd:initialization.obj
 0001:000208f0       _get_terminate             00000001800218f0 f   libucrtd:terminate.obj
 0001:00020910       set_terminate              0000000180021910 f   libucrtd:terminate.obj
 0001:00020960       terminate                  0000000180021960 f   libucrtd:terminate.obj
 0001:000209b0       ??0_LocaleUpdate@@QEAA@QEAU__crt_locale_pointers@@@Z 00000001800219b0 f i libucrtd:debug_heap.obj
 0001:00020b20       ??1_LocaleUpdate@@QEAA@XZ  0000000180021b20 f i libucrtd:debug_heap.obj
 0001:00020b60       ?GetLocaleT@_LocaleUpdate@@QEAAPEAU__crt_locale_pointers@@XZ 0000000180021b60 f i libucrtd:debug_heap.obj
 0001:00023340       _CrtCheckMemory            0000000180024340 f   libucrtd:debug_heap.obj
 0001:00023540       _CrtDoForAllClientObjects  0000000180024540 f   libucrtd:debug_heap.obj
 0001:000236c0       _CrtDumpMemoryLeaks        00000001800246c0 f   libucrtd:debug_heap.obj
 0001:000237b0       _CrtGetAllocHook           00000001800247b0 f   libucrtd:debug_heap.obj
 0001:000237c0       _CrtGetDumpClient          00000001800247c0 f   libucrtd:debug_heap.obj
 0001:000237d0       _CrtIsMemoryBlock          00000001800247d0 f   libucrtd:debug_heap.obj
 0001:00023960       _CrtIsValidHeapPointer     0000000180024960 f   libucrtd:debug_heap.obj
 0001:000239b0       _CrtIsValidPointer         00000001800249b0 f   libucrtd:debug_heap.obj
 0001:000239f0       _CrtMemCheckpoint          00000001800249f0 f   libucrtd:debug_heap.obj
 0001:00023d10       _CrtMemDifference          0000000180024d10 f   libucrtd:debug_heap.obj
 0001:00024140       _CrtMemDumpAllObjectsSince 0000000180025140 f   libucrtd:debug_heap.obj
 0001:000241b0       _CrtMemDumpStatistics      00000001800251b0 f   libucrtd:debug_heap.obj
 0001:000243b0       _CrtReportBlockType        00000001800253b0 f   libucrtd:debug_heap.obj
 0001:000243f0       _CrtSetAllocHook           00000001800253f0 f   libucrtd:debug_heap.obj
 0001:00024430       _CrtSetBreakAlloc          0000000180025430 f   libucrtd:debug_heap.obj
 0001:00024460       _CrtSetDbgBlockType        0000000180025460 f   libucrtd:debug_heap.obj
 0001:00024520       _CrtSetDbgFlag             0000000180025520 f   libucrtd:debug_heap.obj
 0001:000246d0       _CrtSetDumpClient          00000001800256d0 f   libucrtd:debug_heap.obj
 0001:00024710       __acrt_get_locale_data_prefix 0000000180025710 f i libucrtd:debug_heap.obj
 0001:00024740       __acrt_locale_changed      0000000180025740 f i libucrtd:debug_heap.obj
 0001:00024770       __p__crtBreakAlloc         0000000180025770 f   libucrtd:debug_heap.obj
 0001:00024780       __p__crtDbgFlag            0000000180025780 f   libucrtd:debug_heap.obj
 0001:00024790       _aligned_free_dbg          0000000180025790 f   libucrtd:debug_heap.obj
 0001:000248b0       _aligned_malloc_dbg        00000001800258b0 f   libucrtd:debug_heap.obj
 0001:00024900       _aligned_msize_dbg         0000000180025900 f   libucrtd:debug_heap.obj
 0001:00024b40       _aligned_offset_malloc_dbg 0000000180025b40 f   libucrtd:debug_heap.obj
 0001:00024ee0       _aligned_offset_realloc_dbg 0000000180025ee0 f   libucrtd:debug_heap.obj
 0001:000254c0       _aligned_offset_recalloc_dbg 00000001800264c0 f   libucrtd:debug_heap.obj
 0001:00025620       _aligned_realloc_dbg       0000000180026620 f   libucrtd:debug_heap.obj
 0001:00025680       _aligned_recalloc_dbg      0000000180026680 f   libucrtd:debug_heap.obj
 0001:000256f0       _calloc_dbg                00000001800266f0 f   libucrtd:debug_heap.obj
 0001:000257b0       _chvalidchk_l              00000001800267b0 f i libucrtd:debug_heap.obj
 0001:000257f0       _expand_dbg                00000001800267f0 f   libucrtd:debug_heap.obj
 0001:00025970       _free_dbg                  0000000180026970 f   libucrtd:debug_heap.obj
 0001:000259f0       _invoke_watson_if_oneof    00000001800269f0 f i libucrtd:debug_heap.obj
 0001:00025a70       _ischartype_l              0000000180026a70 f i libucrtd:debug_heap.obj
 0001:00025b20       _malloc_dbg                0000000180026b20 f   libucrtd:debug_heap.obj
 0001:00025b70       _msize_dbg                 0000000180026b70 f   libucrtd:debug_heap.obj
 0001:00025d70       _realloc_dbg               0000000180026d70 f   libucrtd:debug_heap.obj
 0001:00025e00       _recalloc_dbg              0000000180026e00 f   libucrtd:debug_heap.obj
 0001:00026540       strcpy_s                   0000000180027540 f   libucrtd:strcpy_s.obj
 0001:00026590       strcmp                     0000000180027590 f   libucrtd:strcmp.obj
 0001:00026630       strlen                     0000000180027630 f   libucrtd:strlen.obj
 0001:00026710       _set_abort_behavior        0000000180027710 f   libucrtd:abort.obj
 0001:00026760       abort                      0000000180027760 f   libucrtd:abort.obj
 0001:00026800       ??$?RU?$__crt_report_hook_node@D@@@__crt_internal_free_policy@@QEBAXQEBU?$__crt_report_hook_node@D@@@Z 0000000180027800 f i libucrtd:dbgrpt.obj
 0001:00026830       ??$?RU?$__crt_report_hook_node@_W@@@__crt_internal_free_policy@@QEBAXQEBU?$__crt_report_hook_node@_W@@@Z 0000000180027830 f i libucrtd:dbgrpt.obj
 0001:00027f10       ??$get_module_file_name@AEAPEAUHINSTANCE__@@AEAY0BAF@DK@?$__crt_char_traits@D@@SAKAEAPEAUHINSTANCE__@@AEAY0BAF@D$$QEAK@Z 0000000180028f10 f i libucrtd:dbgrpt.obj
 0001:00027f50       ??$get_module_file_name@AEAPEAUHINSTANCE__@@AEAY0BAF@_WK@?$__crt_char_traits@_W@@SAKAEAPEAUHINSTANCE__@@AEAY0BAF@_W$$QEAK@Z 0000000180028f50 f i libucrtd:dbgrpt.obj
 0001:00027f90       ??$tcscpy_s@AEAY0BAF@D_KPEBD@?$__crt_char_traits@D@@SAHAEAY0BAF@D$$QEA_K$$QEAPEBD@Z 0000000180028f90 f i libucrtd:dbgrpt.obj
 0001:00027fd0       ??$tcscpy_s@AEAY0BAF@_W_KPEB_W@?$__crt_char_traits@_W@@SAHAEAY0BAF@_W$$QEA_K$$QEAPEB_W@Z 0000000180028fd0 f i libucrtd:dbgrpt.obj
 0001:00028010       ??$tcslen@AEAY0BAF@D@?$__crt_char_traits@D@@SA_KAEAY0BAF@D@Z 0000000180029010 f i libucrtd:dbgrpt.obj
 0001:00028030       ??$tcslen@AEAY0BAF@_W@?$__crt_char_traits@_W@@SA_KAEAY0BAF@_W@Z 0000000180029030 f i libucrtd:dbgrpt.obj
 0001:00028050       ??$tcslen@AEBQEBD@?$__crt_char_traits@D@@SA_KAEBQEBD@Z 0000000180029050 f i libucrtd:dbgrpt.obj
 0001:00028080       ??$tcslen@AEBQEB_W@?$__crt_char_traits@_W@@SA_KAEBQEB_W@Z 0000000180029080 f i libucrtd:dbgrpt.obj
 0001:000281f0       ??0?$__crt_unique_heap_ptr@U?$__crt_report_hook_node@D@@U__crt_internal_free_policy@@@@QEAA@QEAU?$__crt_report_hook_node@D@@@Z 00000001800291f0 f i libucrtd:dbgrpt.obj
 0001:00028220       ??0?$__crt_unique_heap_ptr@U?$__crt_report_hook_node@_W@@U__crt_internal_free_policy@@@@QEAA@QEAU?$__crt_report_hook_node@_W@@@Z 0000000180029220 f i libucrtd:dbgrpt.obj
 0001:00028250       ??1?$__crt_unique_heap_ptr@U?$__crt_report_hook_node@D@@U__crt_internal_free_policy@@@@QEAA@XZ 0000000180029250 f i libucrtd:dbgrpt.obj
 0001:00028270       ??1?$__crt_unique_heap_ptr@U?$__crt_report_hook_node@_W@@U__crt_internal_free_policy@@@@QEAA@XZ 0000000180029270 f i libucrtd:dbgrpt.obj
 0001:00028290       ??B?$__crt_unique_heap_ptr@U?$__crt_report_hook_node@D@@U__crt_internal_free_policy@@@@QEBA_NXZ 0000000180029290 f i libucrtd:dbgrpt.obj
 0001:000282b0       ??B?$__crt_unique_heap_ptr@U?$__crt_report_hook_node@_W@@U__crt_internal_free_policy@@@@QEBA_NXZ 00000001800292b0 f i libucrtd:dbgrpt.obj
 0001:00028b10       ?detach@?$__crt_unique_heap_ptr@U?$__crt_report_hook_node@D@@U__crt_internal_free_policy@@@@QEAAPEAU?$__crt_report_hook_node@D@@XZ 0000000180029b10 f i libucrtd:dbgrpt.obj
 0001:00028b50       ?detach@?$__crt_unique_heap_ptr@U?$__crt_report_hook_node@_W@@U__crt_internal_free_policy@@@@QEAAPEAU?$__crt_report_hook_node@_W@@XZ 0000000180029b50 f i libucrtd:dbgrpt.obj
 0001:00028b90       ?get@?$__crt_unique_heap_ptr@U?$__crt_report_hook_node@D@@U__crt_internal_free_policy@@@@QEBAPEAU?$__crt_report_hook_node@D@@XZ 0000000180029b90 f i libucrtd:dbgrpt.obj
 0001:00028bb0       ?get@?$__crt_unique_heap_ptr@U?$__crt_report_hook_node@_W@@U__crt_internal_free_policy@@@@QEBAPEAU?$__crt_report_hook_node@_W@@XZ 0000000180029bb0 f i libucrtd:dbgrpt.obj
 0001:00028c30       ?is_valid@?$__crt_unique_heap_ptr@U?$__crt_report_hook_node@D@@U__crt_internal_free_policy@@@@QEBA_NXZ 0000000180029c30 f i libucrtd:dbgrpt.obj
 0001:00028c70       ?is_valid@?$__crt_unique_heap_ptr@U?$__crt_report_hook_node@_W@@U__crt_internal_free_policy@@@@QEBA_NXZ 0000000180029c70 f i libucrtd:dbgrpt.obj
 0001:00028cb0       ?release@?$__crt_unique_heap_ptr@U?$__crt_report_hook_node@D@@U__crt_internal_free_policy@@@@QEAAXXZ 0000000180029cb0 f i libucrtd:dbgrpt.obj
 0001:00028cf0       ?release@?$__crt_unique_heap_ptr@U?$__crt_report_hook_node@_W@@U__crt_internal_free_policy@@@@QEAAXXZ 0000000180029cf0 f i libucrtd:dbgrpt.obj
 0001:00028d30       _CrtDbgReport              0000000180029d30 f   libucrtd:dbgrpt.obj
 0001:00028dd0       _CrtDbgReportW             0000000180029dd0 f   libucrtd:dbgrpt.obj
 0001:00028e70       _CrtSetReportHook2         0000000180029e70 f   libucrtd:dbgrpt.obj
 0001:00028ea0       _CrtSetReportHookW2        0000000180029ea0 f   libucrtd:dbgrpt.obj
 0001:00028ed0       __acrt_MessageWindowA      0000000180029ed0 f   libucrtd:dbgrpt.obj
 0001:00028f30       __acrt_MessageWindowW      0000000180029f30 f   libucrtd:dbgrpt.obj
 0001:00028f90       _snwprintf_s               0000000180029f90 f i libucrtd:dbgrpt.obj
 0001:00029010       _vsnwprintf_s_l            000000018002a010 f i libucrtd:dbgrpt.obj
 0001:000290b0       ??$?0AEBV?$stream_output_adapter@D@__crt_stdio_output@@AEB_KAEBQEBDAEBQEAU__crt_locale_pointers@@AEBQEAD@?$format_validation_base@DV?$stream_output_adapter@D@__crt_stdio_output@@@__crt_stdio_output@@IEAA@AEBV?$stream_output_adapter@D@1@AEB_KAEBQEBDAEBQEAU__crt_locale_pointers@@AEBQEAD@Z 000000018002a0b0 f i libucrtd:output.obj
 0001:00029120       ??$?0AEBV?$stream_output_adapter@D@__crt_stdio_output@@AEB_KAEBQEBDAEBQEAU__crt_locale_pointers@@AEBQEAD@?$positional_parameter_base@DV?$stream_output_adapter@D@__crt_stdio_output@@@__crt_stdio_output@@IEAA@AEBV?$stream_output_adapter@D@1@AEB_KAEBQEBDAEBQEAU__crt_locale_pointers@@AEBQEAD@Z 000000018002a120 f i libucrtd:output.obj
 0001:000291f0       ??$?0AEBV?$stream_output_adapter@D@__crt_stdio_output@@AEB_KAEBQEBDAEBQEAU__crt_locale_pointers@@AEBQEAD@?$standard_base@DV?$stream_output_adapter@D@__crt_stdio_output@@@__crt_stdio_output@@IEAA@AEBV?$stream_output_adapter@D@1@AEB_KAEBQEBDAEBQEAU__crt_locale_pointers@@AEBQEAD@Z 000000018002a1f0 f i libucrtd:output.obj
 0001:00029280       ??$?0AEBV?$stream_output_adapter@_W@__crt_stdio_output@@AEB_KAEBQEB_WAEBQEAU__crt_locale_pointers@@AEBQEAD@?$format_validation_base@_WV?$stream_output_adapter@_W@__crt_stdio_output@@@__crt_stdio_output@@IEAA@AEBV?$stream_output_adapter@_W@1@AEB_KAEBQEB_WAEBQEAU__crt_locale_pointers@@AEBQEAD@Z 000000018002a280 f i libucrtd:output.obj
 0001:000292f0       ??$?0AEBV?$stream_output_adapter@_W@__crt_stdio_output@@AEB_KAEBQEB_WAEBQEAU__crt_locale_pointers@@AEBQEAD@?$positional_parameter_base@_WV?$stream_output_adapter@_W@__crt_stdio_output@@@__crt_stdio_output@@IEAA@AEBV?$stream_output_adapter@_W@1@AEB_KAEBQEB_WAEBQEAU__crt_locale_pointers@@AEBQEAD@Z 000000018002a2f0 f i libucrtd:output.obj
 0001:000293c0       ??$?0AEBV?$stream_output_adapter@_W@__crt_stdio_output@@AEB_KAEBQEB_WAEBQEAU__crt_locale_pointers@@AEBQEAD@?$standard_base@_WV?$stream_output_adapter@_W@__crt_stdio_output@@@__crt_stdio_output@@IEAA@AEBV?$stream_output_adapter@_W@1@AEB_KAEBQEB_WAEBQEAU__crt_locale_pointers@@AEBQEAD@Z 000000018002a3c0 f i libucrtd:output.obj
 0001:00029450       ??$?0AEBV?$string_output_adapter@D@__crt_stdio_output@@AEB_KAEBQEBDAEBQEAU__crt_locale_pointers@@AEBQEAD@?$format_validation_base@DV?$string_output_adapter@D@__crt_stdio_output@@@__crt_stdio_output@@IEAA@AEBV?$string_output_adapter@D@1@AEB_KAEBQEBDAEBQEAU__crt_locale_pointers@@AEBQEAD@Z 000000018002a450 f i libucrtd:output.obj
 0001:000294c0       ??$?0AEBV?$string_output_adapter@D@__crt_stdio_output@@AEB_KAEBQEBDAEBQEAU__crt_locale_pointers@@AEBQEAD@?$positional_parameter_base@DV?$string_output_adapter@D@__crt_stdio_output@@@__crt_stdio_output@@IEAA@AEBV?$string_output_adapter@D@1@AEB_KAEBQEBDAEBQEAU__crt_locale_pointers@@AEBQEAD@Z 000000018002a4c0 f i libucrtd:output.obj
 0001:00029590       ??$?0AEBV?$string_output_adapter@D@__crt_stdio_output@@AEB_KAEBQEBDAEBQEAU__crt_locale_pointers@@AEBQEAD@?$standard_base@DV?$string_output_adapter@D@__crt_stdio_output@@@__crt_stdio_output@@IEAA@AEBV?$string_output_adapter@D@1@AEB_KAEBQEBDAEBQEAU__crt_locale_pointers@@AEBQEAD@Z 000000018002a590 f i libucrtd:output.obj
 0001:00029620       ??$?0AEBV?$string_output_adapter@_W@__crt_stdio_output@@AEB_KAEBQEB_WAEBQEAU__crt_locale_pointers@@AEBQEAD@?$format_validation_base@_WV?$string_output_adapter@_W@__crt_stdio_output@@@__crt_stdio_output@@IEAA@AEBV?$string_output_adapter@_W@1@AEB_KAEBQEB_WAEBQEAU__crt_locale_pointers@@AEBQEAD@Z 000000018002a620 f i libucrtd:output.obj
 0001:00029690       ??$?0AEBV?$string_output_adapter@_W@__crt_stdio_output@@AEB_KAEBQEB_WAEBQEAU__crt_locale_pointers@@AEBQEAD@?$positional_parameter_base@_WV?$string_output_adapter@_W@__crt_stdio_output@@@__crt_stdio_output@@IEAA@AEBV?$string_output_adapter@_W@1@AEB_KAEBQEB_WAEBQEAU__crt_locale_pointers@@AEBQEAD@Z 000000018002a690 f i libucrtd:output.obj
 0001:00029760       ??$?0AEBV?$string_output_adapter@_W@__crt_stdio_output@@AEB_KAEBQEB_WAEBQEAU__crt_locale_pointers@@AEBQEAD@?$standard_base@_WV?$string_output_adapter@_W@__crt_stdio_output@@@__crt_stdio_output@@IEAA@AEBV?$string_output_adapter@_W@1@AEB_KAEBQEB_WAEBQEAU__crt_locale_pointers@@AEBQEAD@Z 000000018002a760 f i libucrtd:output.obj
 0001:0002e620       ??$count@D@formatting_buffer@__crt_stdio_output@@QEBA_KXZ 000000018002f620 f i libucrtd:output.obj
 0001:0002e680       ??$count@_W@formatting_buffer@__crt_stdio_output@@QEBA_KXZ 000000018002f680 f i libucrtd:output.obj
 0001:0002e6f0       ??$data@D@formatting_buffer@__crt_stdio_output@@QEAAPEADXZ 000000018002f6f0 f i libucrtd:output.obj
 0001:0002e750       ??$data@_W@formatting_buffer@__crt_stdio_output@@QEAAPEA_WXZ 000000018002f750 f i libucrtd:output.obj
 0001:0002e7b0       ??$ensure_buffer_is_big_enough@D@formatting_buffer@__crt_stdio_output@@QEAA_N_K@Z 000000018002f7b0 f i libucrtd:output.obj
 0001:0002e920       ??$ensure_buffer_is_big_enough@_W@formatting_buffer@__crt_stdio_output@@QEAA_N_K@Z 000000018002f920 f i libucrtd:output.obj
 0001:0002eaa0       ??$extract_argument_from_va_list@C_J@?$positional_parameter_base@DV?$stream_output_adapter@D@__crt_stdio_output@@@__crt_stdio_output@@IEAA_NAEA_J@Z 000000018002faa0 f i libucrtd:output.obj
 0001:0002ec80       ??$extract_argument_from_va_list@C_J@?$positional_parameter_base@DV?$string_output_adapter@D@__crt_stdio_output@@@__crt_stdio_output@@IEAA_NAEA_J@Z 000000018002fc80 f i libucrtd:output.obj
 0001:0002ee60       ??$extract_argument_from_va_list@C_J@?$positional_parameter_base@_WV?$stream_output_adapter@_W@__crt_stdio_output@@@__crt_stdio_output@@IEAA_NAEA_J@Z 000000018002fe60 f i libucrtd:output.obj
 0001:0002f040       ??$extract_argument_from_va_list@C_J@?$positional_parameter_base@_WV?$string_output_adapter@_W@__crt_stdio_output@@@__crt_stdio_output@@IEAA_NAEA_J@Z 0000000180030040 f i libucrtd:output.obj
 0001:0002f220       ??$extract_argument_from_va_list@C_J@?$standard_base@DV?$stream_output_adapter@D@__crt_stdio_output@@@__crt_stdio_output@@IEAA_NAEA_J@Z 0000000180030220 f i libucrtd:output.obj
 0001:0002f260       ??$extract_argument_from_va_list@C_J@?$standard_base@DV?$string_output_adapter@D@__crt_stdio_output@@@__crt_stdio_output@@IEAA_NAEA_J@Z 0000000180030260 f i libucrtd:output.obj
 0001:0002f2a0       ??$extract_argument_from_va_list@C_J@?$standard_base@_WV?$stream_output_adapter@_W@__crt_stdio_output@@@__crt_stdio_output@@IEAA_NAEA_J@Z 00000001800302a0 f i libucrtd:output.obj
 0001:0002f2e0       ??$extract_argument_from_va_list@C_J@?$standard_base@_WV?$string_output_adapter@_W@__crt_stdio_output@@@__crt_stdio_output@@IEAA_NAEA_J@Z 00000001800302e0 f i libucrtd:output.obj
 0001:0002f320       ??$extract_argument_from_va_list@E_J@?$positional_parameter_base@DV?$stream_output_adapter@D@__crt_stdio_output@@@__crt_stdio_output@@IEAA_NAEA_J@Z 0000000180030320 f i libucrtd:output.obj
 0001:0002f500       ??$extract_argument_from_va_list@E_J@?$positional_parameter_base@DV?$string_output_adapter@D@__crt_stdio_output@@@__crt_stdio_output@@IEAA_NAEA_J@Z 0000000180030500 f i libucrtd:output.obj
 0001:0002f6e0       ??$extract_argument_from_va_list@E_J@?$positional_parameter_base@_WV?$stream_output_adapter@_W@__crt_stdio_output@@@__crt_stdio_output@@IEAA_NAEA_J@Z 00000001800306e0 f i libucrtd:output.obj
 0001:0002f8c0       ??$extract_argument_from_va_list@E_J@?$positional_parameter_base@_WV?$string_output_adapter@_W@__crt_stdio_output@@@__crt_stdio_output@@IEAA_NAEA_J@Z 00000001800308c0 f i libucrtd:output.obj
 0001:0002faa0       ??$extract_argument_from_va_list@E_J@?$standard_base@DV?$stream_output_adapter@D@__crt_stdio_output@@@__crt_stdio_output@@IEAA_NAEA_J@Z 0000000180030aa0 f i libucrtd:output.obj
 0001:0002fae0       ??$extract_argument_from_va_list@E_J@?$standard_base@DV?$string_output_adapter@D@__crt_stdio_output@@@__crt_stdio_output@@IEAA_NAEA_J@Z 0000000180030ae0 f i libucrtd:output.obj
 0001:0002fb20       ??$extract_argument_from_va_list@E_J@?$standard_base@_WV?$stream_output_adapter@_W@__crt_stdio_output@@@__crt_stdio_output@@IEAA_NAEA_J@Z 0000000180030b20 f i libucrtd:output.obj
 0001:0002fb60       ??$extract_argument_from_va_list@E_J@?$standard_base@_WV?$string_output_adapter@_W@__crt_stdio_output@@@__crt_stdio_output@@IEAA_NAEA_J@Z 0000000180030b60 f i libucrtd:output.obj
 0001:0002fba0       ??$extract_argument_from_va_list@F_J@?$positional_parameter_base@DV?$stream_output_adapter@D@__crt_stdio_output@@@__crt_stdio_output@@IEAA_NAEA_J@Z 0000000180030ba0 f i libucrtd:output.obj
 0001:0002fd80       ??$extract_argument_from_va_list@F_J@?$positional_parameter_base@DV?$string_output_adapter@D@__crt_stdio_output@@@__crt_stdio_output@@IEAA_NAEA_J@Z 0000000180030d80 f i libucrtd:output.obj
 0001:0002ff60       ??$extract_argument_from_va_list@F_J@?$positional_parameter_base@_WV?$stream_output_adapter@_W@__crt_stdio_output@@@__crt_stdio_output@@IEAA_NAEA_J@Z 0000000180030f60 f i libucrtd:output.obj
 0001:00030140       ??$extract_argument_from_va_list@F_J@?$positional_parameter_base@_WV?$string_output_adapter@_W@__crt_stdio_output@@@__crt_stdio_output@@IEAA_NAEA_J@Z 0000000180031140 f i libucrtd:output.obj
 0001:00030320       ??$extract_argument_from_va_list@F_J@?$standard_base@DV?$stream_output_adapter@D@__crt_stdio_output@@@__crt_stdio_output@@IEAA_NAEA_J@Z 0000000180031320 f i libucrtd:output.obj
 0001:00030360       ??$extract_argument_from_va_list@F_J@?$standard_base@DV?$string_output_adapter@D@__crt_stdio_output@@@__crt_stdio_output@@IEAA_NAEA_J@Z 0000000180031360 f i libucrtd:output.obj
 0001:000303a0       ??$extract_argument_from_va_list@F_J@?$standard_base@_WV?$stream_output_adapter@_W@__crt_stdio_output@@@__crt_stdio_output@@IEAA_NAEA_J@Z 00000001800313a0 f i libucrtd:output.obj
 0001:000303e0       ??$extract_argument_from_va_list@F_J@?$standard_base@_WV?$string_output_adapter@_W@__crt_stdio_output@@@__crt_stdio_output@@IEAA_NAEA_J@Z 00000001800313e0 f i libucrtd:output.obj
 0001:00030420       ??$extract_argument_from_va_list@GD@?$positional_parameter_base@DV?$stream_output_adapter@D@__crt_stdio_output@@@__crt_stdio_output@@IEAA_NAEAD@Z 0000000180031420 f i libucrtd:output.obj
 0001:00030600       ??$extract_argument_from_va_list@GD@?$positional_parameter_base@DV?$string_output_adapter@D@__crt_stdio_output@@@__crt_stdio_output@@IEAA_NAEAD@Z 0000000180031600 f i libucrtd:output.obj
 0001:000307e0       ??$extract_argument_from_va_list@GD@?$standard_base@DV?$stream_output_adapter@D@__crt_stdio_output@@@__crt_stdio_output@@IEAA_NAEAD@Z 00000001800317e0 f i libucrtd:output.obj
 0001:00030820       ??$extract_argument_from_va_list@GD@?$standard_base@DV?$string_output_adapter@D@__crt_stdio_output@@@__crt_stdio_output@@IEAA_NAEAD@Z 0000000180031820 f i libucrtd:output.obj
 0001:00030860       ??$extract_argument_from_va_list@G_J@?$positional_parameter_base@DV?$stream_output_adapter@D@__crt_stdio_output@@@__crt_stdio_output@@IEAA_NAEA_J@Z 0000000180031860 f i libucrtd:output.obj
 0001:00030a40       ??$extract_argument_from_va_list@G_J@?$positional_parameter_base@DV?$string_output_adapter@D@__crt_stdio_output@@@__crt_stdio_output@@IEAA_NAEA_J@Z 0000000180031a40 f i libucrtd:output.obj
 0001:00030c20       ??$extract_argument_from_va_list@G_J@?$positional_parameter_base@_WV?$stream_output_adapter@_W@__crt_stdio_output@@@__crt_stdio_output@@IEAA_NAEA_J@Z 0000000180031c20 f i libucrtd:output.obj
 0001:00030e00       ??$extract_argument_from_va_list@G_J@?$positional_parameter_base@_WV?$string_output_adapter@_W@__crt_stdio_output@@@__crt_stdio_output@@IEAA_NAEA_J@Z 0000000180031e00 f i libucrtd:output.obj
 0001:00030fe0       ??$extract_argument_from_va_list@G_J@?$standard_base@DV?$stream_output_adapter@D@__crt_stdio_output@@@__crt_stdio_output@@IEAA_NAEA_J@Z 0000000180031fe0 f i libucrtd:output.obj
 0001:00031020       ??$extract_argument_from_va_list@G_J@?$standard_base@DV?$string_output_adapter@D@__crt_stdio_output@@@__crt_stdio_output@@IEAA_NAEA_J@Z 0000000180032020 f i libucrtd:output.obj
 0001:00031060       ??$extract_argument_from_va_list@G_J@?$standard_base@_WV?$stream_output_adapter@_W@__crt_stdio_output@@@__crt_stdio_output@@IEAA_NAEA_J@Z 0000000180032060 f i libucrtd:output.obj
 0001:000310a0       ??$extract_argument_from_va_list@G_J@?$standard_base@_WV?$string_output_adapter@_W@__crt_stdio_output@@@__crt_stdio_output@@IEAA_NAEA_J@Z 00000001800320a0 f i libucrtd:output.obj
 0001:000310e0       ??$extract_argument_from_va_list@H_J@?$positional_parameter_base@DV?$stream_output_adapter@D@__crt_stdio_output@@@__crt_stdio_output@@IEAA_NAEA_J@Z 00000001800320e0 f i libucrtd:output.obj
 0001:000312c0       ??$extract_argument_from_va_list@H_J@?$positional_parameter_base@DV?$string_output_adapter@D@__crt_stdio_output@@@__crt_stdio_output@@IEAA_NAEA_J@Z 00000001800322c0 f i libucrtd:output.obj
 0001:000314a0       ??$extract_argument_from_va_list@H_J@?$positional_parameter_base@_WV?$stream_output_adapter@_W@__crt_stdio_output@@@__crt_stdio_output@@IEAA_NAEA_J@Z 00000001800324a0 f i libucrtd:output.obj
 0001:00031680       ??$extract_argument_from_va_list@H_J@?$positional_parameter_base@_WV?$string_output_adapter@_W@__crt_stdio_output@@@__crt_stdio_output@@IEAA_NAEA_J@Z 0000000180032680 f i libucrtd:output.obj
 0001:00031860       ??$extract_argument_from_va_list@H_J@?$standard_base@DV?$stream_output_adapter@D@__crt_stdio_output@@@__crt_stdio_output@@IEAA_NAEA_J@Z 0000000180032860 f i libucrtd:output.obj
 0001:000318a0       ??$extract_argument_from_va_list@H_J@?$standard_base@DV?$string_output_adapter@D@__crt_stdio_output@@@__crt_stdio_output@@IEAA_NAEA_J@Z 00000001800328a0 f i libucrtd:output.obj
 0001:000318e0       ??$extract_argument_from_va_list@H_J@?$standard_base@_WV?$stream_output_adapter@_W@__crt_stdio_output@@@__crt_stdio_output@@IEAA_NAEA_J@Z 00000001800328e0 f i libucrtd:output.obj
 0001:00031920       ??$extract_argument_from_va_list@H_J@?$standard_base@_WV?$string_output_adapter@_W@__crt_stdio_output@@@__crt_stdio_output@@IEAA_NAEA_J@Z 0000000180032920 f i libucrtd:output.obj
 0001:00031960       ??$extract_argument_from_va_list@I_J@?$positional_parameter_base@DV?$stream_output_adapter@D@__crt_stdio_output@@@__crt_stdio_output@@IEAA_NAEA_J@Z 0000000180032960 f i libucrtd:output.obj
 0001:00031b40       ??$extract_argument_from_va_list@I_J@?$positional_parameter_base@DV?$string_output_adapter@D@__crt_stdio_output@@@__crt_stdio_output@@IEAA_NAEA_J@Z 0000000180032b40 f i libucrtd:output.obj
 0001:00031d20       ??$extract_argument_from_va_list@I_J@?$positional_parameter_base@_WV?$stream_output_adapter@_W@__crt_stdio_output@@@__crt_stdio_output@@IEAA_NAEA_J@Z 0000000180032d20 f i libucrtd:output.obj
 0001:00031f00       ??$extract_argument_from_va_list@I_J@?$positional_parameter_base@_WV?$string_output_adapter@_W@__crt_stdio_output@@@__crt_stdio_output@@IEAA_NAEA_J@Z 0000000180032f00 f i libucrtd:output.obj
 0001:000320e0       ??$extract_argument_from_va_list@I_J@?$standard_base@DV?$stream_output_adapter@D@__crt_stdio_output@@@__crt_stdio_output@@IEAA_NAEA_J@Z 00000001800330e0 f i libucrtd:output.obj
 0001:00032120       ??$extract_argument_from_va_list@I_J@?$standard_base@DV?$string_output_adapter@D@__crt_stdio_output@@@__crt_stdio_output@@IEAA_NAEA_J@Z 0000000180033120 f i libucrtd:output.obj
 0001:00032160       ??$extract_argument_from_va_list@I_J@?$standard_base@_WV?$stream_output_adapter@_W@__crt_stdio_output@@@__crt_stdio_output@@IEAA_NAEA_J@Z 0000000180033160 f i libucrtd:output.obj
 0001:000321a0       ??$extract_argument_from_va_list@I_J@?$standard_base@_WV?$string_output_adapter@_W@__crt_stdio_output@@@__crt_stdio_output@@IEAA_NAEA_J@Z 00000001800331a0 f i libucrtd:output.obj
 0001:000321e0       ??$extract_argument_from_va_list@PEADPEAD@?$positional_parameter_base@DV?$stream_output_adapter@D@__crt_stdio_output@@@__crt_stdio_output@@IEAA_NAEAPEAD@Z 00000001800331e0 f i libucrtd:output.obj
 0001:000323c0       ??$extract_argument_from_va_list@PEADPEAD@?$positional_parameter_base@DV?$string_output_adapter@D@__crt_stdio_output@@@__crt_stdio_output@@IEAA_NAEAPEAD@Z 00000001800333c0 f i libucrtd:output.obj
 0001:000325a0       ??$extract_argument_from_va_list@PEADPEAD@?$positional_parameter_base@_WV?$stream_output_adapter@_W@__crt_stdio_output@@@__crt_stdio_output@@IEAA_NAEAPEAD@Z 00000001800335a0 f i libucrtd:output.obj
 0001:00032780       ??$extract_argument_from_va_list@PEADPEAD@?$positional_parameter_base@_WV?$string_output_adapter@_W@__crt_stdio_output@@@__crt_stdio_output@@IEAA_NAEAPEAD@Z 0000000180033780 f i libucrtd:output.obj
 0001:00032960       ??$extract_argument_from_va_list@PEADPEAD@?$standard_base@DV?$stream_output_adapter@D@__crt_stdio_output@@@__crt_stdio_output@@IEAA_NAEAPEAD@Z 0000000180033960 f i libucrtd:output.obj
 0001:000329a0       ??$extract_argument_from_va_list@PEADPEAD@?$standard_base@DV?$string_output_adapter@D@__crt_stdio_output@@@__crt_stdio_output@@IEAA_NAEAPEAD@Z 00000001800339a0 f i libucrtd:output.obj
 0001:000329e0       ??$extract_argument_from_va_list@PEADPEAD@?$standard_base@_WV?$stream_output_adapter@_W@__crt_stdio_output@@@__crt_stdio_output@@IEAA_NAEAPEAD@Z 00000001800339e0 f i libucrtd:output.obj
 0001:00032a20       ??$extract_argument_from_va_list@PEADPEAD@?$standard_base@_WV?$string_output_adapter@_W@__crt_stdio_output@@@__crt_stdio_output@@IEAA_NAEAPEAD@Z 0000000180033a20 f i libucrtd:output.obj
 0001:000334e0       ??$extract_argument_from_va_list@PEAXPEAX@?$positional_parameter_base@DV?$stream_output_adapter@D@__crt_stdio_output@@@__crt_stdio_output@@IEAA_NAEAPEAX@Z 00000001800344e0 f i libucrtd:output.obj
[...]
 0002:00026428       ??_R1A@?0A@EA@pairNode@@8  00000001800e3428     libvcruntimed:undname.obj
 0002:00026458       ??_R4type_info@@6B@        00000001800e3458     LIBCMTD:std_type_info_static.obj
 0002:00026488       ??_R3type_info@@8          00000001800e3488     LIBCMTD:std_type_info_static.obj
 0002:000264a0       ??_R2type_info@@8          00000001800e34a0     LIBCMTD:std_type_info_static.obj
 0002:000264b0       ??_R1A@?0A@EA@type_info@@8 00000001800e34b0     LIBCMTD:std_type_info_static.obj
 0002:000264e0       ??_R4exception@std@@6B@    00000001800e34e0     libvcruntimed:frame.obj
 0002:00026510       ??_R3exception@std@@8      00000001800e3510     libvcruntimed:frame.obj
 0002:00026528       ??_R2exception@std@@8      00000001800e3528     libvcruntimed:frame.obj
 0002:00026538       ??_R1A@?0A@EA@exception@std@@8 00000001800e3538     libvcruntimed:frame.obj
 0002:00026568       ??_R4bad_exception@std@@6B@ 00000001800e3568     libvcruntimed:frame.obj
 0002:00026598       ??_R3bad_exception@std@@8  00000001800e3598     libvcruntimed:frame.obj
 0002:000265b0       ??_R2bad_exception@std@@8  00000001800e35b0     libvcruntimed:frame.obj
 0002:000265c8       ??_R1A@?0A@EA@bad_exception@std@@8 00000001800e35c8     libvcruntimed:frame.obj
 0002:00026898       __rtc_iaa                  00000001800e3898     LIBCMTD:_initsect_.obj
 0002:000269a8       __rtc_izz                  00000001800e39a8     LIBCMTD:_initsect_.obj
 0002:00026ab8       __rtc_taa                  00000001800e3ab8     LIBCMTD:_initsect_.obj
 0002:00026bc8       __rtc_tzz                  00000001800e3bc8     LIBCMTD:_initsect_.obj
 0002:0002d968       _TI2?AVbad_exception@std@@ 00000001800ea968     libvcruntimed:frame.obj
 0002:0002d988       _CTA2?AVbad_exception@std@@ 00000001800ea988     libvcruntimed:frame.obj
 0002:0002d9a0       _CT??_R0?AVbad_exception@std@@@8??0bad_exception@std@@QEAA@AEBV01@@Z24 00000001800ea9a0     libvcruntimed:frame.obj
 0002:0002d9c8       _CT??_R0?AVexception@std@@@8??0exception@std@@QEAA@AEBV01@@Z24 00000001800ea9c8     libvcruntimed:frame.obj
 0003:00000000       _fltused                   00000001800eb000     LIBCMTD:fltused.obj
 0003:00000004       __scrt_native_dllmain_reason 00000001800eb004     LIBCMTD:utility.obj
 0003:00000008       __isa_available            00000001800eb008     LIBCMTD:_cpu_disp_.obj
 0003:0000000c       __isa_enabled              00000001800eb00c     LIBCMTD:_cpu_disp_.obj
 0003:00000010       __memcpy_nt_iters          00000001800eb010     LIBCMTD:_cpu_disp_.obj
 0003:00000020       __security_cookie          00000001800eb020     LIBCMTD:gs_cookie.obj
 0003:00000028       __security_cookie_complement 00000001800eb028     LIBCMTD:gs_cookie.obj
 0003:00000054       _crtDbgFlag                00000001800eb054     libucrtd:debug_heap.obj
 0003:00000058       _crtBreakAlloc             00000001800eb058     libucrtd:debug_heap.obj
 0003:00000060       __abort_behavior           00000001800eb060     libucrtd:abort.obj
 0003:00000080       __acrt_initial_multibyte_data 00000001800eb080     libucrtd:mbctype.obj
 0003:000006c0       __badioinfo                00000001800eb6c0     libucrtd:ioinit.obj
 0003:00000720       __acrt_initial_locale_data 00000001800eb720     libucrtd:nlsdata.obj
 0003:000008c0       __acrt_initial_locale_pointers 00000001800eb8c0     libucrtd:nlsdata.obj
 0003:000008d4       __acrt_wide_c_locale_string 00000001800eb8d4     libucrtd:nlsdata.obj
 0003:000008d8       __mb_cur_max               00000001800eb8d8     libucrtd:nlsdata.obj
 0003:000008e0       _pfnAllocHook              00000001800eb8e0     libucrtd:debug_heap_hook.obj
 0003:0000090c       _crtAssertBusy             00000001800eb90c     libucrtd:dbgrptt.obj
 0003:00000910       _CrtDbgMode                00000001800eb910     libucrtd:dbgrptt.obj
 0003:00000920       _CrtDbgFile                00000001800eb920     libucrtd:dbgrptt.obj
 0003:00000940       _iob                       00000001800eb940     libucrtd:_file.obj
 0003:00000a7c       __globallocalestatus       00000001800eba7c     libucrtd:glstatus.obj
 0003:00000a80       __acrt_lconv_c             00000001800eba80     libucrtd:localeconv.obj
 0003:00000b38       __acrt_lconv               00000001800ebb38     libucrtd:localeconv.obj
 0003:00000b44       __acrt_lconv_static_decimal 00000001800ebb44     libucrtd:localeconv.obj
 0003:00000b48       __acrt_lconv_static_W_decimal 00000001800ebb48     libucrtd:localeconv.obj
 0003:00000b50       _pctype                    00000001800ebb50     libucrtd:ctype.obj
 0003:00000b60       _pwctype                   00000001800ebb60     libucrtd:ctype.obj
 0003:00000b70       _lookuptrailbytes          00000001800ebb70     libucrtd:read.obj
 0003:00000e10       ??_R0?AVDNameNode@@@8      00000001800ebe10     libvcruntimed:undname.obj
 0003:00000e38       ??_R0?AVcharNode@@@8       00000001800ebe38     libvcruntimed:undname.obj
 0003:00000e60       ??_R0?AVpcharNode@@@8      00000001800ebe60     libvcruntimed:undname.obj
 0003:00000e88       ??_R0?AVpDNameNode@@@8     00000001800ebe88     libvcruntimed:undname.obj
 0003:00000eb0       ??_R0?AVDNameStatusNode@@@8 00000001800ebeb0     libvcruntimed:undname.obj
 0003:00000ee0       ??_R0?AVpairNode@@@8       00000001800ebee0     libvcruntimed:undname.obj
 0003:00000f08       ??_R0?AVtype_info@@@8      00000001800ebf08     LIBCMTD:std_type_info_static.obj
 0003:00000f30       ??_R0?AVbad_exception@std@@@8 00000001800ebf30     libvcruntimed:frame.obj
 0003:00000f60       ??_R0?AVexception@std@@@8  00000001800ebf60     libvcruntimed:frame.obj
 0003:00000f90       ??_R0?AVbad_alloc@std@@@8  00000001800ebf90     libvcruntimed:frame.obj
 0003:000010d8       __scrt_current_native_startup_state 00000001800ec0d8     LIBCMTD:utility.obj
 0003:000010e0       __scrt_native_startup_lock 00000001800ec0e0     LIBCMTD:utility.obj
 0003:00001130       ?__type_info_root_node@@3U__type_info_node@@A 00000001800ec130     LIBCMTD:tncleanup.obj
 0003:00001148       ?_OptionsStorage@?1??__local_stdio_printf_options@@9@4_KA 00000001800ec148     LIBCMTD:default_local_stdio_options.obj
 0003:00001158       ?_OptionsStorage@?1??__local_stdio_scanf_options@@9@4_KA 00000001800ec158     LIBCMTD:default_local_stdio_options.obj
 0003:00001164       __scrt_debugger_hook_flag  00000001800ec164     LIBCMTD:utility_desktop.obj
 0003:00001168       __favor                    00000001800ec168     LIBCMTD:_cpu_disp_.obj
 0003:00001950       __pPurecall                00000001800ec950     libvcruntimed:purevirt_data.obj
 0003:00001960       ?m_pGetParameter@UnDecorator@@0P6APEADJ@ZEA 00000001800ec960     libvcruntimed:undname.obj
 0003:00001968       ?pArgList@UnDecorator@@0PEAVReplicator@@EA 00000001800ec968     libvcruntimed:undname.obj
 0003:00001970       ?pZNameList@UnDecorator@@0PEAVReplicator@@EA 00000001800ec970     libvcruntimed:undname.obj
 0003:00001978       ?pTemplateArgList@UnDecorator@@0PEAVReplicator@@EA 00000001800ec978     libvcruntimed:undname.obj
 0003:00001980       ?gName@UnDecorator@@0PEBDEB 00000001800ec980     libvcruntimed:undname.obj
 0003:00001988       ?name@UnDecorator@@0PEBDEB 00000001800ec988     libvcruntimed:undname.obj
 0003:00001990       ?outputString@UnDecorator@@0PEADEA 00000001800ec990     libvcruntimed:undname.obj
 0003:00001998       ?maxStringLength@UnDecorator@@0HA 00000001800ec998     libvcruntimed:undname.obj
 0003:0000199c       ?disableFlags@UnDecorator@@0KA 00000001800ec99c     libvcruntimed:undname.obj
 0003:000019a0       ?fExplicitTemplateParams@UnDecorator@@0_NA 00000001800ec9a0     libvcruntimed:undname.obj
 0003:000019a1       ?fGetTemplateArgumentList@UnDecorator@@0_NA 00000001800ec9a1     libvcruntimed:undname.obj
 0003:00001a50       ?nodes@?1??make@DNameStatusNode@@SAPEAV2@W4DNameStatus@@@Z@4PAV2@A 00000001800eca50     libvcruntimed:undname.obj
 0003:00001a9c       ??_B?1??make@DNameStatusNode@@SAPEAV1@W4DNameStatus@@@Z@51 00000001800eca9c     libvcruntimed:undname.obj
 0003:00001ab1       ?c_exit_complete@?1???R<lambda_6e4b09c48022b2350581041d5f6b0c4c>@@QEBA@XZ@4_NA 00000001800ecab1     libucrtd:exit.obj
 0003:00001e78       _environ_table             00000001800ece78     libucrtd:environment_initialization.obj
 0003:00001e80       _wenviron_table            00000001800ece80     libucrtd:environment_initialization.obj
 0003:00001e90       __dcrt_initial_wide_environment 00000001800ece90     libucrtd:environment_initialization.obj
 0003:00001ea0       __dcrt_initial_narrow_environment 00000001800ecea0     libucrtd:environment_initialization.obj
 0003:00001eb0       __acrt_atexit_table        00000001800eceb0     libucrtd:onexit.obj
 0003:00001ed0       __acrt_at_quick_exit_table 00000001800eced0     libucrtd:onexit.obj
 0003:00001f48       _pfnDumpClient             00000001800ecf48     libucrtd:debug_heap.obj
 0003:00001f54       __fma3_is_available        00000001800ecf54     libucrtd:fma3_available.obj
 0003:00001f58       __use_fma3_lib             00000001800ecf58     libucrtd:fma3_available.obj
 0003:00002220       _mbctype                   00000001800ed220     libucrtd:mbctype.obj
 0003:00002228       _mbcasemap                 00000001800ed228     libucrtd:mbctype.obj
 0003:00002230       __acrt_current_multibyte_data 00000001800ed230     libucrtd:mbctype.obj
 0003:00002248       _pgmptr                    00000001800ed248     libucrtd:argv_data.obj
 0003:00002258       _wpgmptr                   00000001800ed258     libucrtd:argv_data.obj
 0003:00002264       __argc                     00000001800ed264     libucrtd:argv_data.obj
 0003:00002268       __argv                     00000001800ed268     libucrtd:argv_data.obj
 0003:00002278       __wargv                    00000001800ed278     libucrtd:argv_data.obj
 0003:00002288       _acmdln                    00000001800ed288     libucrtd:argv_data.obj
 0003:00002298       _wcmdln                    00000001800ed298     libucrtd:argv_data.obj
 0003:000024c8       __acrt_heap                00000001800ed4c8     libucrtd:heap_handle.obj
 0003:000024e0       __pioinfo                  00000001800ed4e0     libucrtd:ioinit.obj
 0003:000029ac       _nhandle                   00000001800ed9ac     libucrtd:ioinit.obj
 0003:000029f8       __acrt_current_locale_data 00000001800ed9f8     libucrtd:nlsdata.obj
 0003:00002a08       __acrt_stdout_buffer       00000001800eda08     libucrtd:_sftbuf.obj
 0003:00002a18       __acrt_stderr_buffer       00000001800eda18     libucrtd:_sftbuf.obj
 0003:00002a28       __acrt_locale_changed_data 00000001800eda28     libucrtd:wsetlocale.obj
 0003:00003198       _pfnReportHook             00000001800ee198     libucrtd:dbgrptt.obj
 0003:000031a0       _pReportHookList           00000001800ee1a0     libucrtd:dbgrptt.obj
 0003:000031a8       _pReportHookListW          00000001800ee1a8     libucrtd:dbgrptt.obj
 0003:000031c8       _nstream                   00000001800ee1c8     libucrtd:_file.obj
 0003:000031d0       __piob                     00000001800ee1d0     libucrtd:_file.obj
 0003:000031dc       _cflush                    00000001800ee1dc     libucrtd:_file.obj
 0003:000031e9       __acrt_lconv_static_null   00000001800ee1e9     libucrtd:localeconv.obj
 0003:000031ec       __acrt_lconv_static_W_null 00000001800ee1ec     libucrtd:localeconv.obj
 0003:00003258       ?g_OutOfMemoryExceptionCallback@@3P6APEAXXZEA 00000001800ee258     libvcruntimed:frame.obj
 0003:00003264       __scrt_ucrt_dll_is_in_use  00000001800ee264     <common>
 0003:00003270       __dyn_tls_init_callback    00000001800ee270     <common>
 0005:00000000       __imp_QueryPerformanceCounter 00000001800f8000     kernel32:KERNEL32.dll
 0005:00000008       __imp_GetCurrentProcessId  00000001800f8008     kernel32:KERNEL32.dll
 0005:00000010       __imp_GetCurrentThreadId   00000001800f8010     kernel32:KERNEL32.dll
 0005:00000018       __imp_GetSystemTimeAsFileTime 00000001800f8018     kernel32:KERNEL32.dll
 0005:00000020       __imp_InitializeSListHead  00000001800f8020     kernel32:KERNEL32.dll
 0005:00000028       __imp_RtlCaptureContext    00000001800f8028     kernel32:KERNEL32.dll
 0005:00000030       __imp_RtlLookupFunctionEntry 00000001800f8030     kernel32:KERNEL32.dll
 0005:00000038       __imp_RtlVirtualUnwind     00000001800f8038     kernel32:KERNEL32.dll
 0005:00000040       __imp_IsDebuggerPresent    00000001800f8040     kernel32:KERNEL32.dll
 0005:00000048       __imp_UnhandledExceptionFilter 00000001800f8048     kernel32:KERNEL32.dll
 0005:00000050       __imp_SetUnhandledExceptionFilter 00000001800f8050     kernel32:KERNEL32.dll
 0005:00000058       __imp_GetStartupInfoW      00000001800f8058     kernel32:KERNEL32.dll
 0005:00000060       __imp_IsProcessorFeaturePresent 00000001800f8060     kernel32:KERNEL32.dll
 0005:00000068       __imp_GetModuleHandleW     00000001800f8068     kernel32:KERNEL32.dll
 0005:00000070       __imp_GetCurrentProcess    00000001800f8070     kernel32:KERNEL32.dll
 0005:00000078       __imp_TerminateProcess     00000001800f8078     kernel32:KERNEL32.dll
 0005:00000080       __imp_RtlUnwindEx          00000001800f8080     kernel32:KERNEL32.dll
 0005:00000088       __imp_InterlockedPushEntrySList 00000001800f8088     kernel32:KERNEL32.dll
 0005:00000090       __imp_InterlockedFlushSList 00000001800f8090     kernel32:KERNEL32.dll
 0005:00000098       __imp_GetLastError         00000001800f8098     kernel32:KERNEL32.dll
 0005:000000a0       __imp_SetLastError         00000001800f80a0     kernel32:KERNEL32.dll
 0005:000000a8       __imp_EnterCriticalSection 00000001800f80a8     kernel32:KERNEL32.dll
 0005:000000b0       __imp_LeaveCriticalSection 00000001800f80b0     kernel32:KERNEL32.dll
 0005:000000b8       __imp_DeleteCriticalSection 00000001800f80b8     kernel32:KERNEL32.dll
 0005:000000c0       __imp_InitializeCriticalSectionAndSpinCount 00000001800f80c0     kernel32:KERNEL32.dll
 0005:000000c8       __imp_TlsAlloc             00000001800f80c8     kernel32:KERNEL32.dll
 0005:000000d0       __imp_TlsGetValue          00000001800f80d0     kernel32:KERNEL32.dll
 0005:000000d8       __imp_TlsSetValue          00000001800f80d8     kernel32:KERNEL32.dll
 0005:000000e0       __imp_TlsFree              00000001800f80e0     kernel32:KERNEL32.dll
 0005:000000e8       __imp_FreeLibrary          00000001800f80e8     kernel32:KERNEL32.dll
 0005:000000f0       __imp_GetProcAddress       00000001800f80f0     kernel32:KERNEL32.dll
 0005:000000f8       __imp_LoadLibraryExW       00000001800f80f8     kernel32:KERNEL32.dll
 0005:00000100       __imp_ExitProcess          00000001800f8100     kernel32:KERNEL32.dll
 0005:00000108       __imp_GetModuleHandleExW   00000001800f8108     kernel32:KERNEL32.dll
 0005:00000110       __imp_GetModuleFileNameW   00000001800f8110     kernel32:KERNEL32.dll
 0005:00000118       __imp_HeapAlloc            00000001800f8118     kernel32:KERNEL32.dll
 0005:00000120       __imp_HeapSize             00000001800f8120     kernel32:KERNEL32.dll
 0005:00000128       __imp_HeapValidate         00000001800f8128     kernel32:KERNEL32.dll
 0005:00000130       __imp_GetSystemInfo        00000001800f8130     kernel32:KERNEL32.dll
 0005:00000138       __imp_GetCurrentThread     00000001800f8138     kernel32:KERNEL32.dll
 0005:00000140       __imp_FindClose            00000001800f8140     kernel32:KERNEL32.dll
 0005:00000148       __imp_FindFirstFileExW     00000001800f8148     kernel32:KERNEL32.dll
 0005:00000150       __imp_FindNextFileW        00000001800f8150     kernel32:KERNEL32.dll
 0005:00000158       __imp_IsValidCodePage      00000001800f8158     kernel32:KERNEL32.dll
 0005:00000160       __imp_GetACP               00000001800f8160     kernel32:KERNEL32.dll
 0005:00000168       __imp_GetOEMCP             00000001800f8168     kernel32:KERNEL32.dll
 0005:00000170       __imp_GetCPInfo            00000001800f8170     kernel32:KERNEL32.dll
 0005:00000178       __imp_GetCommandLineA      00000001800f8178     kernel32:KERNEL32.dll
 0005:00000180       __imp_GetCommandLineW      00000001800f8180     kernel32:KERNEL32.dll
 0005:00000188       __imp_MultiByteToWideChar  00000001800f8188     kernel32:KERNEL32.dll
 0005:00000190       __imp_WideCharToMultiByte  00000001800f8190     kernel32:KERNEL32.dll
 0005:00000198       __imp_GetEnvironmentStringsW 00000001800f8198     kernel32:KERNEL32.dll
 0005:000001a0       __imp_FreeEnvironmentStringsW 00000001800f81a0     kernel32:KERNEL32.dll
 0005:000001a8       __imp_SetEnvironmentVariableW 00000001800f81a8     kernel32:KERNEL32.dll
 0005:000001b0       __imp_GetDateFormatW       00000001800f81b0     kernel32:KERNEL32.dll
 0005:000001b8       __imp_GetTimeFormatW       00000001800f81b8     kernel32:KERNEL32.dll
 0005:000001c0       __imp_CompareStringW       00000001800f81c0     kernel32:KERNEL32.dll
 0005:000001c8       __imp_LCMapStringW         00000001800f81c8     kernel32:KERNEL32.dll
 0005:000001d0       __imp_GetLocaleInfoW       00000001800f81d0     kernel32:KERNEL32.dll
 0005:000001d8       __imp_IsValidLocale        00000001800f81d8     kernel32:KERNEL32.dll
 0005:000001e0       __imp_GetUserDefaultLCID   00000001800f81e0     kernel32:KERNEL32.dll
 0005:000001e8       __imp_EnumSystemLocalesW   00000001800f81e8     kernel32:KERNEL32.dll
 0005:000001f0       __imp_GetProcessHeap       00000001800f81f0     kernel32:KERNEL32.dll
 0005:000001f8       __imp_GetStdHandle         00000001800f81f8     kernel32:KERNEL32.dll
 0005:00000200       __imp_GetFileType          00000001800f8200     kernel32:KERNEL32.dll
 0005:00000208       __imp_SetConsoleCtrlHandler 00000001800f8208     kernel32:KERNEL32.dll
 0005:00000210       __imp_HeapFree             00000001800f8210     kernel32:KERNEL32.dll
 0005:00000218       __imp_HeapReAlloc          00000001800f8218     kernel32:KERNEL32.dll
 0005:00000220       __imp_HeapQueryInformation 00000001800f8220     kernel32:KERNEL32.dll
 0005:00000228       __imp_WriteFile            00000001800f8228     kernel32:KERNEL32.dll
 0005:00000230       __imp_OutputDebugStringW   00000001800f8230     kernel32:KERNEL32.dll
 0005:00000238       __imp_WriteConsoleW        00000001800f8238     kernel32:KERNEL32.dll
 0005:00000240       __imp_GetStringTypeW       00000001800f8240     kernel32:KERNEL32.dll
 0005:00000248       __imp_SetStdHandle         00000001800f8248     kernel32:KERNEL32.dll
 0005:00000250       __imp_GetFileSizeEx        00000001800f8250     kernel32:KERNEL32.dll
 0005:00000258       __imp_SetFilePointerEx     00000001800f8258     kernel32:KERNEL32.dll
 0005:00000260       __imp_RaiseException       00000001800f8260     kernel32:KERNEL32.dll
 0005:00000268       __imp_FlushFileBuffers     00000001800f8268     kernel32:KERNEL32.dll
 0005:00000270       __imp_GetConsoleCP         00000001800f8270     kernel32:KERNEL32.dll
 0005:00000278       __imp_GetConsoleMode       00000001800f8278     kernel32:KERNEL32.dll
 0005:00000280       __imp_ReadFile             00000001800f8280     kernel32:KERNEL32.dll
 0005:00000288       __imp_ReadConsoleW         00000001800f8288     kernel32:KERNEL32.dll
 0005:00000290       __imp_CloseHandle          00000001800f8290     kernel32:KERNEL32.dll
 0005:00000298       __imp_CreateFileW          00000001800f8298     kernel32:KERNEL32.dll
 0005:000002a0       __imp_RtlPcToFileHeader    00000001800f82a0     kernel32:KERNEL32.dll
 0005:000002a8       __imp_EncodePointer        00000001800f82a8     kernel32:KERNEL32.dll
 0005:000002b0       \177KERNEL32_NULL_THUNK_DATA 00000001800f82b0     kernel32:KERNEL32.dll
 0005:00000390       __IMPORT_DESCRIPTOR_KERNEL32 00000001800f8390     kernel32:KERNEL32.dll
 0005:000003a4       __NULL_IMPORT_DESCRIPTOR   00000001800f83a4     kernel32:KERNEL32.dll
 0007:00000000       __guard_check_icall_fptr   00000001800fa000     LIBCMTD:guard_support.obj
 0007:00000010       __guard_dispatch_icall_fptr 00000001800fa010     LIBCMTD:guard_support.obj
