 win32_handmade

 Timestamp is 6028171d (Sat Feb 13 13:14:53 2021)

 Preferred load address is 00400000

 Start         Length     Name                   Class
 0001:00000000 000553ffH .text$mn                CODE
 0002:00000000 00000104H .CRT$XCA                DATA
 0002:00000104 00000104H .CRT$XCAA               DATA
 0002:00000208 00000104H .CRT$XCZ                DATA
 0002:0000030c 00000104H .CRT$XIA                DATA
 0002:00000410 00000104H .CRT$XIAA               DATA
 0002:00000514 00000104H .CRT$XIAC               DATA
 0002:00000618 00000110H .CRT$XIC                DATA
 0002:00000728 00000104H .CRT$XIZ                DATA
 0002:0000082c 00000104H .CRT$XPA                DATA
 0002:00000930 0000010cH .CRT$XPX                DATA
 0002:00000a3c 00000104H .CRT$XPXA               DATA
 0002:00000b40 00000104H .CRT$XPZ                DATA
 0002:00000c44 00000104H .CRT$XTA                DATA
 0002:00000d48 00000108H .CRT$XTZ                DATA
 0002:00000e50 00008de8H .rdata                  DATA
 0002:00009c38 00000398H .rdata$r                DATA
 0002:00009fd0 00000110H .rdata$sxdata           DATA
 0002:0000a0e0 00000188H .rdata$zzzdbg           DATA
 0002:0000a268 00000104H .rtc$IAA                DATA
 0002:0000a36c 00000104H .rtc$IZZ                DATA
 0002:0000a470 00000104H .rtc$TAA                DATA
 0002:0000a574 00000104H .rtc$TZZ                DATA
 0002:0000a678 00000912H .xdata$x                DATA
 0002:0000af8a 00000000H .edata                  DATA
 0003:00000000 00000b9cH .data                   DATA
 0003:00000b9c 000001d4H .data$r                 DATA
 0003:00000d70 00001750H .bss                    DATA
 0004:00000000 00000294H .idata$5                DATA
 0004:00000294 00000050H .idata$2                DATA
 0004:000002e4 00000014H .idata$3                DATA
 0004:000002f8 00000294H .idata$4                DATA
 0004:0000058c 00000925H .idata$6                DATA
 0005:00000000 000002cfH .gfids$y                DATA
 0006:00000000 00000104H .00cfg                  DATA

  Address         Publics by Value              Rva+Base       Lib:Object

 0000:00000000       ___guard_iat_table         00000000     <absolute>
 0000:00000000       ___dynamic_value_reloc_table 00000000     <absolute>
 0000:00000000       ___guard_iat_count         00000000     <absolute>
 0000:00000000       __except_list              00000000     <absolute>
 0000:00000000       ___guard_longjmp_table     00000000     <absolute>
 0000:00000000       ___guard_fids_table        00000000     <absolute>
 0000:00000000       ___guard_fids_count        00000000     <absolute>
 0000:00000000       ___guard_longjmp_count     00000000     <absolute>
 0000:00000003       ___safe_se_handler_count   00000003     <absolute>
 0000:00000100       ___guard_flags             00000100     <absolute>
 0000:00000000       ___ImageBase               00400000     <linker-defined>
 0001:00005840       ?GameUpdateAndRenderStub@@YAXPAUgame_memory@@PAUgame_input@@PAUgame_offscreen_buffer@@@Z 00406840 f   win32_handmade.obj
 0001:00005850       ?GameGetSoundSamplesStub@@YAXPAUgame_memory@@PAUgame_sound_output_buffer@@@Z 00406850 f   win32_handmade.obj
 0001:00005860       _WinMain@16                00406860 f   win32_handmade.obj
 0001:00006c20       ?XInputGetStateStub@@YGKKPAU_XINPUT_STATE@@@Z 00407c20 f   win32_handmade.obj
 0001:00006c30       ?XInputSetStateStub@@YGKKPAU_XINPUT_VIBRATION@@@Z 00407c30 f   win32_handmade.obj
 0001:00006c40       ?DEBUGPlatformFreeFileMemory@@YAXPAX@Z 00407c40 f   win32_handmade.obj
 0001:00006c60       ?DEBUGPlatformReadEntireFile@@YA?AUdebug_read_file_result@@PAD@Z 00407c60 f   win32_handmade.obj
 0001:00006d30       ?DEBUGPlatformWriteEntireFile@@YAHPADIPAX@Z 00407d30 f   win32_handmade.obj
 0001:00007230       ?Win32MainWindowCallback@@YGJPAUHWND__@@IIJ@Z 00408230 f   win32_handmade.obj
 0001:00008900       ??$__vcrt_va_start_verify_argument_type@PBD@@YAXXZ 00409900 f i win32_handmade.obj
 0001:00008910       ??$__vcrt_va_start_verify_argument_type@QBD@@YAXXZ 00409910 f i win32_handmade.obj
 0001:00008920       ??$sprintf_s@$0BAA@@@YAHAAY0BAA@DPBDZZ 00409920 f i win32_handmade.obj
 0001:00008960       ?GetController@@YAPAUgame_controller_input@@PAUgame_input@@I@Z 00409960 f i win32_handmade.obj
 0001:00008990       ?SafeTruncateSize64@@YAI_K@Z 00409990 f i win32_handmade.obj
 0001:000089d0       ?Win32DrawSoundBufferMarker@@YAXPAUwin32_offscreen_buffer@@PAUwin32_sound_output@@MHHHKI@Z 004099d0 f i win32_handmade.obj
 0001:00008a50       ?Win32GetSecondsElapsed@@YAMT_LARGE_INTEGER@@0@Z 00409a50 f i win32_handmade.obj
 0001:00008ab0       ?Win32GetWallClock@@YA?AT_LARGE_INTEGER@@XZ 00409ab0 f i win32_handmade.obj
 0001:00008ad0       ___local_stdio_printf_options 00409ad0 f i win32_handmade.obj
 0001:00008ae0       __vsprintf_s_l             00409ae0 f i win32_handmade.obj
 0001:00008b40       _sprintf_s                 00409b40 f i win32_handmade.obj
 0001:00008b90       _vsprintf_s                00409b90 f i win32_handmade.obj
 0001:00008bb6       _TranslateMessage@4        00409bb6 f   user32:USER32.dll
 0001:00008bbc       _DispatchMessageA@4        00409bbc f   user32:USER32.dll
 0001:00008bc2       _PeekMessageA@20           00409bc2 f   user32:USER32.dll
 0001:00008bc8       _DefWindowProcA@16         00409bc8 f   user32:USER32.dll
 0001:00008bce       _PostQuitMessage@4         00409bce f   user32:USER32.dll
 0001:00008bd4       _RegisterClassA@4          00409bd4 f   user32:USER32.dll
 0001:00008bda       _CreateWindowExA@48        00409bda f   user32:USER32.dll
 0001:00008be0       _GetDC@4                   00409be0 f   user32:USER32.dll
 0001:00008be6       _ReleaseDC@8               00409be6 f   user32:USER32.dll
 0001:00008bec       _BeginPaint@8              00409bec f   user32:USER32.dll
 0001:00008bf2       _EndPaint@8                00409bf2 f   user32:USER32.dll
 0001:00008bf8       _GetClientRect@8           00409bf8 f   user32:USER32.dll
 0001:00008bfe       _StretchDIBits@52          00409bfe f   Gdi32:GDI32.dll
 0001:00008c04       _timeBeginPeriod@4         00409c04 f   winmm:WINMM.dll
 0001:00008c0a       @__security_check_cookie@4 00409c0a f   LIBCMT:_secchk_.obj
 0001:00008c20       __ftoui3                   00409c20 f   LIBCMT:_ftol3_.obj
 0001:00008c2f       __ftoul3                   00409c2f f   LIBCMT:_ftol3_.obj
 0001:00008c3e       __ftol3                    00409c3e f   LIBCMT:_ftol3_.obj
 0001:00008c4b       __ftol3_NaN                00409c4b f   LIBCMT:_ftol3_.obj
 0001:00008c63       __ftol3_work               00409c63 f   LIBCMT:_ftol3_.obj
 0001:00008ce9       __ftol3_common             00409ce9 f   LIBCMT:_ftol3_.obj
 0001:00008dab       __ftol3_arg_error          00409dab f   LIBCMT:_ftol3_.obj
 0001:00008dbd       __ftol3_except             00409dbd f   LIBCMT:_ftol3_.obj
 0001:00008e01       __dtoui3                   00409e01 f   LIBCMT:_ftol3_.obj
 0001:00008e10       __dtoul3                   00409e10 f   LIBCMT:_ftol3_.obj
 0001:00008e1f       __dtol3                    00409e1f f   LIBCMT:_ftol3_.obj
 0001:00008e2c       __dtol3_NaN                00409e2c f   LIBCMT:_ftol3_.obj
 0001:00008e49       __dtol3_work               00409e49 f   LIBCMT:_ftol3_.obj
 0001:00008f30       __ultod3                   00409f30 f   LIBCMT:_ftol3_.obj
 0001:00008f70       __ltod3                    00409f70 f   LIBCMT:_ftol3_.obj
 0001:0000932f       ?configure_argv@__scrt_narrow_argv_policy@@SAHXZ 0040a32f f i LIBCMT:exe_winmain.obj
 0001:0000933f       ?get_app_type@__scrt_winmain_policy@@SA?AW4_crt_app_type@@XZ 0040a33f f i LIBCMT:exe_winmain.obj
 0001:0000936b       _WinMainCRTStartup         0040a36b f   LIBCMT:exe_winmain.obj
 0001:00009377       ___raise_securityfailure   0040a377 f   LIBCMT:gs_report.obj
 0001:000093a9       ___report_gsfailure        0040a3a9 f   LIBCMT:gs_report.obj
 0001:000094e2       ___report_rangecheckfailure 0040a4e2 f   LIBCMT:gs_report.obj
 0001:000094f1       ___report_securityfailure  0040a4f1 f   LIBCMT:gs_report.obj
 0001:000095f5       ___report_securityfailureEx 0040a5f5 f   LIBCMT:gs_report.obj
 0001:00009750       ??$__crt_fast_decode_pointer@PAP6AXXZ@@YAPAP6AXXZQAP6AXXZ@Z 0040a750 f i LIBCMT:utility.obj
 0001:00009769       ??$__crt_fast_encode_pointer@PAP6AXXZ@@YAPAP6AXXZQAP6AXXZ@Z 0040a769 f i LIBCMT:utility.obj
 0001:0000978d       ?__crt_rotate_pointer_value@@YAIIH@Z 0040a78d f i LIBCMT:utility.obj
 0001:00009831       _NtCurrentTeb              0040a831 f i LIBCMT:utility.obj
 0001:00009838       ___scrt_acquire_startup_lock 0040a838 f   LIBCMT:utility.obj
 0001:0000987a       ___scrt_dllmain_after_initialize_c 0040a87a f   LIBCMT:utility.obj
 0001:000098af       ___scrt_dllmain_before_initialize_c 0040a8af f   LIBCMT:utility.obj
 0001:000098c0       ___scrt_dllmain_crt_thread_attach 0040a8c0 f   LIBCMT:utility.obj
 0001:000098e6       ___scrt_dllmain_crt_thread_detach 0040a8e6 f   LIBCMT:utility.obj
 0001:000098f6       ___scrt_dllmain_exception_filter 0040a8f6 f   LIBCMT:utility.obj
 0001:00009935       ___scrt_dllmain_uninitialize_c 0040a935 f   LIBCMT:utility.obj
 0001:00009960       ___scrt_dllmain_uninitialize_critical 0040a960 f   LIBCMT:utility.obj
 0001:00009970       ___scrt_initialize_crt     0040a970 f   LIBCMT:utility.obj
 0001:000099b7       ___scrt_initialize_onexit_tables 0040a9b7 f   LIBCMT:utility.obj
 0001:00009a73       ___scrt_is_nonwritable_in_current_image 0040aa73 f   LIBCMT:utility.obj
 0001:00009b1f       ___scrt_release_startup_lock 0040ab1f f   LIBCMT:utility.obj
 0001:00009b43       ___scrt_uninitialize_crt   0040ab43 f   LIBCMT:utility.obj
 0001:00009b75       __onexit                   0040ab75 f   LIBCMT:utility.obj
 0001:00009bbe       _at_quick_exit             0040abbe f   LIBCMT:utility.obj
 0001:00009bfb       _atexit                    0040abfb f   LIBCMT:utility.obj
 0001:00009c15       ___security_init_cookie    0040ac15 f   LIBCMT:gs_support.obj
 0001:00009cd8       __matherr                  0040acd8 f   LIBCMT:matherr.obj
 0001:00009cdb       __get_startup_argv_mode    0040acdb f   LIBCMT:argv_mode.obj
 0001:00009cdf       __get_startup_commit_mode  0040acdf f   LIBCMT:commit_mode.obj
 0001:00009ce2       __get_startup_file_mode    0040ace2 f   LIBCMT:file_mode.obj
 0001:00009ce8       __get_startup_new_mode     0040ace8 f   LIBCMT:new_mode.obj
 0001:00009ceb       __get_startup_thread_locale_mode 0040aceb f   LIBCMT:thread_locale.obj
 0001:00009cee       ?__scrt_initialize_type_info@@YAXXZ 0040acee f   LIBCMT:tncleanup.obj
 0001:00009cfd       ?__scrt_uninitialize_type_info@@YAXXZ 0040acfd f   LIBCMT:tncleanup.obj
 0001:00009d0c       __should_initialize_environment 0040ad0c f   LIBCMT:env_mode.obj
 0001:00009d0f       __initialize_default_precision 0040ad0f f   LIBCMT:default_precision.obj
 0001:00009d38       __initialize_invalid_parameter_handler 0040ad38 f   LIBCMT:invalid_parameter_handler.obj
 0001:00009d39       __initialize_denormal_control 0040ad39 f   LIBCMT:denormal_control.obj
 0001:00009d3a       ___local_stdio_scanf_options 0040ad3a f i LIBCMT:default_local_stdio_options.obj
 0001:00009d40       ___scrt_initialize_default_local_stdio_options 0040ad40 f   LIBCMT:default_local_stdio_options.obj
 0001:00009d64       ___scrt_is_user_matherr_present 0040ad64 f   LIBCMT:matherr_detection.obj
 0001:00009d73       ___scrt_get_dyn_tls_init_callback 0040ad73 f   LIBCMT:dyn_tls_init.obj
 0001:00009d79       ___scrt_get_dyn_tls_dtor_callback 0040ad79 f   LIBCMT:dyn_tls_dtor.obj
 0001:00009d7f       ___scrt_fastfail           0040ad7f f   LIBCMT:utility_desktop.obj
 0001:00009ee0       ___scrt_get_show_window_mode 0040aee0 f   LIBCMT:utility_desktop.obj
 0001:00009f1f       ___scrt_initialize_winrt   0040af1f f   LIBCMT:utility_desktop.obj
 0001:00009f22       ___scrt_is_managed_app     0040af22 f   LIBCMT:utility_desktop.obj
 0001:00009f77       ___scrt_set_unhandled_exception_filter 0040af77 f   LIBCMT:utility_desktop.obj
 0001:00009f86       ___scrt_unhandled_exception_filter@4 0040af86 f   LIBCMT:utility_desktop.obj
 0001:00009fd7       __crt_debugger_hook        0040afd7 f   LIBCMT:utility_desktop.obj
 0001:00009fe1       __RTC_Initialize           0040afe1 f   LIBCMT:_initsect_.obj
 0001:0000a016       __RTC_Terminate            0040b016 f   LIBCMT:_initsect_.obj
 0001:0000a04b       @_guard_check_icall@4      0040b04b f i LIBCMT:checkcfg.obj
 0001:0000a060       __SEH_prolog4              0040b060 f   LIBCMT:_sehprolg4_.obj
 0001:0000a0a6       __SEH_epilog4              0040b0a6 f   LIBCMT:_sehprolg4_.obj
 0001:0000a0d1       ___isa_available_init      0040b0d1 f   LIBCMT:_cpu_disp_.obj
 0001:0000a2de       ___scrt_is_ucrt_dll_in_use 0040b2de f   LIBCMT:ucrt_detection.obj
 0001:0000a2ed       @_guard_check_icall_nop@4  0040b2ed f i LIBCMT:guard_support.obj
 0001:0000a2ee       __guard_icall_checks_enforced 0040b2ee f i LIBCMT:guard_support.obj
 0001:0000a304       _CreateFileA@28            0040b304 f   kernel32:KERNEL32.dll
 0001:0000a30a       _GetFileSizeEx@8           0040b30a f   kernel32:KERNEL32.dll
 0001:0000a310       _ReadFile@20               0040b310 f   kernel32:KERNEL32.dll
 0001:0000a316       _WriteFile@20              0040b316 f   kernel32:KERNEL32.dll
 0001:0000a31c       _OutputDebugStringA@4      0040b31c f   kernel32:KERNEL32.dll
 0001:0000a322       _CloseHandle@4             0040b322 f   kernel32:KERNEL32.dll
 0001:0000a328       _QueryPerformanceCounter@4 0040b328 f   kernel32:KERNEL32.dll
 0001:0000a32e       _QueryPerformanceFrequency@4 0040b32e f   kernel32:KERNEL32.dll
 0001:0000a334       _Sleep@4                   0040b334 f   kernel32:KERNEL32.dll
 0001:0000a33a       _VirtualAlloc@16           0040b33a f   kernel32:KERNEL32.dll
 0001:0000a340       _VirtualFree@12            0040b340 f   kernel32:KERNEL32.dll
 0001:0000a346       _FreeLibrary@4             0040b346 f   kernel32:KERNEL32.dll
 0001:0000a34c       _GetProcAddress@8          0040b34c f   kernel32:KERNEL32.dll
 0001:0000a352       _LoadLibraryA@4            0040b352 f   kernel32:KERNEL32.dll
 0001:0000a358       _CopyFileA@12              0040b358 f   kernel32:KERNEL32.dll
 0001:0000a35e       _UnhandledExceptionFilter@4 0040b35e f   kernel32:KERNEL32.dll
 0001:0000a364       _SetUnhandledExceptionFilter@4 0040b364 f   kernel32:KERNEL32.dll
 0001:0000a36a       _GetCurrentProcess@0       0040b36a f   kernel32:KERNEL32.dll
 0001:0000a370       _TerminateProcess@8        0040b370 f   kernel32:KERNEL32.dll
 0001:0000a376       _IsProcessorFeaturePresent@4 0040b376 f   kernel32:KERNEL32.dll
 0001:0000a37c       _GetCurrentProcessId@0     0040b37c f   kernel32:KERNEL32.dll
 0001:0000a382       _GetCurrentThreadId@0      0040b382 f   kernel32:KERNEL32.dll
 0001:0000a388       _GetSystemTimeAsFileTime@4 0040b388 f   kernel32:KERNEL32.dll
 0001:0000a38e       _InitializeSListHead@4     0040b38e f   kernel32:KERNEL32.dll
 0001:0000a394       _IsDebuggerPresent@0       0040b394 f   kernel32:KERNEL32.dll
 0001:0000a39a       _GetStartupInfoW@4         0040b39a f   kernel32:KERNEL32.dll
 0001:0000a3a0       _GetModuleHandleW@4        0040b3a0 f   kernel32:KERNEL32.dll
 0001:0000a3b0       _memset                    0040b3b0 f   libvcruntime:memset.obj
 0001:0000a5a0       __except_handler4          0040b5a0 f   libvcruntime:_chandler4_.obj
 0001:0000a75f       ___vcrt_initialize         0040b75f f   libvcruntime:initialization.obj
 0001:0000a792       ___vcrt_thread_attach      0040b792 f   libvcruntime:initialization.obj
 0001:0000a79f       ___vcrt_thread_detach      0040b79f f   libvcruntime:initialization.obj
 0001:0000a7ac       ___vcrt_uninitialize       0040b7ac f   libvcruntime:initialization.obj
 0001:0000a7d2       ___vcrt_uninitialize_critical 0040b7d2 f   libvcruntime:initialization.obj
 0001:0000a7ed       ??$?RD@__crt_internal_free_policy@@QBEXQBD@Z 0040b7ed f i libvcruntime:std_type_info.obj
 0001:0000a801       ??$?RX@__crt_internal_free_policy@@QBEXQBX@Z 0040b801 f i libvcruntime:std_type_info.obj
 0001:0000a815       ??$__crt_interlocked_compare_exchange_pointer@$$CBD$$T$$T@@YAPBDPDSBD$$T1@Z 0040b815 f i libvcruntime:std_type_info.obj
 0001:0000a82b       ??$__crt_interlocked_compare_exchange_pointer@$$CBDPAD$$T@@YAPBDPDSBDQAD$$T@Z 0040b82b f i libvcruntime:std_type_info.obj
 0001:0000a841       ??$__crt_interlocked_read_pointer@$$CBD@@YAPBDPDSBD@Z 0040b841 f i libvcruntime:std_type_info.obj
 0001:0000a855       ??0?$__crt_unique_heap_ptr@DU__crt_internal_free_policy@@@@QAE@QAD@Z 0040b855 f i libvcruntime:std_type_info.obj
 0001:0000a866       ??0?$__crt_unique_heap_ptr@XU__crt_internal_free_policy@@@@QAE@QAX@Z 0040b866 f i libvcruntime:std_type_info.obj
 0001:0000a877       ??1?$__crt_unique_heap_ptr@DU__crt_internal_free_policy@@@@QAE@XZ 0040b877 f i libvcruntime:std_type_info.obj
 0001:0000a88b       ??1?$__crt_unique_heap_ptr@XU__crt_internal_free_policy@@@@QAE@XZ 0040b88b f i libvcruntime:std_type_info.obj
 0001:0000a8ab       ??B?$__crt_unique_heap_ptr@DU__crt_internal_free_policy@@@@QBE_NXZ 0040b8ab f i libvcruntime:std_type_info.obj
 0001:0000a8b2       ??B?$__crt_unique_heap_ptr@XU__crt_internal_free_policy@@@@QBE_NXZ 0040b8b2 f i libvcruntime:std_type_info.obj
 0001:0000a8e1       ?detach@?$__crt_unique_heap_ptr@XU__crt_internal_free_policy@@@@QAEPAXXZ 0040b8e1 f i libvcruntime:std_type_info.obj
 0001:0000a8e7       ?get@?$__crt_unique_heap_ptr@DU__crt_internal_free_policy@@@@QBEPADXZ 0040b8e7 f i libvcruntime:std_type_info.obj
 0001:0000a8ea       ?get@?$__crt_unique_heap_ptr@XU__crt_internal_free_policy@@@@QBEPAXXZ 0040b8ea f i libvcruntime:std_type_info.obj
 0001:0000a8ed       ?is_valid@?$__crt_unique_heap_ptr@DU__crt_internal_free_policy@@@@QBE_NXZ 0040b8ed f i libvcruntime:std_type_info.obj
 0001:0000a8f4       ?is_valid@?$__crt_unique_heap_ptr@XU__crt_internal_free_policy@@@@QBE_NXZ 0040b8f4 f i libvcruntime:std_type_info.obj
 0001:0000a8fb       ?release@?$__crt_unique_heap_ptr@DU__crt_internal_free_policy@@@@QAEXXZ 0040b8fb f i libvcruntime:std_type_info.obj
 0001:0000a90f       ?release@?$__crt_unique_heap_ptr@XU__crt_internal_free_policy@@@@QAEXXZ 0040b90f f i libvcruntime:std_type_info.obj
 0001:0000a923       ___std_type_info_compare   0040b923 f   libvcruntime:std_type_info.obj
 0001:0000a96e       ___std_type_info_destroy_list 0040b96e f   libvcruntime:std_type_info.obj
 0001:0000a999       ___std_type_info_hash      0040b999 f   libvcruntime:std_type_info.obj
 0001:0000a9c8       ___std_type_info_name      0040b9c8 f   libvcruntime:std_type_info.obj
 0001:0000aad0       __local_unwind4            0040bad0 f   libvcruntime:_exsup4_.obj
 0001:0000aba6       __seh_longjmp_unwind4@4    0040bba6 f   libvcruntime:_exsup4_.obj
 0001:0000abce       @_EH4_CallFilterFunc@8     0040bbce f   libvcruntime:_exsup4_.obj
 0001:0000abe5       @_EH4_TransferToHandler@8  0040bbe5 f   libvcruntime:_exsup4_.obj
 0001:0000abfe       @_EH4_GlobalUnwind2@8      0040bbfe f   libvcruntime:_exsup4_.obj
 0001:0000ac17       @_EH4_LocalUnwind@16       0040bc17 f   libvcruntime:_exsup4_.obj
 0001:0000ac85       ___except_validate_context_record 0040bc85 f   libvcruntime:jbcxrval.obj
 0001:0000ac86       ___except_validate_jump_buffer 0040bc86 f   libvcruntime:jbcxrval.obj
 0001:0000ac87       ??$?RU__vcrt_ptd@@@__crt_internal_free_policy@@QBEXQBU__vcrt_ptd@@@Z 0040bc87 f i libvcruntime:per_thread_data.obj
 0001:0000ac9b       ??0?$__crt_unique_heap_ptr@U__vcrt_ptd@@U__crt_internal_free_policy@@@@QAE@QAU__vcrt_ptd@@@Z 0040bc9b f i libvcruntime:per_thread_data.obj
 0001:0000acbe       ??1?$__crt_unique_heap_ptr@U__vcrt_ptd@@U__crt_internal_free_policy@@@@QAE@XZ 0040bcbe f i libvcruntime:per_thread_data.obj
 0001:0000acdd       ??B?$__crt_unique_heap_ptr@U__vcrt_ptd@@U__crt_internal_free_policy@@@@QBE_NXZ 0040bcdd f i libvcruntime:per_thread_data.obj
 0001:0000ace4       ?detach@?$__crt_unique_heap_ptr@U__vcrt_ptd@@U__crt_internal_free_policy@@@@QAEPAU__vcrt_ptd@@XZ 0040bce4 f i libvcruntime:per_thread_data.obj
 0001:0000acea       ?get@?$__crt_unique_heap_ptr@U__vcrt_ptd@@U__crt_internal_free_policy@@@@QBEPAU__vcrt_ptd@@XZ 0040bcea f i libvcruntime:per_thread_data.obj
 0001:0000aced       ?is_valid@?$__crt_unique_heap_ptr@U__vcrt_ptd@@U__crt_internal_free_policy@@@@QBE_NXZ 0040bced f i libvcruntime:per_thread_data.obj
 0001:0000acf4       ?release@?$__crt_unique_heap_ptr@U__vcrt_ptd@@U__crt_internal_free_policy@@@@QAEXXZ 0040bcf4 f i libvcruntime:per_thread_data.obj
 0001:0000ad28       ___vcrt_freefls@4          0040bd28 f   libvcruntime:per_thread_data.obj
 0001:0000ad4b       ___vcrt_freeptd            0040bd4b f   libvcruntime:per_thread_data.obj
 0001:0000ad8e       ___vcrt_getptd             0040bd8e f   libvcruntime:per_thread_data.obj
 0001:0000ad9f       ___vcrt_getptd_noexit      0040bd9f f   libvcruntime:per_thread_data.obj
 0001:0000ae55       ___vcrt_initialize_ptd     0040be55 f   libvcruntime:per_thread_data.obj
 0001:0000ae94       ___vcrt_uninitialize_ptd   0040be94 f   libvcruntime:per_thread_data.obj
 0001:0000aeb5       ___vcrt_initialize_locks   0040beb5 f   libvcruntime:locks.obj
 0001:0000af00       ___vcrt_lock               0040bf00 f   libvcruntime:locks.obj
 0001:0000af1a       ___vcrt_uninitialize_locks 0040bf1a f   libvcruntime:locks.obj
 0001:0000af54       ___vcrt_unlock             0040bf54 f   libvcruntime:locks.obj
 0001:0000af6e       ??$?BX@__crt_fast_encoded_nullptr_t@@QBEPAXXZ 0040bf6e f i libvcruntime:winapi_downlevel.obj
 0001:0000af8c       ??$__crt_fast_decode_pointer@PAX@@YAPAXQAX@Z 0040bf8c f i libvcruntime:winapi_downlevel.obj
 0001:0000afa5       ??$__crt_fast_encode_pointer@PAX@@YAPAXQAX@Z 0040bfa5 f i libvcruntime:winapi_downlevel.obj
 0001:0000afc9       ??$__crt_interlocked_compare_exchange_pointer@UHINSTANCE__@@$$T$$T@@YAPAUHINSTANCE__@@PDSAU0@$$T1@Z 0040bfc9 f i libvcruntime:winapi_downlevel.obj
 0001:0000afdf       ??$__crt_interlocked_compare_exchange_pointer@X$$T$$T@@YAPAXPDSAX$$T1@Z 0040bfdf f i libvcruntime:winapi_downlevel.obj
 0001:0000aff5       ??$__crt_interlocked_exchange_pointer@UHINSTANCE__@@PAU1@@@YAPAUHINSTANCE__@@PDSAU0@QAU0@@Z 0040bff5 f i libvcruntime:winapi_downlevel.obj
 0001:0000b005       ??$__crt_interlocked_exchange_pointer@UHINSTANCE__@@PAX@@YAPAUHINSTANCE__@@PDSAU0@QAX@Z 0040c005 f i libvcruntime:winapi_downlevel.obj
 0001:0000b015       ??$__crt_interlocked_exchange_pointer@XPAX@@YAPAXPDSAXQAX@Z 0040c015 f i libvcruntime:winapi_downlevel.obj
 0001:0000b025       ??$__crt_interlocked_read_pointer@UHINSTANCE__@@@@YAPAUHINSTANCE__@@PDSAU0@@Z 0040c025 f i libvcruntime:winapi_downlevel.obj
 0001:0000b039       ??$__crt_interlocked_read_pointer@X@@YAPAXPDSAX@Z 0040c039 f i libvcruntime:winapi_downlevel.obj
 0001:0000b04d       ?__crt_fast_encode_pointer@@YA?AU__crt_fast_encoded_nullptr_t@@$$T@Z 0040c04d f i libvcruntime:winapi_downlevel.obj
 0001:0000b391       ___vcrt_EventRegister      0040c391 f   libvcruntime:winapi_downlevel.obj
 0001:0000b3e1       ___vcrt_EventSetInformation 0040c3e1 f   libvcruntime:winapi_downlevel.obj
 0001:0000b434       ___vcrt_EventUnregister    0040c434 f   libvcruntime:winapi_downlevel.obj
 0001:0000b47c       ___vcrt_EventWriteTransfer 0040c47c f   libvcruntime:winapi_downlevel.obj
 0001:0000b4d7       ___vcrt_FlsAlloc           0040c4d7 f   libvcruntime:winapi_downlevel.obj
 0001:0000b51f       ___vcrt_FlsFree            0040c51f f   libvcruntime:winapi_downlevel.obj
 0001:0000b567       ___vcrt_FlsGetValue        0040c567 f   libvcruntime:winapi_downlevel.obj
 0001:0000b5af       ___vcrt_FlsSetValue        0040c5af f   libvcruntime:winapi_downlevel.obj
 0001:0000b5fb       ___vcrt_InitializeCriticalSectionEx 0040c5fb f   libvcruntime:winapi_downlevel.obj
 0001:0000b652       ___vcrt_initialize_winapi_thunks 0040c652 f   libvcruntime:winapi_downlevel.obj
 0001:0000b69a       ___vcrt_uninitialize_winapi_thunks 0040c69a f   libvcruntime:winapi_downlevel.obj
 0001:0000b6d8       ??$?B$$A6AXXZ@__crt_fast_encoded_nullptr_t@@QBEP6AXXZXZ 0040c6d8 f i libvcruntime:purevirt_data.obj
 0001:0000b6f6       ??$__crt_fast_encode_pointer@P6AXXZ@@YAP6AXXZQ6AXXZ@Z 0040c6f6 f i libvcruntime:purevirt_data.obj
 0001:0000b71a       ___vcrt_initialize_pure_virtual_call_handler 0040c71a f   libvcruntime:purevirt_data.obj
 0001:0000b73e       ??0Block@_HeapManager@@QAE@XZ 0040c73e f i libvcruntime:undname.obj
 0001:0000b744       ??0DName@@QAE@AAPBDD@Z     0040c744 f   libvcruntime:undname.obj
 0001:0000b82b       ??0DName@@QAE@ABV0@@Z      0040c82b f i libvcruntime:undname.obj
 0001:0000b846       ??0DName@@QAE@D@Z          0040c846 f   libvcruntime:undname.obj
 0001:0000b87d       ??0DName@@QAE@PAV0@@Z      0040c87d f   libvcruntime:undname.obj
 0001:0000b8dd       ??0DName@@QAE@PBD@Z        0040c8dd f   libvcruntime:undname.obj
 0001:0000b925       ??0DName@@QAE@W4DNameStatus@@@Z 0040c925 f   libvcruntime:undname.obj
 0001:0000b978       ??0DName@@QAE@XZ           0040c978 f i libvcruntime:undname.obj
 0001:0000b98d       ??0DName@@QAE@_J@Z         0040c98d f   libvcruntime:undname.obj
 0001:0000ba47       ??0DName@@QAE@_K@Z         0040ca47 f   libvcruntime:undname.obj
 0001:0000bad1       ??0DNameNode@@IAE@XZ       0040cad1 f   libvcruntime:undname.obj
 0001:0000badc       ??0DNameStatusNode@@AAE@W4DNameStatus@@@Z 0040cadc f   libvcruntime:undname.obj
 0001:0000bb07       ??0Replicator@@QAE@XZ      0040cb07 f i libvcruntime:undname.obj
 0001:0000bb0d       ??0UnDecorator@@QAE@PADPBDHP6APADJ@ZK@Z 0040cb0d f i libvcruntime:undname.obj
 0001:0000bb90       ??0charNode@@QAE@D@Z       0040cb90 f   libvcruntime:undname.obj
 0001:0000bbaa       ??0pDNameNode@@QAE@PAVDName@@@Z 0040cbaa f   libvcruntime:undname.obj
 0001:0000bbdc       ??0pairNode@@QAE@PAVDNameNode@@0@Z 0040cbdc f   libvcruntime:undname.obj
 0001:0000bc02       ??0pcharNode@@QAE@PBDH@Z   0040cc02 f   libvcruntime:undname.obj
 0001:0000bc71       ??2@YAPAXIAAV_HeapManager@@H@Z 0040cc71 f i libvcruntime:undname.obj
 0001:0000bc8b       ??4DName@@QAEAAV0@ABV0@@Z  0040cc8b f   libvcruntime:undname.obj
 0001:0000bca6       ??4DName@@QAEAAV0@D@Z      0040cca6 f i libvcruntime:undname.obj
 0001:0000bcdd       ??4DName@@QAEAAV0@PAV0@@Z  0040ccdd f   libvcruntime:undname.obj
 0001:0000bd38       ??4DName@@QAEAAV0@PBD@Z    0040cd38 f   libvcruntime:undname.obj
 0001:0000bd76       ??4DName@@QAEAAV0@W4DNameStatus@@@Z 0040cd76 f   libvcruntime:undname.obj
 0001:0000bdb8       ??AReplicator@@QBE?AVDName@@H@Z 0040cdb8 f   libvcruntime:undname.obj
 0001:0000be03       ??BUnDecorator@@QAEPADXZ   0040ce03 f i libvcruntime:undname.obj
 0001:0000bfda       ??H@YA?AVDName@@DABV0@@Z   0040cfda f i libvcruntime:undname.obj
 0001:0000c007       ??H@YA?AVDName@@PBDABV0@@Z 0040d007 f i libvcruntime:undname.obj
 0001:0000c034       ??H@YA?AVDName@@W4DNameStatus@@ABV0@@Z 0040d034 f i libvcruntime:undname.obj
 0001:0000c061       ??HDName@@QBE?AV0@ABV0@@Z  0040d061 f   libvcruntime:undname.obj
 0001:0000c08b       ??HDName@@QBE?AV0@D@Z      0040d08b f   libvcruntime:undname.obj
 0001:0000c0b5       ??HDName@@QBE?AV0@PAV0@@Z  0040d0b5 f   libvcruntime:undname.obj
 0001:0000c0df       ??HDName@@QBE?AV0@PBD@Z    0040d0df f   libvcruntime:undname.obj
 0001:0000c109       ??HDName@@QBE?AV0@W4DNameStatus@@@Z 0040d109 f   libvcruntime:undname.obj
 0001:0000c133       ??YDName@@QAEAAV0@ABV0@@Z  0040d133 f   libvcruntime:undname.obj
 0001:0000c186       ??YDName@@QAEAAV0@D@Z      0040d186 f   libvcruntime:undname.obj
 0001:0000c1ea       ??YDName@@QAEAAV0@PAV0@@Z  0040d1ea f   libvcruntime:undname.obj
 0001:0000c268       ??YDName@@QAEAAV0@PBD@Z    0040d268 f   libvcruntime:undname.obj
 0001:0000c2e1       ??YDName@@QAEAAV0@W4DNameStatus@@@Z 0040d2e1 f   libvcruntime:undname.obj
 0001:0000c331       ??YReplicator@@QAEAAV0@ABVDName@@@Z 0040d331 f   libvcruntime:undname.obj
 0001:0000c38d       ??_5DName@@QAEAAV0@ABV0@@Z 0040d38d f   libvcruntime:undname.obj
 0001:0000c3b0       ?Constructor@_HeapManager@@QAEXP6APAXI@ZP6AXPAX@Z@Z 0040d3b0 f i libvcruntime:undname.obj
 0001:0000c3d4       ?Destructor@_HeapManager@@QAEXXZ 0040d3d4 f i libvcruntime:undname.obj
 0001:0000c41b       ?UScore@UnDecorator@@SAPBDW4Tokens@@@Z 0040d41b f   libvcruntime:undname.obj
 0001:0000c43f       ?append@DName@@AAEXPAVDNameNode@@@Z 0040d43f f   libvcruntime:undname.obj
 0001:0000c496       ?composeDeclaration@UnDecorator@@CA?AVDName@@ABV2@@Z 0040d496 f i libvcruntime:undname.obj
 0001:0000d4d1       ?doAccessSpecifiers@UnDecorator@@SAHXZ 0040e4d1 f i libvcruntime:undname.obj
 0001:0000d4e2       ?doAllocationLanguage@UnDecorator@@SAHXZ 0040e4e2 f i libvcruntime:undname.obj
 0001:0000d4f3       ?doAllocationModel@UnDecorator@@SAHXZ 0040e4f3 f i libvcruntime:undname.obj
 0001:0000d504       ?doEcsu@UnDecorator@@SAHXZ 0040e504 f i libvcruntime:undname.obj
 0001:0000d515       ?doEllipsis@UnDecorator@@SAHXZ 0040e515 f i libvcruntime:undname.obj
 0001:0000d526       ?doFunctionReturns@UnDecorator@@SAHXZ 0040e526 f i libvcruntime:undname.obj
 0001:0000d537       ?doMSKeywords@UnDecorator@@SAHXZ 0040e537 f i libvcruntime:undname.obj
 0001:0000d547       ?doMemberTypes@UnDecorator@@SAHXZ 0040e547 f i libvcruntime:undname.obj
 0001:0000d558       ?doNameOnly@UnDecorator@@SAHXZ 0040e558 f i libvcruntime:undname.obj
 0001:0000d565       ?doNoIdentCharCheck@UnDecorator@@SAHXZ 0040e565 f i libvcruntime:undname.obj
 0001:0000d572       ?doPchar@DName@@AAEXPBDH@Z 0040e572 f   libvcruntime:undname.obj
 0001:0000d61e       ?doPtr64@UnDecorator@@SAHXZ 0040e61e f i libvcruntime:undname.obj
 0001:0000d62f       ?doRestrictionSpec@UnDecorator@@SAHXZ 0040e62f f i libvcruntime:undname.obj
 0001:0000d640       ?doThisTypes@UnDecorator@@SAHXZ 0040e640 f i libvcruntime:undname.obj
 0001:0000d656       ?doThrowTypes@UnDecorator@@SAHXZ 0040e656 f i libvcruntime:undname.obj
 0001:0000d667       ?doTypeOnly@UnDecorator@@SAHXZ 0040e667 f i libvcruntime:undname.obj
 0001:0000d674       ?doUnderScore@UnDecorator@@SAHXZ 0040e674 f i libvcruntime:undname.obj
 0001:0000d681       ?getArgumentList@UnDecorator@@CA?AVDName@@XZ 0040e681 f   libvcruntime:undname.obj
 0001:0000d7d0       ?getArgumentTypes@UnDecorator@@CA?AVDName@@XZ 0040e7d0 f   libvcruntime:undname.obj
 0001:0000d8e8       ?getArrayType@UnDecorator@@CA?AVDName@@ABV2@@Z 0040e8e8 f i libvcruntime:undname.obj
 0001:0000db6a       ?getBasedType@UnDecorator@@CA?AVDName@@XZ 0040eb6a f   libvcruntime:undname.obj
 0001:0000dc29       ?getBasicDataType@UnDecorator@@CA?AVDName@@ABV2@@Z 0040ec29 f   libvcruntime:undname.obj
 0001:0000e113       ?getCallIndex@UnDecorator@@CA?AVDName@@XZ 0040f113 f i libvcruntime:undname.obj
 0001:0000e12c       ?getCallingConvention@UnDecorator@@CA?AVDName@@XZ 0040f12c f   libvcruntime:undname.obj
 0001:0000e21a       ?getDataIndirectType@UnDecorator@@CA?AVDName@@ABV2@PBD0H@Z 0040f21a f   libvcruntime:undname.obj
 0001:0000e9c5       ?getDataIndirectType@UnDecorator@@CA?AVDName@@XZ 0040f9c5 f i libvcruntime:undname.obj
 0001:0000ea0c       ?getDataType@UnDecorator@@CA?AVDName@@PAV2@@Z 0040fa0c f   libvcruntime:undname.obj
 0001:0000eb12       ?getDecoratedName@UnDecorator@@CA?AVDName@@XZ 0040fb12 f   libvcruntime:undname.obj
 0001:0000edf1       ?getDimension@UnDecorator@@CA?AVDName@@_N@Z 0040fdf1 f   libvcruntime:undname.obj
 0001:0000ef75       ?getDispatchTarget@UnDecorator@@CA?AVDName@@XZ 0040ff75 f   libvcruntime:undname.obj
 0001:0000efe6       ?getDisplacement@UnDecorator@@CA?AVDName@@XZ 0040ffe6 f i libvcruntime:undname.obj
 0001:0000efff       ?getECSUDataType@UnDecorator@@CA?AVDName@@XZ 0040ffff f   libvcruntime:undname.obj
 0001:0000f163       ?getECSUName@UnDecorator@@CA?AVDName@@XZ 00410163 f i libvcruntime:undname.obj
 0001:0000f178       ?getEnumType@UnDecorator@@CA?AVDName@@XZ 00410178 f i libvcruntime:undname.obj
 0001:0000f29f       ?getExtendedDataIndirectType@UnDecorator@@CA?AVDName@@AAPBDAA_NH@Z 0041029f f   libvcruntime:undname.obj
 0001:0000f4b2       ?getExternalDataType@UnDecorator@@CA?AVDName@@ABV2@@Z 004104b2 f i libvcruntime:undname.obj
 0001:0000f549       ?getFunctionIndirectType@UnDecorator@@CA?AVDName@@ABV2@@Z 00410549 f   libvcruntime:undname.obj
 0001:0000fa54       ?getGuardNumber@UnDecorator@@CA?AVDName@@XZ 00410a54 f i libvcruntime:undname.obj
 0001:0000fa6d       ?getLastChar@DName@@QBEDXZ 00410a6d f i libvcruntime:undname.obj
 0001:0000fa93       ?getLastChar@DNameStatusNode@@UBEDXZ 00410a93 f i libvcruntime:undname.obj
 0001:0000faa2       ?getLastChar@charNode@@UBEDXZ 00410aa2 f i libvcruntime:undname.obj
 0001:0000faa6       ?getLastChar@pDNameNode@@UBEDXZ 00410aa6 f i libvcruntime:undname.obj
 0001:0000fab7       ?getLastChar@pairNode@@UBEDXZ 00410ab7 f i libvcruntime:undname.obj
 0001:0000faf6       ?getLastChar@pcharNode@@UBEDXZ 00410af6 f i libvcruntime:undname.obj
 0001:0000fb0c       ?getLexicalFrame@UnDecorator@@CA?AVDName@@XZ 00410b0c f i libvcruntime:undname.obj
 0001:0000fb58       ?getMemory@_HeapManager@@QAEPAXIH@Z 00410b58 f   libvcruntime:undname.obj
 0001:0000fc09       ?getNumberOfDimensions@UnDecorator@@CAHXZ 00410c09 f   libvcruntime:undname.obj
 0001:0000fc82       ?getOperatorName@UnDecorator@@CA?AVDName@@_NPA_N@Z 00410c82 f i libvcruntime:undname.obj
 0001:00010432       ?getPointerType@UnDecorator@@CA?AVDName@@ABV2@0@Z 00411432 f i libvcruntime:undname.obj
 0001:00010457       ?getPointerTypeArray@UnDecorator@@CA?AVDName@@ABV2@0@Z 00411457 f i libvcruntime:undname.obj
 0001:0001047c       ?getPrimaryDataType@UnDecorator@@CA?AVDName@@ABV2@@Z 0041147c f   libvcruntime:undname.obj
 0001:000106ed       ?getPtrRefDataType@UnDecorator@@CA?AVDName@@ABV2@H@Z 004116ed f   libvcruntime:undname.obj
 0001:0001082f       ?getPtrRefType@UnDecorator@@CA?AVDName@@ABV2@0PBD@Z 0041182f f   libvcruntime:undname.obj
 0001:0001096a       ?getReferenceType@UnDecorator@@CA?AVDName@@ABV2@0PBD@Z 0041196a f i libvcruntime:undname.obj
 0001:0001098d       ?getRestrictionSpec@UnDecorator@@CA?AVDName@@XZ 0041198d f   libvcruntime:undname.obj
 0001:00010abb       ?getReturnType@UnDecorator@@CA?AVDName@@PAV2@@Z 00411abb f   libvcruntime:undname.obj
 0001:00010af5       ?getScope@UnDecorator@@CA?AVDName@@XZ 00411af5 f   libvcruntime:undname.obj
 0001:00010fca       ?getScopedName@UnDecorator@@CA?AVDName@@XZ 00411fca f   libvcruntime:undname.obj
 0001:00011103       ?getSignedDimension@UnDecorator@@CA?AVDName@@XZ 00412103 f   libvcruntime:undname.obj
 0001:0001116a       ?getStorageConvention@UnDecorator@@CA?AVDName@@XZ 0041216a f i libvcruntime:undname.obj
 0001:0001117f       ?getString@DName@@QBEPADPAD0@Z 0041217f f i libvcruntime:undname.obj
 0001:000111b6       ?getString@DName@@QBEPADPADH@Z 004121b6 f i libvcruntime:undname.obj
 0001:00011221       ?getString@DNameStatusNode@@UBEPADPAD0@Z 00412221 f i libvcruntime:undname.obj
 0001:00011251       ?getString@charNode@@UBEPADPAD0@Z 00412251 f i libvcruntime:undname.obj
 0001:0001126b       ?getString@pDNameNode@@UBEPADPAD0@Z 0041226b f i libvcruntime:undname.obj
 0001:00011287       ?getString@pairNode@@UBEPADPAD0@Z 00412287 f i libvcruntime:undname.obj
 0001:000112dc       ?getString@pcharNode@@UBEPADPAD0@Z 004122dc f i libvcruntime:undname.obj
 0001:000112fd       ?getStringEncoding@UnDecorator@@CA?AVDName@@PADH@Z 004122fd f   libvcruntime:undname.obj
 0001:000113c8       ?getStringHelper@@YAPADPAD00H@Z 004123c8 f i libvcruntime:undname.obj
 0001:0001140c       ?getSymbolName@UnDecorator@@CA?AVDName@@XZ 0041240c f i libvcruntime:undname.obj
 0001:00011466       ?getTemplateArgumentList@UnDecorator@@CA?AVDName@@XZ 00412466 f   libvcruntime:undname.obj
 0001:000117b3       ?getTemplateConstant@UnDecorator@@CA?AVDName@@XZ 004127b3 f   libvcruntime:undname.obj
 0001:00011bc8       ?getTemplateName@UnDecorator@@CA?AVDName@@_N@Z 00412bc8 f   libvcruntime:undname.obj
 0001:00011d73       ?getThisType@UnDecorator@@CA?AVDName@@XZ 00412d73 f i libvcruntime:undname.obj
 0001:00011dbb       ?getThrowTypes@UnDecorator@@CA?AVDName@@XZ 00412dbb f   libvcruntime:undname.obj
 0001:00011e67       ?getTypeEncoding@UnDecorator@@CAHXZ 00412e67 f i libvcruntime:undname.obj
 0001:00012263       ?getVCallThunkType@UnDecorator@@CA?AVDName@@XZ 00413263 f i libvcruntime:undname.obj
 0001:000122ac       ?getVbTableType@UnDecorator@@CA?AVDName@@ABV2@@Z 004132ac f i libvcruntime:undname.obj
 0001:000122c6       ?getVdispMapType@UnDecorator@@CA?AVDName@@ABV2@@Z 004132c6 f i libvcruntime:undname.obj
 0001:00012331       ?getVfTableType@UnDecorator@@CA?AVDName@@ABV2@@Z 00413331 f i libvcruntime:undname.obj
 0001:000124ef       ?getZName@UnDecorator@@CA?AVDName@@_N0@Z 004134ef f   libvcruntime:undname.obj
 0001:000127bf       ?haveTemplateParameters@UnDecorator@@SAHXZ 004137bf f i libvcruntime:undname.obj
 0001:000127cc       ?isArray@DName@@QBEHXZ     004137cc f i libvcruntime:undname.obj
 0001:000127d8       ?isComArray@DName@@QBEHXZ  004137d8 f i libvcruntime:undname.obj
 0001:000127e4       ?isEmpty@DName@@QBEHXZ     004137e4 f i libvcruntime:undname.obj
 0001:000127ee       ?isFull@Replicator@@QBEHXZ 004137ee f i libvcruntime:undname.obj
 0001:000127f9       ?isNoTE@DName@@QBEHXZ      004137f9 f i libvcruntime:undname.obj
 0001:00012805       ?isPinPtr@DName@@QBEHXZ    00413805 f i libvcruntime:undname.obj
 0001:00012811       ?isPtrRef@DName@@QBEHXZ    00413811 f i libvcruntime:undname.obj
 0001:0001281d       ?isUDC@DName@@QBEHXZ       0041381d f i libvcruntime:undname.obj
 0001:00012832       ?isUDTThunk@DName@@QBEHXZ  00413832 f i libvcruntime:undname.obj
 0001:00012847       ?isVCallThunk@DName@@QBEHXZ 00413847 f i libvcruntime:undname.obj
 0001:00012853       ?isValid@DName@@QBEHXZ     00413853 f i libvcruntime:undname.obj
 0001:0001285f       ?length@DName@@QBEHXZ      0041385f f i libvcruntime:undname.obj
 0001:00012884       ?length@DNameStatusNode@@UBEHXZ 00413884 f i libvcruntime:undname.obj
 0001:00012888       ?length@charNode@@UBEHXZ   00413888 f i libvcruntime:undname.obj
 0001:0001288c       ?length@pDNameNode@@UBEHXZ 0041388c f i libvcruntime:undname.obj
 0001:0001289d       ?length@pairNode@@UBEHXZ   0041389d f i libvcruntime:undname.obj
 0001:000128f9       ?length@pcharNode@@UBEHXZ  004138f9 f i libvcruntime:undname.obj
 0001:000128fd       ?make@DNameStatusNode@@SAPAV1@W4DNameStatus@@@Z 004138fd f i libvcruntime:undname.obj
 0001:000129a4       ?setIsArray@DName@@QAEXXZ  004139a4 f i libvcruntime:undname.obj
 0001:000129ae       ?setIsComArray@DName@@QAEXXZ 004139ae f i libvcruntime:undname.obj
 0001:000129b8       ?setIsNoTE@DName@@QAEXXZ   004139b8 f i libvcruntime:undname.obj
 0001:000129c2       ?setIsPinPtr@DName@@QAEXXZ 004139c2 f i libvcruntime:undname.obj
 0001:000129cc       ?setIsUDC@DName@@QAEXXZ    004139cc f i libvcruntime:undname.obj
 0001:000129dc       ?setIsVCallThunk@DName@@QAEXXZ 004139dc f i libvcruntime:undname.obj
 0001:000129e6       ?setPtrRef@DName@@QAEAAV1@XZ 004139e6 f i libvcruntime:undname.obj
 0001:000129f2       ?status@DName@@QBE?AW4DNameStatus@@XZ 004139f2 f i libvcruntime:undname.obj
 0001:00012a77       ___unDName                 00413a77 f   libvcruntime:undname.obj
 0001:00012b31       ___unDNameEx               00413b31 f   libvcruntime:undname.obj
 0001:00012bf0       __global_unwind2           00413bf0 f   libvcruntime:_exsup_.obj
 0001:00012c55       __local_unwind2            00413c55 f   libvcruntime:_exsup_.obj
 0001:00012cd9       __abnormal_termination     00413cd9 f   libvcruntime:_exsup_.obj
 0001:00012cfc       __NLG_Notify1              00413cfc f   libvcruntime:_exsup_.obj
 0001:00012d05       __NLG_Notify               00413d05 f   libvcruntime:_exsup_.obj
 0001:00012d1c       __NLG_Dispatch             00413d1c     libvcruntime:_exsup_.obj
 0001:00012d1c       __NLG_Dispatch2            00413d1c     libvcruntime:_exsup_.obj
 0001:00012d24       __NLG_Call                 00413d24 f   libvcruntime:_exsup_.obj
 0001:00012d26       __NLG_Return2              00413d26     libvcruntime:_exsup_.obj
 0001:00012d74       ??$__crt_fast_decode_pointer@P6AXXZ@@YAP6AXXZQ6AXXZ@Z 00413d74 f i libvcruntime:purevirt.obj
 0001:00012d8d       ??$__crt_interlocked_compare_exchange_pointer@$$A6AXXZ$$T$$T@@YAP6AXXZPDS6AXXZ$$T1@Z 00413d8d f i libvcruntime:purevirt.obj
 0001:00012da3       ??$__crt_interlocked_exchange_pointer@$$A6AXXZP6AXXZ@@YAP6AXXZPDS6AXXZQ6AXXZ@Z 00413da3 f i libvcruntime:purevirt.obj
 0001:00012db3       ??$__crt_interlocked_read_pointer@$$A6AXXZ@@YAP6AXXZPDS6AXXZ@Z 00413db3 f i libvcruntime:purevirt.obj
 0001:00012dc7       __get_purecall_handler     00413dc7 f   libvcruntime:purevirt.obj
 0001:00012ded       __purecall                 00413ded f   libvcruntime:purevirt.obj
 0001:00012e0e       __set_purecall_handler     00413e0e f   libvcruntime:purevirt.obj
 0001:00012e3c       ??$?0ABV?$stream_output_adapter@D@__crt_stdio_output@@AB_KABQBDABQAU__crt_locale_pointers@@ABQAD@?$format_validation_base@DV?$stream_output_adapter@D@__crt_stdio_output@@@__crt_stdio_output@@IAE@ABV?$stream_output_adapter@D@1@AB_KABQBDABQAU__crt_locale_pointers@@ABQAD@Z 00413e3c f i libucrt:output.obj
 0001:00012e67       ??$?0ABV?$stream_output_adapter@D@__crt_stdio_output@@AB_KABQBDABQAU__crt_locale_pointers@@ABQAD@?$positional_parameter_base@DV?$stream_output_adapter@D@__crt_stdio_output@@@__crt_stdio_output@@IAE@ABV?$stream_output_adapter@D@1@AB_KABQBDABQAU__crt_locale_pointers@@ABQAD@Z 00413e67 f i libucrt:output.obj
 0001:00012ec1       ??$?0ABV?$stream_output_adapter@D@__crt_stdio_output@@AB_KABQBDABQAU__crt_locale_pointers@@ABQAD@?$standard_base@DV?$stream_output_adapter@D@__crt_stdio_output@@@__crt_stdio_output@@IAE@ABV?$stream_output_adapter@D@1@AB_KABQBDABQAU__crt_locale_pointers@@ABQAD@Z 00413ec1 f i libucrt:output.obj
 0001:00012f03       ??$?0ABV?$stream_output_adapter@_W@__crt_stdio_output@@AB_KABQB_WABQAU__crt_locale_pointers@@ABQAD@?$format_validation_base@_WV?$stream_output_adapter@_W@__crt_stdio_output@@@__crt_stdio_output@@IAE@ABV?$stream_output_adapter@_W@1@AB_KABQB_WABQAU__crt_locale_pointers@@ABQAD@Z 00413f03 f i libucrt:output.obj
 0001:00012f2e       ??$?0ABV?$stream_output_adapter@_W@__crt_stdio_output@@AB_KABQB_WABQAU__crt_locale_pointers@@ABQAD@?$positional_parameter_base@_WV?$stream_output_adapter@_W@__crt_stdio_output@@@__crt_stdio_output@@IAE@ABV?$stream_output_adapter@_W@1@AB_KABQB_WABQAU__crt_locale_pointers@@ABQAD@Z 00413f2e f i libucrt:output.obj
 0001:00012f88       ??$?0ABV?$stream_output_adapter@_W@__crt_stdio_output@@AB_KABQB_WABQAU__crt_locale_pointers@@ABQAD@?$standard_base@_WV?$stream_output_adapter@_W@__crt_stdio_output@@@__crt_stdio_output@@IAE@ABV?$stream_output_adapter@_W@1@AB_KABQB_WABQAU__crt_locale_pointers@@ABQAD@Z 00413f88 f i libucrt:output.obj
 0001:00012fca       ??$?0ABV?$string_output_adapter@D@__crt_stdio_output@@AB_KABQBDABQAU__crt_locale_pointers@@ABQAD@?$format_validation_base@DV?$string_output_adapter@D@__crt_stdio_output@@@__crt_stdio_output@@IAE@ABV?$string_output_adapter@D@1@AB_KABQBDABQAU__crt_locale_pointers@@ABQAD@Z 00413fca f i libucrt:output.obj
 0001:00012ff5       ??$?0ABV?$string_output_adapter@D@__crt_stdio_output@@AB_KABQBDABQAU__crt_locale_pointers@@ABQAD@?$positional_parameter_base@DV?$string_output_adapter@D@__crt_stdio_output@@@__crt_stdio_output@@IAE@ABV?$string_output_adapter@D@1@AB_KABQBDABQAU__crt_locale_pointers@@ABQAD@Z 00413ff5 f i libucrt:output.obj
 0001:0001304f       ??$?0ABV?$string_output_adapter@D@__crt_stdio_output@@AB_KABQBDABQAU__crt_locale_pointers@@ABQAD@?$standard_base@DV?$string_output_adapter@D@__crt_stdio_output@@@__crt_stdio_output@@IAE@ABV?$string_output_adapter@D@1@AB_KABQBDABQAU__crt_locale_pointers@@ABQAD@Z 0041404f f i libucrt:output.obj
 0001:00013091       ??$?0ABV?$string_output_adapter@_W@__crt_stdio_output@@AB_KABQB_WABQAU__crt_locale_pointers@@ABQAD@?$format_validation_base@_WV?$string_output_adapter@_W@__crt_stdio_output@@@__crt_stdio_output@@IAE@ABV?$string_output_adapter@_W@1@AB_KABQB_WABQAU__crt_locale_pointers@@ABQAD@Z 00414091 f i libucrt:output.obj
 0001:000130bc       ??$?0ABV?$string_output_adapter@_W@__crt_stdio_output@@AB_KABQB_WABQAU__crt_locale_pointers@@ABQAD@?$positional_parameter_base@_WV?$string_output_adapter@_W@__crt_stdio_output@@@__crt_stdio_output@@IAE@ABV?$string_output_adapter@_W@1@AB_KABQB_WABQAU__crt_locale_pointers@@ABQAD@Z 004140bc f i libucrt:output.obj
 0001:00013116       ??$?0ABV?$string_output_adapter@_W@__crt_stdio_output@@AB_KABQB_WABQAU__crt_locale_pointers@@ABQAD@?$standard_base@_WV?$string_output_adapter@_W@__crt_stdio_output@@@__crt_stdio_output@@IAE@ABV?$string_output_adapter@_W@1@AB_KABQB_WABQAU__crt_locale_pointers@@ABQAD@Z 00414116 f i libucrt:output.obj
 0001:00013518       ??$__crt_interlocked_read@J@@YAJPDJ@Z 00414518 f i libucrt:output.obj
 0001:0001475a       ??$count@D@formatting_buffer@__crt_stdio_output@@QBEIXZ 0041575a f i libucrt:output.obj
 0001:00014778       ??$count@_W@formatting_buffer@__crt_stdio_output@@QBEIXZ 00415778 f i libucrt:output.obj
 0001:00014797       ??$data@D@formatting_buffer@__crt_stdio_output@@QAEPADXZ 00415797 f i libucrt:output.obj
 0001:000147a7       ??$data@_W@formatting_buffer@__crt_stdio_output@@QAEPA_WXZ 004157a7 f i libucrt:output.obj
 0001:000147b7       ??$ensure_buffer_is_big_enough@D@formatting_buffer@__crt_stdio_output@@QAE_NI@Z 004157b7 f i libucrt:output.obj
 0001:00014853       ??$ensure_buffer_is_big_enough@_W@formatting_buffer@__crt_stdio_output@@QAE_NI@Z 00415853 f i libucrt:output.obj
 0001:000148f0       ??$extract_argument_from_va_list@C_J@?$positional_parameter_base@DV?$stream_output_adapter@D@__crt_stdio_output@@@__crt_stdio_output@@IAE_NAA_J@Z 004158f0 f i libucrt:output.obj
 0001:00014987       ??$extract_argument_from_va_list@C_J@?$positional_parameter_base@DV?$string_output_adapter@D@__crt_stdio_output@@@__crt_stdio_output@@IAE_NAA_J@Z 00415987 f i libucrt:output.obj
 0001:00014a1e       ??$extract_argument_from_va_list@C_J@?$positional_parameter_base@_WV?$stream_output_adapter@_W@__crt_stdio_output@@@__crt_stdio_output@@IAE_NAA_J@Z 00415a1e f i libucrt:output.obj
 0001:00014ab5       ??$extract_argument_from_va_list@C_J@?$positional_parameter_base@_WV?$string_output_adapter@_W@__crt_stdio_output@@@__crt_stdio_output@@IAE_NAA_J@Z 00415ab5 f i libucrt:output.obj
 0001:00014b4c       ??$extract_argument_from_va_list@C_J@?$standard_base@DV?$stream_output_adapter@D@__crt_stdio_output@@@__crt_stdio_output@@IAE_NAA_J@Z 00415b4c f i libucrt:output.obj
 0001:00014b72       ??$extract_argument_from_va_list@C_J@?$standard_base@DV?$string_output_adapter@D@__crt_stdio_output@@@__crt_stdio_output@@IAE_NAA_J@Z 00415b72 f i libucrt:output.obj
 0001:00014b98       ??$extract_argument_from_va_list@C_J@?$standard_base@_WV?$stream_output_adapter@_W@__crt_stdio_output@@@__crt_stdio_output@@IAE_NAA_J@Z 00415b98 f i libucrt:output.obj
 0001:00014bbe       ??$extract_argument_from_va_list@C_J@?$standard_base@_WV?$string_output_adapter@_W@__crt_stdio_output@@@__crt_stdio_output@@IAE_NAA_J@Z 00415bbe f i libucrt:output.obj
 0001:00014be4       ??$extract_argument_from_va_list@E_J@?$positional_parameter_base@DV?$stream_output_adapter@D@__crt_stdio_output@@@__crt_stdio_output@@IAE_NAA_J@Z 00415be4 f i libucrt:output.obj
 0001:00014c7b       ??$extract_argument_from_va_list@E_J@?$positional_parameter_base@DV?$string_output_adapter@D@__crt_stdio_output@@@__crt_stdio_output@@IAE_NAA_J@Z 00415c7b f i libucrt:output.obj
 0001:00014d12       ??$extract_argument_from_va_list@E_J@?$positional_parameter_base@_WV?$stream_output_adapter@_W@__crt_stdio_output@@@__crt_stdio_output@@IAE_NAA_J@Z 00415d12 f i libucrt:output.obj
 0001:00014da9       ??$extract_argument_from_va_list@E_J@?$positional_parameter_base@_WV?$string_output_adapter@_W@__crt_stdio_output@@@__crt_stdio_output@@IAE_NAA_J@Z 00415da9 f i libucrt:output.obj
 0001:00014e40       ??$extract_argument_from_va_list@E_J@?$standard_base@DV?$stream_output_adapter@D@__crt_stdio_output@@@__crt_stdio_output@@IAE_NAA_J@Z 00415e40 f i libucrt:output.obj
 0001:00014e66       ??$extract_argument_from_va_list@E_J@?$standard_base@DV?$string_output_adapter@D@__crt_stdio_output@@@__crt_stdio_output@@IAE_NAA_J@Z 00415e66 f i libucrt:output.obj
 0001:00014e8c       ??$extract_argument_from_va_list@E_J@?$standard_base@_WV?$stream_output_adapter@_W@__crt_stdio_output@@@__crt_stdio_output@@IAE_NAA_J@Z 00415e8c f i libucrt:output.obj
 0001:00014eb2       ??$extract_argument_from_va_list@E_J@?$standard_base@_WV?$string_output_adapter@_W@__crt_stdio_output@@@__crt_stdio_output@@IAE_NAA_J@Z 00415eb2 f i libucrt:output.obj
 0001:00014ed8       ??$extract_argument_from_va_list@F_J@?$positional_parameter_base@DV?$stream_output_adapter@D@__crt_stdio_output@@@__crt_stdio_output@@IAE_NAA_J@Z 00415ed8 f i libucrt:output.obj
 0001:00014f6f       ??$extract_argument_from_va_list@F_J@?$positional_parameter_base@DV?$string_output_adapter@D@__crt_stdio_output@@@__crt_stdio_output@@IAE_NAA_J@Z 00415f6f f i libucrt:output.obj
 0001:00015006       ??$extract_argument_from_va_list@F_J@?$positional_parameter_base@_WV?$stream_output_adapter@_W@__crt_stdio_output@@@__crt_stdio_output@@IAE_NAA_J@Z 00416006 f i libucrt:output.obj
 0001:0001509d       ??$extract_argument_from_va_list@F_J@?$positional_parameter_base@_WV?$string_output_adapter@_W@__crt_stdio_output@@@__crt_stdio_output@@IAE_NAA_J@Z 0041609d f i libucrt:output.obj
 0001:00015134       ??$extract_argument_from_va_list@F_J@?$standard_base@DV?$stream_output_adapter@D@__crt_stdio_output@@@__crt_stdio_output@@IAE_NAA_J@Z 00416134 f i libucrt:output.obj
 0001:0001515a       ??$extract_argument_from_va_list@F_J@?$standard_base@DV?$string_output_adapter@D@__crt_stdio_output@@@__crt_stdio_output@@IAE_NAA_J@Z 0041615a f i libucrt:output.obj
 0001:00015180       ??$extract_argument_from_va_list@F_J@?$standard_base@_WV?$stream_output_adapter@_W@__crt_stdio_output@@@__crt_stdio_output@@IAE_NAA_J@Z 00416180 f i libucrt:output.obj
 0001:000151a6       ??$extract_argument_from_va_list@F_J@?$standard_base@_WV?$string_output_adapter@_W@__crt_stdio_output@@@__crt_stdio_output@@IAE_NAA_J@Z 004161a6 f i libucrt:output.obj
 0001:000151cc       ??$extract_argument_from_va_list@GD@?$positional_parameter_base@DV?$stream_output_adapter@D@__crt_stdio_output@@@__crt_stdio_output@@IAE_NAAD@Z 004161cc f i libucrt:output.obj
 0001:00015262       ??$extract_argument_from_va_list@GD@?$positional_parameter_base@DV?$string_output_adapter@D@__crt_stdio_output@@@__crt_stdio_output@@IAE_NAAD@Z 00416262 f i libucrt:output.obj
 0001:000152f8       ??$extract_argument_from_va_list@GD@?$standard_base@DV?$stream_output_adapter@D@__crt_stdio_output@@@__crt_stdio_output@@IAE_NAAD@Z 004162f8 f i libucrt:output.obj
 0001:00015318       ??$extract_argument_from_va_list@GD@?$standard_base@DV?$string_output_adapter@D@__crt_stdio_output@@@__crt_stdio_output@@IAE_NAAD@Z 00416318 f i libucrt:output.obj
 0001:00015338       ??$extract_argument_from_va_list@G_J@?$positional_parameter_base@DV?$stream_output_adapter@D@__crt_stdio_output@@@__crt_stdio_output@@IAE_NAA_J@Z 00416338 f i libucrt:output.obj
 0001:000153cf       ??$extract_argument_from_va_list@G_J@?$positional_parameter_base@DV?$string_output_adapter@D@__crt_stdio_output@@@__crt_stdio_output@@IAE_NAA_J@Z 004163cf f i libucrt:output.obj
 0001:00015466       ??$extract_argument_from_va_list@G_J@?$positional_parameter_base@_WV?$stream_output_adapter@_W@__crt_stdio_output@@@__crt_stdio_output@@IAE_NAA_J@Z 00416466 f i libucrt:output.obj
 0001:000154fd       ??$extract_argument_from_va_list@G_J@?$positional_parameter_base@_WV?$string_output_adapter@_W@__crt_stdio_output@@@__crt_stdio_output@@IAE_NAA_J@Z 004164fd f i libucrt:output.obj
 0001:00015594       ??$extract_argument_from_va_list@G_J@?$standard_base@DV?$stream_output_adapter@D@__crt_stdio_output@@@__crt_stdio_output@@IAE_NAA_J@Z 00416594 f i libucrt:output.obj
 0001:000155ba       ??$extract_argument_from_va_list@G_J@?$standard_base@DV?$string_output_adapter@D@__crt_stdio_output@@@__crt_stdio_output@@IAE_NAA_J@Z 004165ba f i libucrt:output.obj
 0001:000155e0       ??$extract_argument_from_va_list@G_J@?$standard_base@_WV?$stream_output_adapter@_W@__crt_stdio_output@@@__crt_stdio_output@@IAE_NAA_J@Z 004165e0 f i libucrt:output.obj
 0001:00015606       ??$extract_argument_from_va_list@G_J@?$standard_base@_WV?$string_output_adapter@_W@__crt_stdio_output@@@__crt_stdio_output@@IAE_NAA_J@Z 00416606 f i libucrt:output.obj
 0001:0001562c       ??$extract_argument_from_va_list@H_J@?$positional_parameter_base@DV?$stream_output_adapter@D@__crt_stdio_output@@@__crt_stdio_output@@IAE_NAA_J@Z 0041662c f i libucrt:output.obj
 0001:000156c0       ??$extract_argument_from_va_list@H_J@?$positional_parameter_base@DV?$string_output_adapter@D@__crt_stdio_output@@@__crt_stdio_output@@IAE_NAA_J@Z 004166c0 f i libucrt:output.obj
 0001:00015754       ??$extract_argument_from_va_list@H_J@?$positional_parameter_base@_WV?$stream_output_adapter@_W@__crt_stdio_output@@@__crt_stdio_output@@IAE_NAA_J@Z 00416754 f i libucrt:output.obj
 0001:000157e8       ??$extract_argument_from_va_list@H_J@?$positional_parameter_base@_WV?$string_output_adapter@_W@__crt_stdio_output@@@__crt_stdio_output@@IAE_NAA_J@Z 004167e8 f i libucrt:output.obj
 0001:0001587c       ??$extract_argument_from_va_list@H_J@?$standard_base@DV?$stream_output_adapter@D@__crt_stdio_output@@@__crt_stdio_output@@IAE_NAA_J@Z 0041687c f i libucrt:output.obj
 0001:000158a1       ??$extract_argument_from_va_list@H_J@?$standard_base@DV?$string_output_adapter@D@__crt_stdio_output@@@__crt_stdio_output@@IAE_NAA_J@Z 004168a1 f i libucrt:output.obj
 0001:000158c6       ??$extract_argument_from_va_list@H_J@?$standard_base@_WV?$stream_output_adapter@_W@__crt_stdio_output@@@__crt_stdio_output@@IAE_NAA_J@Z 004168c6 f i libucrt:output.obj
 0001:000158eb       ??$extract_argument_from_va_list@H_J@?$standard_base@_WV?$string_output_adapter@_W@__crt_stdio_output@@@__crt_stdio_output@@IAE_NAA_J@Z 004168eb f i libucrt:output.obj
 0001:00015910       ??$extract_argument_from_va_list@I_J@?$positional_parameter_base@DV?$stream_output_adapter@D@__crt_stdio_output@@@__crt_stdio_output@@IAE_NAA_J@Z 00416910 f i libucrt:output.obj
 0001:000159b0       ??$extract_argument_from_va_list@I_J@?$positional_parameter_base@DV?$string_output_adapter@D@__crt_stdio_output@@@__crt_stdio_output@@IAE_NAA_J@Z 004169b0 f i libucrt:output.obj
 0001:00015a50       ??$extract_argument_from_va_list@I_J@?$positional_parameter_base@_WV?$stream_output_adapter@_W@__crt_stdio_output@@@__crt_stdio_output@@IAE_NAA_J@Z 00416a50 f i libucrt:output.obj
 0001:00015af0       ??$extract_argument_from_va_list@I_J@?$positional_parameter_base@_WV?$string_output_adapter@_W@__crt_stdio_output@@@__crt_stdio_output@@IAE_NAA_J@Z 00416af0 f i libucrt:output.obj
 0001:00015b90       ??$extract_argument_from_va_list@I_J@?$standard_base@DV?$stream_output_adapter@D@__crt_stdio_output@@@__crt_stdio_output@@IAE_NAA_J@Z 00416b90 f i libucrt:output.obj
 0001:00015bb5       ??$extract_argument_from_va_list@I_J@?$standard_base@DV?$string_output_adapter@D@__crt_stdio_output@@@__crt_stdio_output@@IAE_NAA_J@Z 00416bb5 f i libucrt:output.obj
 0001:00015bda       ??$extract_argument_from_va_list@I_J@?$standard_base@_WV?$stream_output_adapter@_W@__crt_stdio_output@@@__crt_stdio_output@@IAE_NAA_J@Z 00416bda f i libucrt:output.obj
 0001:00015bff       ??$extract_argument_from_va_list@I_J@?$standard_base@_WV?$string_output_adapter@_W@__crt_stdio_output@@@__crt_stdio_output@@IAE_NAA_J@Z 00416bff f i libucrt:output.obj
 0001:00015c24       ??$extract_argument_from_va_list@PADPAD@?$positional_parameter_base@DV?$stream_output_adapter@D@__crt_stdio_output@@@__crt_stdio_output@@IAE_NAAPAD@Z 00416c24 f i libucrt:output.obj
 0001:00015cba       ??$extract_argument_from_va_list@PADPAD@?$positional_parameter_base@DV?$string_output_adapter@D@__crt_stdio_output@@@__crt_stdio_output@@IAE_NAAPAD@Z 00416cba f i libucrt:output.obj
 0001:00015d50       ??$extract_argument_from_va_list@PADPAD@?$positional_parameter_base@_WV?$stream_output_adapter@_W@__crt_stdio_output@@@__crt_stdio_output@@IAE_NAAPAD@Z 00416d50 f i libucrt:output.obj
 0001:00015de6       ??$extract_argument_from_va_list@PADPAD@?$positional_parameter_base@_WV?$string_output_adapter@_W@__crt_stdio_output@@@__crt_stdio_output@@IAE_NAAPAD@Z 00416de6 f i libucrt:output.obj
 0001:00015e7c       ??$extract_argument_from_va_list@PADPAD@?$standard_base@DV?$stream_output_adapter@D@__crt_stdio_output@@@__crt_stdio_output@@IAE_NAAPAD@Z 00416e7c f i libucrt:output.obj
 0001:00015e9c       ??$extract_argument_from_va_list@PADPAD@?$standard_base@DV?$string_output_adapter@D@__crt_stdio_output@@@__crt_stdio_output@@IAE_NAAPAD@Z 00416e9c f i libucrt:output.obj
 0001:00015ebc       ??$extract_argument_from_va_list@PADPAD@?$standard_base@_WV?$stream_output_adapter@_W@__crt_stdio_output@@@__crt_stdio_output@@IAE_NAAPAD@Z 00416ebc f i libucrt:output.obj
 0001:00015edc       ??$extract_argument_from_va_list@PADPAD@?$standard_base@_WV?$string_output_adapter@_W@__crt_stdio_output@@@__crt_stdio_output@@IAE_NAAPAD@Z 00416edc f i libucrt:output.obj
 0001:000162d4       ??$extract_argument_from_va_list@PAXPAX@?$positional_parameter_base@DV?$stream_output_adapter@D@__crt_stdio_output@@@__crt_stdio_output@@IAE_NAAPAX@Z 004172d4 f i libucrt:output.obj
 0001:0001636a       ??$extract_argument_from_va_list@PAXPAX@?$positional_parameter_base@DV?$string_output_adapter@D@__crt_stdio_output@@@__crt_stdio_output@@IAE_NAAPAX@Z 0041736a f i libucrt:output.obj
 0001:00016400       ??$extract_argument_from_va_list@PAXPAX@?$positional_parameter_base@_WV?$stream_output_adapter@_W@__crt_stdio_output@@@__crt_stdio_output@@IAE_NAAPAX@Z 00417400 f i libucrt:output.obj
 0001:00016496       ??$extract_argument_from_va_list@PAXPAX@?$positional_parameter_base@_WV?$string_output_adapter@_W@__crt_stdio_output@@@__crt_stdio_output@@IAE_NAAPAX@Z 00417496 f i libucrt:output.obj
 0001:0001652c       ??$extract_argument_from_va_list@PAXPAX@?$standard_base@DV?$stream_output_adapter@D@__crt_stdio_output@@@__crt_stdio_output@@IAE_NAAPAX@Z 0041752c f i libucrt:output.obj
 0001:0001654c       ??$extract_argument_from_va_list@PAXPAX@?$standard_base@DV?$string_output_adapter@D@__crt_stdio_output@@@__crt_stdio_output@@IAE_NAAPAX@Z 0041754c f i libucrt:output.obj
 0001:0001656c       ??$extract_argument_from_va_list@PAXPAX@?$standard_base@_WV?$stream_output_adapter@_W@__crt_stdio_output@@@__crt_stdio_output@@IAE_NAAPAX@Z 0041756c f i libucrt:output.obj
 0001:0001658c       ??$extract_argument_from_va_list@PAXPAX@?$standard_base@_WV?$string_output_adapter@_W@__crt_stdio_output@@@__crt_stdio_output@@IAE_NAAPAX@Z 0041758c f i libucrt:output.obj
 0001:000165ac       ??$extract_argument_from_va_list@U_CRT_DOUBLE@@U1@@?$positional_parameter_base@DV?$stream_output_adapter@D@__crt_stdio_output@@@__crt_stdio_output@@IAE_NAAU_CRT_DOUBLE@@@Z 004175ac f i libucrt:output.obj
 0001:00016653       ??$extract_argument_from_va_list@U_CRT_DOUBLE@@U1@@?$positional_parameter_base@DV?$string_output_adapter@D@__crt_stdio_output@@@__crt_stdio_output@@IAE_NAAU_CRT_DOUBLE@@@Z 00417653 f i libucrt:output.obj
 0001:000166fa       ??$extract_argument_from_va_list@U_CRT_DOUBLE@@U1@@?$positional_parameter_base@_WV?$stream_output_adapter@_W@__crt_stdio_output@@@__crt_stdio_output@@IAE_NAAU_CRT_DOUBLE@@@Z 004176fa f i libucrt:output.obj
 0001:000167a1       ??$extract_argument_from_va_list@U_CRT_DOUBLE@@U1@@?$positional_parameter_base@_WV?$string_output_adapter@_W@__crt_stdio_output@@@__crt_stdio_output@@IAE_NAAU_CRT_DOUBLE@@@Z 004177a1 f i libucrt:output.obj
 0001:00016848       ??$extract_argument_from_va_list@U_CRT_DOUBLE@@U1@@?$standard_base@DV?$stream_output_adapter@D@__crt_stdio_output@@@__crt_stdio_output@@IAE_NAAU_CRT_DOUBLE@@@Z 00417848 f i libucrt:output.obj
 0001:00016870       ??$extract_argument_from_va_list@U_CRT_DOUBLE@@U1@@?$standard_base@DV?$string_output_adapter@D@__crt_stdio_output@@@__crt_stdio_output@@IAE_NAAU_CRT_DOUBLE@@@Z 00417870 f i libucrt:output.obj
 0001:00016898       ??$extract_argument_from_va_list@U_CRT_DOUBLE@@U1@@?$standard_base@_WV?$stream_output_adapter@_W@__crt_stdio_output@@@__crt_stdio_output@@IAE_NAAU_CRT_DOUBLE@@@Z 00417898 f i libucrt:output.obj
 0001:000168c0       ??$extract_argument_from_va_list@U_CRT_DOUBLE@@U1@@?$standard_base@_WV?$string_output_adapter@_W@__crt_stdio_output@@@__crt_stdio_output@@IAE_NAAU_CRT_DOUBLE@@@Z 004178c0 f i libucrt:output.obj
 0001:000168e8       ??$extract_argument_from_va_list@_J_J@?$positional_parameter_base@DV?$stream_output_adapter@D@__crt_stdio_output@@@__crt_stdio_output@@IAE_NAA_J@Z 004178e8 f i libucrt:output.obj
 0001:0001698f       ??$extract_argument_from_va_list@_J_J@?$positional_parameter_base@DV?$string_output_adapter@D@__crt_stdio_output@@@__crt_stdio_output@@IAE_NAA_J@Z 0041798f f i libucrt:output.obj
 0001:00016a36       ??$extract_argument_from_va_list@_J_J@?$positional_parameter_base@_WV?$stream_output_adapter@_W@__crt_stdio_output@@@__crt_stdio_output@@IAE_NAA_J@Z 00417a36 f i libucrt:output.obj
 0001:00016add       ??$extract_argument_from_va_list@_J_J@?$positional_parameter_base@_WV?$string_output_adapter@_W@__crt_stdio_output@@@__crt_stdio_output@@IAE_NAA_J@Z 00417add f i libucrt:output.obj
 0001:00016b84       ??$extract_argument_from_va_list@_J_J@?$standard_base@DV?$stream_output_adapter@D@__crt_stdio_output@@@__crt_stdio_output@@IAE_NAA_J@Z 00417b84 f i libucrt:output.obj
 0001:00016bac       ??$extract_argument_from_va_list@_J_J@?$standard_base@DV?$string_output_adapter@D@__crt_stdio_output@@@__crt_stdio_output@@IAE_NAA_J@Z 00417bac f i libucrt:output.obj
 0001:00016bd4       ??$extract_argument_from_va_list@_J_J@?$standard_base@_WV?$stream_output_adapter@_W@__crt_stdio_output@@@__crt_stdio_output@@IAE_NAA_J@Z 00417bd4 f i libucrt:output.obj
 0001:00016bfc       ??$extract_argument_from_va_list@_J_J@?$standard_base@_WV?$string_output_adapter@_W@__crt_stdio_output@@@__crt_stdio_output@@IAE_NAA_J@Z 00417bfc f i libucrt:output.obj
 0001:00016c24       ??$extract_argument_from_va_list@_K_J@?$positional_parameter_base@DV?$stream_output_adapter@D@__crt_stdio_output@@@__crt_stdio_output@@IAE_NAA_J@Z 00417c24 f i libucrt:output.obj
 0001:00016ccb       ??$extract_argument_from_va_list@_K_J@?$positional_parameter_base@DV?$string_output_adapter@D@__crt_stdio_output@@@__crt_stdio_output@@IAE_NAA_J@Z 00417ccb f i libucrt:output.obj
 0001:00016d72       ??$extract_argument_from_va_list@_K_J@?$positional_parameter_base@_WV?$stream_output_adapter@_W@__crt_stdio_output@@@__crt_stdio_output@@IAE_NAA_J@Z 00417d72 f i libucrt:output.obj
 0001:00016e19       ??$extract_argument_from_va_list@_K_J@?$positional_parameter_base@_WV?$string_output_adapter@_W@__crt_stdio_output@@@__crt_stdio_output@@IAE_NAA_J@Z 00417e19 f i libucrt:output.obj
 0001:00016ec0       ??$extract_argument_from_va_list@_K_J@?$standard_base@DV?$stream_output_adapter@D@__crt_stdio_output@@@__crt_stdio_output@@IAE_NAA_J@Z 00417ec0 f i libucrt:output.obj
 0001:00016ee8       ??$extract_argument_from_va_list@_K_J@?$standard_base@DV?$string_output_adapter@D@__crt_stdio_output@@@__crt_stdio_output@@IAE_NAA_J@Z 00417ee8 f i libucrt:output.obj
 0001:00016f10       ??$extract_argument_from_va_list@_K_J@?$standard_base@_WV?$stream_output_adapter@_W@__crt_stdio_output@@@__crt_stdio_output@@IAE_NAA_J@Z 00417f10 f i libucrt:output.obj
 0001:00016f38       ??$extract_argument_from_va_list@_K_J@?$standard_base@_WV?$string_output_adapter@_W@__crt_stdio_output@@@__crt_stdio_output@@IAE_NAA_J@Z 00417f38 f i libucrt:output.obj
 0001:00016f60       ??$extract_argument_from_va_list@_W_W@?$positional_parameter_base@DV?$stream_output_adapter@D@__crt_stdio_output@@@__crt_stdio_output@@IAE_NAA_W@Z 00417f60 f i libucrt:output.obj
 0001:00016ffb       ??$extract_argument_from_va_list@_W_W@?$positional_parameter_base@DV?$string_output_adapter@D@__crt_stdio_output@@@__crt_stdio_output@@IAE_NAA_W@Z 00417ffb f i libucrt:output.obj
 0001:00017096       ??$extract_argument_from_va_list@_W_W@?$positional_parameter_base@_WV?$stream_output_adapter@_W@__crt_stdio_output@@@__crt_stdio_output@@IAE_NAA_W@Z 00418096 f i libucrt:output.obj
 0001:00017131       ??$extract_argument_from_va_list@_W_W@?$positional_parameter_base@_WV?$string_output_adapter@_W@__crt_stdio_output@@@__crt_stdio_output@@IAE_NAA_W@Z 00418131 f i libucrt:output.obj
 0001:000171cc       ??$extract_argument_from_va_list@_W_W@?$standard_base@DV?$stream_output_adapter@D@__crt_stdio_output@@@__crt_stdio_output@@IAE_NAA_W@Z 004181cc f i libucrt:output.obj
 0001:000171ef       ??$extract_argument_from_va_list@_W_W@?$standard_base@DV?$string_output_adapter@D@__crt_stdio_output@@@__crt_stdio_output@@IAE_NAA_W@Z 004181ef f i libucrt:output.obj
 0001:00017212       ??$extract_argument_from_va_list@_W_W@?$standard_base@_WV?$stream_output_adapter@_W@__crt_stdio_output@@@__crt_stdio_output@@IAE_NAA_W@Z 00418212 f i libucrt:output.obj
 0001:00017235       ??$extract_argument_from_va_list@_W_W@?$standard_base@_WV?$string_output_adapter@_W@__crt_stdio_output@@@__crt_stdio_output@@IAE_NAA_W@Z 00418235 f i libucrt:output.obj
 0001:00017258       ??$get_parameter_type@D@?$positional_parameter_base@DV?$stream_output_adapter@D@__crt_stdio_output@@@__crt_stdio_output@@CA?AW4parameter_type@01@PAD@Z 00418258 f i libucrt:output.obj
 0001:0001725c       ??$get_parameter_type@D@?$positional_parameter_base@DV?$string_output_adapter@D@__crt_stdio_output@@@__crt_stdio_output@@CA?AW4parameter_type@01@PAD@Z 0041825c f i libucrt:output.obj
 0001:00017260       ??$get_parameter_type@D@?$positional_parameter_base@_WV?$stream_output_adapter@_W@__crt_stdio_output@@@__crt_stdio_output@@CA?AW4parameter_type@01@PAD@Z 00418260 f i libucrt:output.obj
 0001:00017264       ??$get_parameter_type@D@?$positional_parameter_base@_WV?$string_output_adapter@_W@__crt_stdio_output@@@__crt_stdio_output@@CA?AW4parameter_type@01@PAD@Z 00418264 f i libucrt:output.obj
 0001:00017278       ??$get_parameter_type@X@?$positional_parameter_base@DV?$stream_output_adapter@D@__crt_stdio_output@@@__crt_stdio_output@@CA?AW4parameter_type@01@PAX@Z 00418278 f i libucrt:output.obj
 0001:0001727c       ??$get_parameter_type@X@?$positional_parameter_base@DV?$string_output_adapter@D@__crt_stdio_output@@@__crt_stdio_output@@CA?AW4parameter_type@01@PAX@Z 0041827c f i libucrt:output.obj
 0001:00017280       ??$get_parameter_type@X@?$positional_parameter_base@_WV?$stream_output_adapter@_W@__crt_stdio_output@@@__crt_stdio_output@@CA?AW4parameter_type@01@PAX@Z 00418280 f i libucrt:output.obj
 0001:00017284       ??$get_parameter_type@X@?$positional_parameter_base@_WV?$string_output_adapter@_W@__crt_stdio_output@@@__crt_stdio_output@@CA?AW4parameter_type@01@PAX@Z 00418284 f i libucrt:output.obj
 0001:00017288       ??$is_character_specifier@D@?$positional_parameter_base@DV?$stream_output_adapter@D@__crt_stdio_output@@@__crt_stdio_output@@CA_ND@Z 00418288 f i libucrt:output.obj
 0001:000172a6       ??$is_character_specifier@D@?$positional_parameter_base@DV?$string_output_adapter@D@__crt_stdio_output@@@__crt_stdio_output@@CA_ND@Z 004182a6 f i libucrt:output.obj
 0001:000172c4       ??$is_character_specifier@_W@?$positional_parameter_base@_WV?$stream_output_adapter@_W@__crt_stdio_output@@@__crt_stdio_output@@CA_N_W@Z 004182c4 f i libucrt:output.obj
 0001:000172e5       ??$is_character_specifier@_W@?$positional_parameter_base@_WV?$string_output_adapter@_W@__crt_stdio_output@@@__crt_stdio_output@@CA_N_W@Z 004182e5 f i libucrt:output.obj
 0001:00017306       ??$is_integral_specifier@D@?$positional_parameter_base@DV?$stream_output_adapter@D@__crt_stdio_output@@@__crt_stdio_output@@CA_ND@Z 00418306 f i libucrt:output.obj
 0001:0001733d       ??$is_integral_specifier@D@?$positional_parameter_base@DV?$string_output_adapter@D@__crt_stdio_output@@@__crt_stdio_output@@CA_ND@Z 0041833d f i libucrt:output.obj
 0001:00017374       ??$is_integral_specifier@_W@?$positional_parameter_base@_WV?$stream_output_adapter@_W@__crt_stdio_output@@@__crt_stdio_output@@CA_N_W@Z 00418374 f i libucrt:output.obj
 0001:000173bd       ??$is_integral_specifier@_W@?$positional_parameter_base@_WV?$string_output_adapter@_W@__crt_stdio_output@@@__crt_stdio_output@@CA_N_W@Z 004183bd f i libucrt:output.obj
 0001:00017406       ??$is_pointer_specifier@D@?$positional_parameter_base@DV?$stream_output_adapter@D@__crt_stdio_output@@@__crt_stdio_output@@CA_ND@Z 00418406 f i libucrt:output.obj
 0001:00017417       ??$is_pointer_specifier@D@?$positional_parameter_base@DV?$string_output_adapter@D@__crt_stdio_output@@@__crt_stdio_output@@CA_ND@Z 00418417 f i libucrt:output.obj
 0001:00017428       ??$is_pointer_specifier@_W@?$positional_parameter_base@_WV?$stream_output_adapter@_W@__crt_stdio_output@@@__crt_stdio_output@@CA_N_W@Z 00418428 f i libucrt:output.obj
 0001:0001743a       ??$is_pointer_specifier@_W@?$positional_parameter_base@_WV?$string_output_adapter@_W@__crt_stdio_output@@@__crt_stdio_output@@CA_N_W@Z 0041843a f i libucrt:output.obj
 0001:0001744c       ??$is_string_specifier@D@?$positional_parameter_base@DV?$stream_output_adapter@D@__crt_stdio_output@@@__crt_stdio_output@@CA_ND@Z 0041844c f i libucrt:output.obj
 0001:0001746a       ??$is_string_specifier@D@?$positional_parameter_base@DV?$string_output_adapter@D@__crt_stdio_output@@@__crt_stdio_output@@CA_ND@Z 0041846a f i libucrt:output.obj
 0001:00017488       ??$is_string_specifier@_W@?$positional_parameter_base@_WV?$stream_output_adapter@_W@__crt_stdio_output@@@__crt_stdio_output@@CA_N_W@Z 00418488 f i libucrt:output.obj
 0001:000174a9       ??$is_string_specifier@_W@?$positional_parameter_base@_WV?$string_output_adapter@_W@__crt_stdio_output@@@__crt_stdio_output@@CA_N_W@Z 004184a9 f i libucrt:output.obj
 0001:000174ca       ??$is_wide_character_specifier@D@__crt_stdio_output@@YA_N_KDW4length_modifier@0@@Z 004184ca f i libucrt:output.obj
 0001:00017507       ??$is_wide_character_specifier@_W@__crt_stdio_output@@YA_N_K_WW4length_modifier@0@@Z 00418507 f i libucrt:output.obj
 0001:00017568       ??$peek_va_arg@C@__crt_stdio_output@@YACPAD@Z 00418568 f i libucrt:output.obj
 0001:00017577       ??$peek_va_arg@E@__crt_stdio_output@@YAEPAD@Z 00418577 f i libucrt:output.obj
 0001:00017586       ??$peek_va_arg@F@__crt_stdio_output@@YAFPAD@Z 00418586 f i libucrt:output.obj
 0001:00017596       ??$peek_va_arg@G@__crt_stdio_output@@YAGPAD@Z 00418596 f i libucrt:output.obj
 0001:000175a6       ??$peek_va_arg@H@__crt_stdio_output@@YAHPAD@Z 004185a6 f i libucrt:output.obj
 0001:000175b5       ??$peek_va_arg@I@__crt_stdio_output@@YAIPAD@Z 004185b5 f i libucrt:output.obj
 0001:000175c4       ??$peek_va_arg@PAD@__crt_stdio_output@@YAPADPAD@Z 004185c4 f i libucrt:output.obj
 0001:0001760f       ??$peek_va_arg@PAX@__crt_stdio_output@@YAPAXPAD@Z 0041860f f i libucrt:output.obj
 0001:0001761e       ??$peek_va_arg@U_CRT_DOUBLE@@@__crt_stdio_output@@YA?AU_CRT_DOUBLE@@PAD@Z 0041861e f i libucrt:output.obj
 0001:00017630       ??$peek_va_arg@_J@__crt_stdio_output@@YA_JPAD@Z 00418630 f i libucrt:output.obj
 0001:00017642       ??$peek_va_arg@_K@__crt_stdio_output@@YA_KPAD@Z 00418642 f i libucrt:output.obj
 0001:00017654       ??$peek_va_arg@_W@__crt_stdio_output@@YA_WPAD@Z 00418654 f i libucrt:output.obj
 0001:00017664       ??$puttc_nolock@ABDPAU_iobuf@@@?$__crt_char_traits@D@@SAHABD$$QAPAU_iobuf@@@Z 00418664 f i libucrt:output.obj
 0001:00017684       ??$puttc_nolock@AB_WPAU_iobuf@@@?$__crt_char_traits@_W@@SAGAB_W$$QAPAU_iobuf@@@Z 00418684 f i libucrt:output.obj
 0001:000176a4       ??$read_va_arg@C@__crt_stdio_output@@YACAAPAD@Z 004186a4 f i libucrt:output.obj
 0001:000176ba       ??$read_va_arg@E@__crt_stdio_output@@YAEAAPAD@Z 004186ba f i libucrt:output.obj
 0001:000176d0       ??$read_va_arg@F@__crt_stdio_output@@YAFAAPAD@Z 004186d0 f i libucrt:output.obj
 0001:000176e7       ??$read_va_arg@G@__crt_stdio_output@@YAGAAPAD@Z 004186e7 f i libucrt:output.obj
 0001:000176fe       ??$read_va_arg@H@__crt_stdio_output@@YAHAAPAD@Z 004186fe f i libucrt:output.obj
 0001:00017714       ??$read_va_arg@I@__crt_stdio_output@@YAIAAPAD@Z 00418714 f i libucrt:output.obj
 0001:0001772a       ??$read_va_arg@PAD@__crt_stdio_output@@YAPADAAPAD@Z 0041872a f i libucrt:output.obj
 0001:00017848       ??$read_va_arg@PAX@__crt_stdio_output@@YAPAXAAPAD@Z 00418848 f i libucrt:output.obj
 0001:0001785e       ??$read_va_arg@U_CRT_DOUBLE@@@__crt_stdio_output@@YA?AU_CRT_DOUBLE@@AAPAD@Z 0041885e f i libucrt:output.obj
 0001:00017879       ??$read_va_arg@_J@__crt_stdio_output@@YA_JAAPAD@Z 00418879 f i libucrt:output.obj
 0001:00017893       ??$read_va_arg@_K@__crt_stdio_output@@YA_KAAPAD@Z 00418893 f i libucrt:output.obj
 0001:000178ad       ??$read_va_arg@_W@__crt_stdio_output@@YA_WAAPAD@Z 004188ad f i libucrt:output.obj
 0001:000178c4       ??$scratch_count@D@formatting_buffer@__crt_stdio_output@@QBEIXZ 004188c4 f i libucrt:output.obj
 0001:000178c9       ??$scratch_data@D@formatting_buffer@__crt_stdio_output@@QAEPADXZ 004188c9 f i libucrt:output.obj
 0001:000178ee       ??$tcstol@AAPBDPAPADH@?$__crt_char_traits@D@@SAJAAPBD$$QAPAPAD$$QAH@Z 004188ee f i libucrt:output.obj
 0001:00017913       ??$tcstol@AAPB_WPAPA_WH@?$__crt_char_traits@_W@@SAJAAPB_W$$QAPAPA_W$$QAH@Z 00418913 f i libucrt:output.obj
 0001:00017938       ??$tcstol@PBDPAPADH@?$__crt_char_traits@D@@SAJ$$QAPBD$$QAPAPAD$$QAH@Z 00418938 f i libucrt:output.obj
 0001:0001795d       ??$tcstol@PB_WPAPA_WH@?$__crt_char_traits@_W@@SAJ$$QAPB_W$$QAPAPA_W$$QAH@Z 0041895d f i libucrt:output.obj
 0001:00017982       ??$type_case_integer_parse_into_buffer@I@?$output_processor@DV?$stream_output_adapter@D@__crt_stdio_output@@V?$format_validation_base@DV?$stream_output_adapter@D@__crt_stdio_output@@@2@@__crt_stdio_output@@AAEXII_N@Z 00418982 f i libucrt:output.obj
 0001:00017a11       ??$type_case_integer_parse_into_buffer@I@?$output_processor@DV?$stream_output_adapter@D@__crt_stdio_output@@V?$positional_parameter_base@DV?$stream_output_adapter@D@__crt_stdio_output@@@2@@__crt_stdio_output@@AAEXII_N@Z 00418a11 f i libucrt:output.obj
 0001:00017aa0       ??$type_case_integer_parse_into_buffer@I@?$output_processor@DV?$stream_output_adapter@D@__crt_stdio_output@@V?$standard_base@DV?$stream_output_adapter@D@__crt_stdio_output@@@2@@__crt_stdio_output@@AAEXII_N@Z 00418aa0 f i libucrt:output.obj
 0001:00017b2f       ??$type_case_integer_parse_into_buffer@I@?$output_processor@DV?$string_output_adapter@D@__crt_stdio_output@@V?$format_validation_base@DV?$string_output_adapter@D@__crt_stdio_output@@@2@@__crt_stdio_output@@AAEXII_N@Z 00418b2f f i libucrt:output.obj
 0001:00017bbe       ??$type_case_integer_parse_into_buffer@I@?$output_processor@DV?$string_output_adapter@D@__crt_stdio_output@@V?$positional_parameter_base@DV?$string_output_adapter@D@__crt_stdio_output@@@2@@__crt_stdio_output@@AAEXII_N@Z 00418bbe f i libucrt:output.obj
 0001:00017c4d       ??$type_case_integer_parse_into_buffer@I@?$output_processor@DV?$string_output_adapter@D@__crt_stdio_output@@V?$standard_base@DV?$string_output_adapter@D@__crt_stdio_output@@@2@@__crt_stdio_output@@AAEXII_N@Z 00418c4d f i libucrt:output.obj
 0001:00017cdc       ??$type_case_integer_parse_into_buffer@I@?$output_processor@_WV?$stream_output_adapter@_W@__crt_stdio_output@@V?$format_validation_base@_WV?$stream_output_adapter@_W@__crt_stdio_output@@@2@@__crt_stdio_output@@AAEXII_N@Z 00418cdc f i libucrt:output.obj
 0001:00017d84       ??$type_case_integer_parse_into_buffer@I@?$output_processor@_WV?$stream_output_adapter@_W@__crt_stdio_output@@V?$positional_parameter_base@_WV?$stream_output_adapter@_W@__crt_stdio_output@@@2@@__crt_stdio_output@@AAEXII_N@Z 00418d84 f i libucrt:output.obj
 0001:00017e2c       ??$type_case_integer_parse_into_buffer@I@?$output_processor@_WV?$stream_output_adapter@_W@__crt_stdio_output@@V?$standard_base@_WV?$stream_output_adapter@_W@__crt_stdio_output@@@2@@__crt_stdio_output@@AAEXII_N@Z 00418e2c f i libucrt:output.obj
 0001:00017ed4       ??$type_case_integer_parse_into_buffer@I@?$output_processor@_WV?$string_output_adapter@_W@__crt_stdio_output@@V?$format_validation_base@_WV?$string_output_adapter@_W@__crt_stdio_output@@@2@@__crt_stdio_output@@AAEXII_N@Z 00418ed4 f i libucrt:output.obj
 0001:00017f7c       ??$type_case_integer_parse_into_buffer@I@?$output_processor@_WV?$string_output_adapter@_W@__crt_stdio_output@@V?$positional_parameter_base@_WV?$string_output_adapter@_W@__crt_stdio_output@@@2@@__crt_stdio_output@@AAEXII_N@Z 00418f7c f i libucrt:output.obj
 0001:00018024       ??$type_case_integer_parse_into_buffer@I@?$output_processor@_WV?$string_output_adapter@_W@__crt_stdio_output@@V?$standard_base@_WV?$string_output_adapter@_W@__crt_stdio_output@@@2@@__crt_stdio_output@@AAEXII_N@Z 00419024 f i libucrt:output.obj
 0001:000180cc       ??$type_case_integer_parse_into_buffer@_K@?$output_processor@DV?$stream_output_adapter@D@__crt_stdio_output@@V?$format_validation_base@DV?$stream_output_adapter@D@__crt_stdio_output@@@2@@__crt_stdio_output@@AAEX_KI_N@Z 004190cc f i libucrt:output.obj
 0001:0001817d       ??$type_case_integer_parse_into_buffer@_K@?$output_processor@DV?$stream_output_adapter@D@__crt_stdio_output@@V?$positional_parameter_base@DV?$stream_output_adapter@D@__crt_stdio_output@@@2@@__crt_stdio_output@@AAEX_KI_N@Z 0041917d f i libucrt:output.obj
 0001:0001822e       ??$type_case_integer_parse_into_buffer@_K@?$output_processor@DV?$stream_output_adapter@D@__crt_stdio_output@@V?$standard_base@DV?$stream_output_adapter@D@__crt_stdio_output@@@2@@__crt_stdio_output@@AAEX_KI_N@Z 0041922e f i libucrt:output.obj
 0001:000182df       ??$type_case_integer_parse_into_buffer@_K@?$output_processor@DV?$string_output_adapter@D@__crt_stdio_output@@V?$format_validation_base@DV?$string_output_adapter@D@__crt_stdio_output@@@2@@__crt_stdio_output@@AAEX_KI_N@Z 004192df f i libucrt:output.obj
 0001:00018390       ??$type_case_integer_parse_into_buffer@_K@?$output_processor@DV?$string_output_adapter@D@__crt_stdio_output@@V?$positional_parameter_base@DV?$string_output_adapter@D@__crt_stdio_output@@@2@@__crt_stdio_output@@AAEX_KI_N@Z 00419390 f i libucrt:output.obj
 0001:00018441       ??$type_case_integer_parse_into_buffer@_K@?$output_processor@DV?$string_output_adapter@D@__crt_stdio_output@@V?$standard_base@DV?$string_output_adapter@D@__crt_stdio_output@@@2@@__crt_stdio_output@@AAEX_KI_N@Z 00419441 f i libucrt:output.obj
 0001:000184f2       ??$type_case_integer_parse_into_buffer@_K@?$output_processor@_WV?$stream_output_adapter@_W@__crt_stdio_output@@V?$format_validation_base@_WV?$stream_output_adapter@_W@__crt_stdio_output@@@2@@__crt_stdio_output@@AAEX_KI_N@Z 004194f2 f i libucrt:output.obj
 0001:000185bc       ??$type_case_integer_parse_into_buffer@_K@?$output_processor@_WV?$stream_output_adapter@_W@__crt_stdio_output@@V?$positional_parameter_base@_WV?$stream_output_adapter@_W@__crt_stdio_output@@@2@@__crt_stdio_output@@AAEX_KI_N@Z 004195bc f i libucrt:output.obj
 0001:00018686       ??$type_case_integer_parse_into_buffer@_K@?$output_processor@_WV?$stream_output_adapter@_W@__crt_stdio_output@@V?$standard_base@_WV?$stream_output_adapter@_W@__crt_stdio_output@@@2@@__crt_stdio_output@@AAEX_KI_N@Z 00419686 f i libucrt:output.obj
 0001:00018750       ??$type_case_integer_parse_into_buffer@_K@?$output_processor@_WV?$string_output_adapter@_W@__crt_stdio_output@@V?$format_validation_base@_WV?$string_output_adapter@_W@__crt_stdio_output@@@2@@__crt_stdio_output@@AAEX_KI_N@Z 00419750 f i libucrt:output.obj
 0001:0001881a       ??$type_case_integer_parse_into_buffer@_K@?$output_processor@_WV?$string_output_adapter@_W@__crt_stdio_output@@V?$positional_parameter_base@_WV?$string_output_adapter@_W@__crt_stdio_output@@@2@@__crt_stdio_output@@AAEX_KI_N@Z 0041981a f i libucrt:output.obj
[...]
 0002:00009c50       ??_R3DNameNode@@8          00460c50     libvcruntime:undname.obj
 0002:00009c64       ??_R2DNameNode@@8          00460c64     libvcruntime:undname.obj
 0002:00009c6c       ??_R1A@?0A@EA@DNameNode@@8 00460c6c     libvcruntime:undname.obj
 0002:00009c90       ??_R4charNode@@6B@         00460c90     libvcruntime:undname.obj
 0002:00009ca8       ??_R3charNode@@8           00460ca8     libvcruntime:undname.obj
 0002:00009cbc       ??_R2charNode@@8           00460cbc     libvcruntime:undname.obj
 0002:00009cc8       ??_R1A@?0A@EA@charNode@@8  00460cc8     libvcruntime:undname.obj
 0002:00009cec       ??_R4pcharNode@@6B@        00460cec     libvcruntime:undname.obj
 0002:00009d04       ??_R3pcharNode@@8          00460d04     libvcruntime:undname.obj
 0002:00009d18       ??_R2pcharNode@@8          00460d18     libvcruntime:undname.obj
 0002:00009d24       ??_R1A@?0A@EA@pcharNode@@8 00460d24     libvcruntime:undname.obj
 0002:00009d48       ??_R4pDNameNode@@6B@       00460d48     libvcruntime:undname.obj
 0002:00009d60       ??_R3pDNameNode@@8         00460d60     libvcruntime:undname.obj
 0002:00009d74       ??_R2pDNameNode@@8         00460d74     libvcruntime:undname.obj
 0002:00009d80       ??_R1A@?0A@EA@pDNameNode@@8 00460d80     libvcruntime:undname.obj
 0002:00009da4       ??_R4DNameStatusNode@@6B@  00460da4     libvcruntime:undname.obj
 0002:00009dbc       ??_R3DNameStatusNode@@8    00460dbc     libvcruntime:undname.obj
 0002:00009dd0       ??_R2DNameStatusNode@@8    00460dd0     libvcruntime:undname.obj
 0002:00009ddc       ??_R1A@?0A@EA@DNameStatusNode@@8 00460ddc     libvcruntime:undname.obj
 0002:00009e00       ??_R4pairNode@@6B@         00460e00     libvcruntime:undname.obj
 0002:00009e18       ??_R3pairNode@@8           00460e18     libvcruntime:undname.obj
 0002:00009e2c       ??_R2pairNode@@8           00460e2c     libvcruntime:undname.obj
 0002:00009e38       ??_R1A@?0A@EA@pairNode@@8  00460e38     libvcruntime:undname.obj
 0002:00009e5c       ??_R4type_info@@6B@        00460e5c     LIBCMT:std_type_info_static.obj
 0002:00009e74       ??_R3type_info@@8          00460e74     LIBCMT:std_type_info_static.obj
 0002:00009e88       ??_R2type_info@@8          00460e88     LIBCMT:std_type_info_static.obj
 0002:00009e90       ??_R1A@?0A@EA@type_info@@8 00460e90     LIBCMT:std_type_info_static.obj
 0002:00009fd0       ___safe_se_handler_table   00460fd0     <linker-defined>
 0002:0000a268       ___rtc_iaa                 00461268     LIBCMT:_initsect_.obj
 0002:0000a36c       ___rtc_izz                 0046136c     LIBCMT:_initsect_.obj
 0002:0000a470       ___rtc_taa                 00461470     LIBCMT:_initsect_.obj
 0002:0000a574       ___rtc_tzz                 00461574     LIBCMT:_initsect_.obj
 0003:00000010       ___security_cookie_complement 00462010     LIBCMT:gs_cookie.obj
 0003:00000014       ___security_cookie         00462014     LIBCMT:gs_cookie.obj
 0003:0000001c       __fltused                  0046201c     LIBCMT:fltused.obj
 0003:00000020       ___scrt_native_dllmain_reason 00462020     LIBCMT:utility.obj
 0003:00000024       ___scrt_default_matherr    00462024     LIBCMT:matherr.obj
 0003:00000030       ___isa_enabled             00462030     LIBCMT:_cpu_disp_.obj
 0003:00000050       __NLG_Destination          00462050     libvcruntime:_exsup_.obj
 0003:00000068       ___abort_behavior          00462068     libucrt:abort.obj
 0003:00000078       __iob                      00462078     libucrt:_file.obj
 0003:00000148       ___acrt_initial_locale_data 00462148     libucrt:nlsdata.obj
 0003:00000224       ___acrt_initial_locale_pointers 00462224     libucrt:nlsdata.obj
 0003:00000230       ___acrt_wide_c_locale_string 00462230     libucrt:nlsdata.obj
 0003:00000234       ___mb_cur_max              00462234     libucrt:nlsdata.obj
 0003:00000238       ___badioinfo               00462238     libucrt:ioinit.obj
 0003:00000280       ___acrt_initial_multibyte_data 00462280     libucrt:mbctype.obj
 0003:000008a0       __pctype                   004628a0     libucrt:ctype.obj
 0003:000008a4       __pwctype                  004628a4     libucrt:ctype.obj
 0003:000008a8       ___acrt_lconv_c            004628a8     libucrt:localeconv.obj
 0003:00000908       ___acrt_lconv              00462908     libucrt:localeconv.obj
 0003:0000090c       ___acrt_lconv_static_decimal 0046290c     libucrt:localeconv.obj
 0003:00000910       ___acrt_lconv_static_W_decimal 00462910     libucrt:localeconv.obj
 0003:00000914       ___globallocalestatus      00462914     libucrt:glstatus.obj
 0003:00000920       __lookuptrailbytes         00462920     libucrt:read.obj
 0003:00000b9c       ??_R0?AVDNameNode@@@8      00462b9c     libvcruntime:undname.obj
 0003:00000bb8       ??_R0?AVcharNode@@@8       00462bb8     libvcruntime:undname.obj
 0003:00000bd4       ??_R0?AVpcharNode@@@8      00462bd4     libvcruntime:undname.obj
 0003:00000bf0       ??_R0?AVpDNameNode@@@8     00462bf0     libvcruntime:undname.obj
 0003:00000c10       ??_R0?AVDNameStatusNode@@@8 00462c10     libvcruntime:undname.obj
 0003:00000c34       ??_R0?AVpairNode@@@8       00462c34     libvcruntime:undname.obj
 0003:00000c50       ??_R0?AVtype_info@@@8      00462c50     LIBCMT:std_type_info_static.obj
 0003:00000d70       ?_OptionsStorage@?1??__local_stdio_printf_options@@9@4_KA 00462d70     win32_handmade.obj
 0003:000011ac       ___scrt_current_native_startup_state 004631ac     LIBCMT:utility.obj
 0003:000011b0       ___scrt_native_startup_lock 004631b0     LIBCMT:utility.obj
 0003:000011d8       ?__type_info_root_node@@3U__type_info_node@@A 004631d8     LIBCMT:tncleanup.obj
 0003:000011e8       ?_OptionsStorage@?1??__local_stdio_scanf_options@@9@4_KA 004631e8     LIBCMT:default_local_stdio_options.obj
 0003:000011f4       ___scrt_debugger_hook_flag 004631f4     LIBCMT:utility_desktop.obj
 0003:000011f8       ___isa_available           004631f8     LIBCMT:_cpu_disp_.obj
 0003:000011fc       ___favor                   004631fc     LIBCMT:_cpu_disp_.obj
 0003:00001298       ___pPurecall               00463298     libvcruntime:purevirt_data.obj
 0003:0000129c       ?pArgList@UnDecorator@@0PAVReplicator@@A 0046329c     libvcruntime:undname.obj
 0003:000012a0       ?pZNameList@UnDecorator@@0PAVReplicator@@A 004632a0     libvcruntime:undname.obj
 0003:000012a4       ?pTemplateArgList@UnDecorator@@0PAVReplicator@@A 004632a4     libvcruntime:undname.obj
 0003:000012a8       ?gName@UnDecorator@@0PBDB  004632a8     libvcruntime:undname.obj
 0003:000012ac       ?name@UnDecorator@@0PBDB   004632ac     libvcruntime:undname.obj
 0003:000012b0       ?outputString@UnDecorator@@0PADA 004632b0     libvcruntime:undname.obj
 0003:000012b4       ?maxStringLength@UnDecorator@@0HA 004632b4     libvcruntime:undname.obj
 0003:000012b8       ?disableFlags@UnDecorator@@0KA 004632b8     libvcruntime:undname.obj
 0003:000012bc       ?fExplicitTemplateParams@UnDecorator@@0_NA 004632bc     libvcruntime:undname.obj
 0003:000012bd       ?fGetTemplateArgumentList@UnDecorator@@0_NA 004632bd     libvcruntime:undname.obj
 0003:000012c0       ?m_pGetParameter@UnDecorator@@0P6APADJ@ZA 004632c0     libvcruntime:undname.obj
 0003:000012e4       ?nodes@?1??make@DNameStatusNode@@SAPAV2@W4DNameStatus@@@Z@4PAV2@A 004632e4     libvcruntime:undname.obj
 0003:00001320       ??_B?1??make@DNameStatusNode@@SAPAV1@W4DNameStatus@@@Z@51 00463320     libvcruntime:undname.obj
 0003:00001e44       __environ_table            00463e44     libucrt:environment_initialization.obj
 0003:00001e48       __wenviron_table           00463e48     libucrt:environment_initialization.obj
 0003:00001e50       ___dcrt_initial_wide_environment 00463e50     libucrt:environment_initialization.obj
 0003:00001e54       ___dcrt_initial_narrow_environment 00463e54     libucrt:environment_initialization.obj
 0003:00001e68       ?c_exit_complete@?1???R<lambda_6e4b09c48022b2350581041d5f6b0c4c>@@QBE@XZ@4_NA 00463e68     libucrt:exit.obj
 0003:00001e6c       ___acrt_locale_changed_data 00463e6c     libucrt:wsetlocale.obj
 0003:00001e74       __commode                  00463e74     libucrt:ncommode.obj
 0003:00001e78       ___acrt_atexit_table       00463e78     libucrt:onexit.obj
 0003:00001e88       ___acrt_at_quick_exit_table 00463e88     libucrt:onexit.obj
 0003:00001ea8       __nstream                  00463ea8     libucrt:_file.obj
 0003:00001eac       ___piob                    00463eac     libucrt:_file.obj
 0003:00001eb4       __cflush                   00463eb4     libucrt:_file.obj
 0003:00001ebc       ___acrt_stdout_buffer      00463ebc     libucrt:_sftbuf.obj
 0003:00001ec0       ___acrt_stderr_buffer      00463ec0     libucrt:_sftbuf.obj
 0003:00001ec4       ___acrt_current_locale_data 00463ec4     libucrt:nlsdata.obj
 0003:00001ec8       ___pioinfo                 00463ec8     libucrt:ioinit.obj
 0003:00002130       __nhandle                  00464130     libucrt:ioinit.obj
 0003:00002138       __mbctype                  00464138     libucrt:mbctype.obj
 0003:0000213c       __mbcasemap                0046413c     libucrt:mbctype.obj
 0003:00002140       ___acrt_current_multibyte_data 00464140     libucrt:mbctype.obj
 0003:0000214c       __pgmptr                   0046414c     libucrt:argv_data.obj
 0003:00002150       __wpgmptr                  00464150     libucrt:argv_data.obj
 0003:00002154       ___argc                    00464154     libucrt:argv_data.obj
 0003:00002158       ___argv                    00464158     libucrt:argv_data.obj
 0003:0000215c       ___wargv                   0046415c     libucrt:argv_data.obj
 0003:00002160       __acmdln                   00464160     libucrt:argv_data.obj
 0003:00002164       __wcmdln                   00464164     libucrt:argv_data.obj
 0003:0000230c       __fmode                    0046430c     libucrt:txtmode.obj
 0003:00002418       ___acrt_lconv_static_null  00464418     libucrt:localeconv.obj
 0003:0000241c       ___acrt_lconv_static_W_null 0046441c     libucrt:localeconv.obj
 0003:00002420       ___acrt_heap               00464420     libucrt:heap_handle.obj
 0003:00002470       ___fastflag                00464470     libucrt:fp_flags.obj
 0003:00002478       ___scrt_ucrt_dll_is_in_use 00464478     <common>
 0003:00002484       ___dyn_tls_dtor_callback   00464484     <common>
 0003:00002490       ___dyn_tls_init_callback   00464490     <common>
 0003:0000249c       __pDestructExceptionObject 0046449c     <common>
 0003:000024a8       __pmatherr                 004644a8     <common>
 0003:000024b4       ___use_sse2_mathfcns       004644b4     <common>
 0004:00000000       __imp__StretchDIBits@52    00465000     Gdi32:GDI32.dll
 0004:00000004       \177GDI32_NULL_THUNK_DATA  00465004     Gdi32:GDI32.dll
 0004:00000030       __imp__DecodePointer@4     00465030     kernel32:KERNEL32.dll
 0004:00000034       __imp__EncodePointer@4     00465034     kernel32:KERNEL32.dll
 0004:00000038       __imp__ReadConsoleW@20     00465038     kernel32:KERNEL32.dll
 0004:0000003c       __imp__GetConsoleMode@8    0046503c     kernel32:KERNEL32.dll
 0004:00000040       __imp__GetConsoleCP@0      00465040     kernel32:KERNEL32.dll
 0004:00000044       __imp__CreateFileW@28      00465044     kernel32:KERNEL32.dll
 0004:00000048       __imp__HeapReAlloc@16      00465048     kernel32:KERNEL32.dll
 0004:0000004c       __imp__HeapSize@12         0046504c     kernel32:KERNEL32.dll
 0004:00000050       __imp__SetFilePointerEx@20 00465050     kernel32:KERNEL32.dll
 0004:00000054       __imp__SetConsoleCtrlHandler@8 00465054     kernel32:KERNEL32.dll
 0004:00000058       __imp__GetProcessHeap@0    00465058     kernel32:KERNEL32.dll
 0004:0000005c       __imp__FlushFileBuffers@4  0046505c     kernel32:KERNEL32.dll
 0004:00000060       __imp__InitializeCriticalSectionAndSpinCount@8 00465060     kernel32:KERNEL32.dll
 0004:00000064       __imp__LCMapStringW@24     00465064     kernel32:KERNEL32.dll
 0004:00000068       __imp__CompareStringW@24   00465068     kernel32:KERNEL32.dll
 0004:0000006c       __imp__CreateFileA@28      0046506c     kernel32:KERNEL32.dll
 0004:00000070       __imp__GetFileSizeEx@8     00465070     kernel32:KERNEL32.dll
 0004:00000074       __imp__ReadFile@20         00465074     kernel32:KERNEL32.dll
 0004:00000078       __imp__WriteFile@20        00465078     kernel32:KERNEL32.dll
 0004:0000007c       __imp__OutputDebugStringA@4 0046507c     kernel32:KERNEL32.dll
 0004:00000080       __imp__CloseHandle@4       00465080     kernel32:KERNEL32.dll
 0004:00000084       __imp__QueryPerformanceCounter@4 00465084     kernel32:KERNEL32.dll
 0004:00000088       __imp__QueryPerformanceFrequency@4 00465088     kernel32:KERNEL32.dll
 0004:0000008c       __imp__Sleep@4             0046508c     kernel32:KERNEL32.dll
 0004:00000090       __imp__VirtualAlloc@16     00465090     kernel32:KERNEL32.dll
 0004:00000094       __imp__VirtualFree@12      00465094     kernel32:KERNEL32.dll
 0004:00000098       __imp__FreeLibrary@4       00465098     kernel32:KERNEL32.dll
 0004:0000009c       __imp__GetProcAddress@8    0046509c     kernel32:KERNEL32.dll
 0004:000000a0       __imp__LoadLibraryA@4      004650a0     kernel32:KERNEL32.dll
 0004:000000a4       __imp__CopyFileA@12        004650a4     kernel32:KERNEL32.dll
 0004:000000a8       __imp__UnhandledExceptionFilter@4 004650a8     kernel32:KERNEL32.dll
 0004:000000ac       __imp__SetUnhandledExceptionFilter@4 004650ac     kernel32:KERNEL32.dll
 0004:000000b0       __imp__GetCurrentProcess@0 004650b0     kernel32:KERNEL32.dll
 0004:000000b4       __imp__TerminateProcess@8  004650b4     kernel32:KERNEL32.dll
 0004:000000b8       __imp__IsProcessorFeaturePresent@4 004650b8     kernel32:KERNEL32.dll
 0004:000000bc       __imp__GetCurrentProcessId@0 004650bc     kernel32:KERNEL32.dll
 0004:000000c0       __imp__GetCurrentThreadId@0 004650c0     kernel32:KERNEL32.dll
 0004:000000c4       __imp__GetSystemTimeAsFileTime@4 004650c4     kernel32:KERNEL32.dll
 0004:000000c8       __imp__InitializeSListHead@4 004650c8     kernel32:KERNEL32.dll
 0004:000000cc       __imp__IsDebuggerPresent@0 004650cc     kernel32:KERNEL32.dll
 0004:000000d0       __imp__GetStartupInfoW@4   004650d0     kernel32:KERNEL32.dll
 0004:000000d4       __imp__GetModuleHandleW@4  004650d4     kernel32:KERNEL32.dll
 0004:000000d8       __imp__InterlockedPushEntrySList@8 004650d8     kernel32:KERNEL32.dll
 0004:000000dc       __imp__InterlockedFlushSList@4 004650dc     kernel32:KERNEL32.dll
 0004:000000e0       __imp__RtlUnwind@16        004650e0     kernel32:KERNEL32.dll
 0004:000000e4       __imp__GetLastError@0      004650e4     kernel32:KERNEL32.dll
 0004:000000e8       __imp__SetLastError@4      004650e8     kernel32:KERNEL32.dll
 0004:000000ec       __imp__EnterCriticalSection@4 004650ec     kernel32:KERNEL32.dll
 0004:000000f0       __imp__LeaveCriticalSection@4 004650f0     kernel32:KERNEL32.dll
 0004:000000f4       __imp__DeleteCriticalSection@4 004650f4     kernel32:KERNEL32.dll
 0004:000000f8       __imp__WriteConsoleW@20    004650f8     kernel32:KERNEL32.dll
 0004:000000fc       __imp__TlsAlloc@0          004650fc     kernel32:KERNEL32.dll
 0004:00000100       __imp__TlsGetValue@4       00465100     kernel32:KERNEL32.dll
 0004:00000104       __imp__TlsSetValue@8       00465104     kernel32:KERNEL32.dll
 0004:00000108       __imp__TlsFree@4           00465108     kernel32:KERNEL32.dll
 0004:0000010c       __imp__LoadLibraryExW@12   0046510c     kernel32:KERNEL32.dll
 0004:00000110       __imp__RaiseException@16   00465110     kernel32:KERNEL32.dll
 0004:00000114       __imp__GetStdHandle@4      00465114     kernel32:KERNEL32.dll
 0004:00000118       __imp__GetModuleFileNameW@12 00465118     kernel32:KERNEL32.dll
 0004:0000011c       __imp__ExitProcess@4       0046511c     kernel32:KERNEL32.dll
 0004:00000120       __imp__GetModuleHandleExW@12 00465120     kernel32:KERNEL32.dll
 0004:00000124       __imp__HeapFree@12         00465124     kernel32:KERNEL32.dll
 0004:00000128       __imp__HeapAlloc@12        00465128     kernel32:KERNEL32.dll
 0004:0000012c       __imp__GetCurrentThread@0  0046512c     kernel32:KERNEL32.dll
 0004:00000130       __imp__GetFileType@4       00465130     kernel32:KERNEL32.dll
 0004:00000134       __imp__OutputDebugStringW@4 00465134     kernel32:KERNEL32.dll
 0004:00000138       __imp__FindClose@4         00465138     kernel32:KERNEL32.dll
 0004:0000013c       __imp__FindFirstFileExW@24 0046513c     kernel32:KERNEL32.dll
 0004:00000140       __imp__FindNextFileW@8     00465140     kernel32:KERNEL32.dll
 0004:00000144       __imp__IsValidCodePage@4   00465144     kernel32:KERNEL32.dll
 0004:00000148       __imp__GetACP@0            00465148     kernel32:KERNEL32.dll
 0004:0000014c       __imp__GetOEMCP@0          0046514c     kernel32:KERNEL32.dll
 0004:00000150       __imp__GetCPInfo@8         00465150     kernel32:KERNEL32.dll
 0004:00000154       __imp__GetCommandLineA@0   00465154     kernel32:KERNEL32.dll
 0004:00000158       __imp__GetCommandLineW@0   00465158     kernel32:KERNEL32.dll
 0004:0000015c       __imp__MultiByteToWideChar@24 0046515c     kernel32:KERNEL32.dll
 0004:00000160       __imp__WideCharToMultiByte@32 00465160     kernel32:KERNEL32.dll
 0004:00000164       __imp__GetEnvironmentStringsW@0 00465164     kernel32:KERNEL32.dll
 0004:00000168       __imp__FreeEnvironmentStringsW@4 00465168     kernel32:KERNEL32.dll
 0004:0000016c       __imp__SetEnvironmentVariableW@8 0046516c     kernel32:KERNEL32.dll
 0004:00000170       __imp__SetStdHandle@8      00465170     kernel32:KERNEL32.dll
 0004:00000174       __imp__GetStringTypeW@16   00465174     kernel32:KERNEL32.dll
 0004:00000178       __imp__GetLocaleInfoW@16   00465178     kernel32:KERNEL32.dll
 0004:0000017c       __imp__IsValidLocale@8     0046517c     kernel32:KERNEL32.dll
 0004:00000180       __imp__GetUserDefaultLCID@0 00465180     kernel32:KERNEL32.dll
 0004:00000184       __imp__EnumSystemLocalesW@8 00465184     kernel32:KERNEL32.dll
 0004:00000188       __imp__GetDateFormatW@24   00465188     kernel32:KERNEL32.dll
 0004:0000018c       __imp__GetTimeFormatW@24   0046518c     kernel32:KERNEL32.dll
 0004:00000190       \177KERNEL32_NULL_THUNK_DATA 00465190     kernel32:KERNEL32.dll
 0004:00000200       __imp__GetDC@4             00465200     user32:USER32.dll
 0004:00000204       __imp__DispatchMessageA@4  00465204     user32:USER32.dll
 0004:00000208       __imp__GetClientRect@8     00465208     user32:USER32.dll
 0004:0000020c       __imp__EndPaint@8          0046520c     user32:USER32.dll
 0004:00000210       __imp__BeginPaint@8        00465210     user32:USER32.dll
 0004:00000214       __imp__ReleaseDC@8         00465214     user32:USER32.dll
 0004:00000218       __imp__TranslateMessage@4  00465218     user32:USER32.dll
 0004:0000021c       __imp__CreateWindowExA@48  0046521c     user32:USER32.dll
 0004:00000220       __imp__RegisterClassA@4    00465220     user32:USER32.dll
 0004:00000224       __imp__PostQuitMessage@4   00465224     user32:USER32.dll
 0004:00000228       __imp__DefWindowProcA@16   00465228     user32:USER32.dll
 0004:0000022c       __imp__PeekMessageA@20     0046522c     user32:USER32.dll
 0004:00000230       \177USER32_NULL_THUNK_DATA 00465230     user32:USER32.dll
 0004:00000264       __imp__timeBeginPeriod@4   00465264     winmm:WINMM.dll
 0004:00000268       \177WINMM_NULL_THUNK_DATA  00465268     winmm:WINMM.dll
 0004:00000294       __IMPORT_DESCRIPTOR_USER32 00465294     user32:USER32.dll
 0004:000002a8       __IMPORT_DESCRIPTOR_GDI32  004652a8     Gdi32:GDI32.dll
 0004:000002bc       __IMPORT_DESCRIPTOR_WINMM  004652bc     winmm:WINMM.dll
 0004:000002d0       __IMPORT_DESCRIPTOR_KERNEL32 004652d0     kernel32:KERNEL32.dll
 0004:000002e4       __NULL_IMPORT_DESCRIPTOR   004652e4     user32:USER32.dll
 0006:00000000       ___guard_check_icall_fptr  00467000     LIBCMT:guard_support.obj
